******************************************************************************
                  TI ARM Linker Unix v5.2.5                    
******************************************************************************
>> Linked Tue Mar 28 17:56:09 2017

OUTPUT FILE NAME:   <subscribe_publish_sample.out>
ENTRY POINT SYMBOL: "_c_int00"  address: 20017d2d


MEMORY CONFIGURATION

         name            origin    length      used     unused   attr    fill
----------------------  --------  ---------  --------  --------  ----  --------
  SRAM                  20004000   0003c000  000256a4  0001695c  RW X


SEGMENT ALLOCATION MAP

run origin  load origin   length   init length attrs members
----------  ----------- ---------- ----------- ----- -------
20004000    20004000    00017bfa   00017bfa    r-x
  20004000    20004000    0000030c   0000030c    r-- .resetVecs
  20004310    20004310    000178ea   000178ea    r-x .text
2001bc00    2001bc00    0000b293   00000000    rw-
  2001bc00    2001bc00    0000b293   00000000    rw- .bss
20026e94    20026e94    000013f3   000013f3    r--
  20026e94    20026e94    000013f3   000013f3    r-- .const
20028288    20028288    00000ed0   00000000    rw-
  20028288    20028288    00000ad0   00000000    rw- .data
  20028d58    20028d58    00000400   00000000    rw- .stack
20029158    20029158    00000558   00000558    r--
  20029158    20029158    00000558   00000558    r-- .cinit


SECTION ALLOCATION MAP

 output                                  attributes/
section   page    origin      length       input sections
--------  ----  ----------  ----------   ----------------
.text      0    20004310    000178ea     
                  20004310    000010a6     rtsv7M4_T_le_eabi.lib : _printfi.obj (.text)
                  200053b6    00000002     drivers_cc32xxware.aem4 : SPICC3200DMA.oem4 (.text:SPICC3200DMA_serviceISR)
                  200053b8    0000106c     subscribe_publish_sample.o (.text:runAWSClient)
                  20006424    00000940     subscribe_publish_sample.o (.text:dexterpicontroller)
                  20006d64    000005f8     ota.a : OtaHttp.obj (.text)
                  2000735c    0000045c     subscribe_publish_sample.o (.text:dynamic_power_1)
                  200077b8    00000430     sysbios.aem4 : BIOS.obj (.text:ti_sysbios_family_arm_m3_Hwi_excDumpRegs__I)
                  20007be8    0000042c     ota.a : OtaClient.obj (.text)
                  20008014    000003fc           : OtaApp.obj (.text)
                  20008410    000003d0     sntp_sl.aem4 : sntp.oem4 (.text:syncTime)
                  200087e0    0000039a     cc3x00_host_driver.aem4 : driver.oem4 (.text:_SlDrvMsgRead)
                  20008b7a    00000002     drivers_cc32xxware.aem4 : SPICC3200DMA.oem4 (.text:SPICC3200DMA_transferCancel)
                  20008b7c    00000388     sntp_sl.aem4 : sntp.oem4 (.text:SNTP_start)
                  20008f04    0000035c     ota.a : CdnClient.obj (.text)
                  20009260    0000034c     ti.targets.arm.rtsarm.aem4 : System.oem4 (.text:xdc_runtime_System_doPrint__I)
                  200095ac    00000334     ota.a : LogClient.obj (.text)
                  200098e0    0000030c     rtsv7M4_T_le_eabi.lib : lowlev.obj (.text)
                  20009bec    000002d8     aws_iot_sl.aem4 : jsmn.o (.text:jsmn_parse)
                  20009ec4    000002d4     rtsv7M4_T_le_eabi.lib : trgdrv.obj (.text)
                  2000a198    000002c0     subscribe_publish_sample.o (.text:ParseJSONData)
                  2000a458    000002b8     subscribe_publish_sample.o (.text:vinayudp)
                  2000a710    000002a8     rtsv7M4_T_le_eabi.lib : mktime.obj (.text)
                  2000a9b8    00000298     subscribe_publish_sample.o (.text:HTTPPostMethod)
                  2000ac50    00000298     subscribe_publish_sample.o (.text:HTTPPostMethodon)
                  2000aee8    00000298     rtsv7M4_T_le_eabi.lib : vla_alloc.obj (.text)
                  2000b180    00000208     drivers_cc32xxware.aem4 : UARTCC3200.oem4 (.text:UARTCC3200_open)
                  2000b388    00000204     main.o (.text:slTask)
                  2000b58c    00000004     tirtosport.aem4 : ClockP_tirtos.oem4 (.text:ClockP_getCpuFreq)
                  2000b590    000001fc     sysbios.aem4 : BIOS.obj (.text:ti_sysbios_family_arm_m3_Hwi_excHandlerMax__I)
                  2000b78c    000001f4     rtsv7M4_T_le_eabi.lib : ull_div_t2.obj (.text)
                  2000b980    000001f0     aws_iot_sl.aem4 : aws_iot_mqtt_client_connect.o (.text:_aws_iot_mqtt_serialize_connect)
                  2000bb70    000001ce                     : aws_iot_mqtt_client_common_internal.o (.text:aws_iot_mqtt_internal_init_header)
                  2000bd3e    00000002     rtsv7M4_T_le_eabi.lib : i_div0.obj (.text)
                  2000bd40    000001c4                           : fopen.obj (.text)
                  2000bf04    000001b6                           : fd_add_t2.obj (.text)
                  2000c0ba    00000002     subscribe_publish_sample_pem4.oem4 (.text:ti_sysbios_BIOS_nullFunc__I)
                  2000c0bc    000001a8     cc3x00_host_driver.aem4 : wlan.oem4 (.text:sl_WlanConnect)
                  2000c264    00000198     subscribe_publish_sample.o (.text:bufferedRecv)
                  2000c3fc    00000190     subscribe_publish_sample.o (.text:readResponse)
                  2000c58c    00000188     power_cc3200_tirtos.aem4 : PowerCC3200_tirtos.oem4 (.text:PowerCC3200_sleepPolicy)
                  2000c714    00000184     flc.a : flc.obj (.text)
                  2000c898    0000017c     drivers_cc32xxware.aem4 : GPIOCC3200.oem4 (.text:GPIO_setConfig)
                  2000ca14    00000176     aws_iot_sl.aem4 : jsmn.o (.text:jsmn_parse_string)
                  2000cb8a    00000174     subscribe_publish_sample.o (.text:HTTPCli_getResponseField)
                  2000ccfe    00000002     subscribe_publish_sample_pem4.oem4 (.text:xdc_runtime_Startup_reset__I)
                  2000cd00    00000174     sysbios.aem4 : BIOS.obj (.text:ti_sysbios_family_arm_m3_Hwi_excBusFault__I)
                  2000ce74    00000164     subscribe_publish_sample.o (.text:OTAServerInfoSet)
                  2000cfd8    00000164     sysbios.aem4 : BIOS.obj (.text:ti_sysbios_family_arm_m3_Hwi_excUsageFault__I)
                  2000d13c    0000015c     subscribe_publish_sample.o (.text:disconnectCallbackHandler)
                  2000d298    00000158     sysbios.aem4 : BIOS.obj (.text:ti_sysbios_knl_Semaphore_pend__E)
                  2000d3f0    00000154     drivers_cc32xxware.aem4 : SPICC3200DMA.oem4 (.text:SPICC3200DMA_transfer)
                  2000d544    00000154     aws_iot_sl.aem4 : aws_iot_mqtt_client_common_internal.o (.text:_aws_iot_mqtt_internal_read_packet)
                  2000d698    00000150     subscribe_publish_sample.o (.text:HTTPCli_connect)
                  2000d7e8    00000150     cc3x00_host_driver.aem4 : driver.oem4 (.text:_SlDrvRxHdrRead)
                  2000d938    00000150     aws_iot_sl.aem4 : aws_iot_mqtt_client.o (.text:aws_iot_mqtt_init)
                  2000da88    00000150     sysbios.aem4 : BIOS.obj (.text:ti_sysbios_knl_Event_pend__E)
                  2000dbd8    00000148                  : BIOS.obj (.text:ti_sysbios_family_arm_m3_Hwi_excMemFault__I)
                  2000dd20    00000140     aws_iot_sl.aem4 : aws_iot_mqtt_client_subscribe.o (.text:_aws_iot_mqtt_internal_subscribe)
                  2000de60    0000013c     netwifi.o (.text:setStationMode)
                  2000df9c    00000136     rtsv7M4_T_le_eabi.lib : fd_div_t2.obj (.text)
                  2000e0d2    00000002     ti.targets.arm.rtsarm.aem4 : SysCallback.oem4 (.text:xdc_runtime_SysCallback_defaultExit)
                  2000e0d4    00000134     driverlib.a : prcm.obj (.text:PRCMCC3200MCUInit)
                  2000e208    00000134     rom_pin_mux_config.o (.text:PinMuxConfig)
                  2000e33c    00000134     rtsv7M4_T_le_eabi.lib : fputs.obj (.text)
                  2000e470    00000130     aws_iot_sl.aem4 : aws_iot_mqtt_client_connect.o (.text:_aws_iot_mqtt_deserialize_connack)
                  2000e5a0    00000130     subscribe_publish_sample.o (.text:getChunkedData)
                  2000e6d0    0000012c     subscribe_publish_sample.o (.text:philipsconfig)
                  2000e7fc    0000012a     aws_iot_sl.aem4 : network_sl.o (.text:iot_tls_connect)
                  2000e926    00000002     ti.targets.arm.rtsarm.aem4 : SysCallback.oem4 (.text:xdc_runtime_SysCallback_defaultFlush)
                  2000e928    00000124     drivers_cc32xxware.aem4 : SPICC3200DMA.oem4 (.text:SPICC3200DMA_open)
                  2000ea4c    00000120     aws_iot_sl.aem4 : aws_iot_mqtt_client_connect.o (.text:_aws_iot_mqtt_internal_connect)
                  2000eb6c    0000011c     netwifi.o (.text:NetWiFi_init)
                  2000ec88    00000118     cc3x00_host_driver.aem4 : driver.oem4 (.text:_SlDrvMsgWrite)
                  2000eda0    00000118     ti.targets.arm.rtsarm.aem4 : Error.oem4 (.text:xdc_runtime_Error_policyDefault__E)
                  2000eeb8    00000114     rtsv7M4_T_le_eabi.lib : strtoul.obj (.text)
                  2000efcc    00000110     subscribe_publish_sample.o (.text:power)
                  2000f0dc    00000110     rtsv7M4_T_le_eabi.lib : xdscale.obj (.text)
                  2000f1ec    0000010e     aws_iot_sl.aem4 : aws_iot_mqtt_client_subscribe.o (.text:_aws_iot_mqtt_internal_resubscribe)
                  2000f2fa    00000002     --HOLE-- [fill = 0]
                  2000f2fc    00000104     subscribe_publish_sample.o (.text:HTTPPutMethodon)
                  2000f400    00000100     aws_iot_sl.aem4 : aws_iot_mqtt_client_subscribe.o (.text:_aws_iot_mqtt_serialize_subscribe)
                  2000f500    00000100                     : aws_iot_mqtt_client_publish.o (.text:aws_iot_mqtt_internal_deserialize_publish)
                  2000f600    00000100     ti.targets.arm.rtsarm.aem4 : Core-mem.oem4 (.text:xdc_runtime_Core_createObject__I)
                  2000f700    000000fc     subscribe_publish_sample.o (.text:HTTPPutMethod)
                  2000f7fc    000000fc     rtsv7M4_T_le_eabi.lib : fd_mul_t2.obj (.text)
                  2000f8f8    000000f8     ti.targets.arm.rtsarm.aem4 : Startup.oem4 (.text:xdc_runtime_Startup_startMods__I)
                  2000f9f0    000000f8     subscribe_publish_sample_pem4.oem4 (.text:xdc_runtime_System_printfExtend__I)
                  2000fae8    000000f0     driverlib.a : udma.obj (.text:uDMAChannelTransferSet)
                  2000fbd8    000000ec     cc3x00_host_driver.aem4 : driver.oem4 (.text:_SlDrvDriverCBInit)
                  2000fcc4    000000ec     aws_iot_sl.aem4 : aws_iot_mqtt_client_subscribe.o (.text:_aws_iot_mqtt_deserialize_suback)
                  2000fdb0    000000ea                     : aws_iot_mqtt_client_common_internal.o (.text:_aws_iot_mqtt_internal_deliver_message)
                  2000fe9a    000000ea                     : aws_iot_mqtt_client_publish.o (.text:_aws_iot_mqtt_internal_publish)
                  2000ff84    000000e4     subscribe_publish_sample.o (.text:HTTPCli_sendRequest)
                  20010068    000000e0     cc3x00_host_driver.aem4 : driver.oem4 (.text:_SlDrvDataReadOp)
                  20010148    000000e0     aws_iot_sl.aem4 : aws_iot_mqtt_client_publish.o (.text:_aws_iot_mqtt_internal_serialize_publish)
                  20010228    000000dc     network_sl.aem4 : tls_sl.oem4 (.text:TLS_create)
                  20010304    000000dc     aws_iot_sl.aem4 : aws_iot_mqtt_client_yield.o (.text:_aws_iot_mqtt_internal_yield)
                  200103e0    000000dc     rtsv7M4_T_le_eabi.lib : setvbuf.obj (.text)
                  200104bc    000000d8     drivers_cc32xxware.aem4 : SPICC3200DMA.oem4 (.text:configDMA)
                  20010594    000000d4     cc3x00_host_driver.aem4 : socket.oem4 (.text:sl_Select)
                  20010668    000000d4     sysbios.aem4 : BIOS.obj (.text:ti_sysbios_knl_Mailbox_Instance_init__E)
                  2001073c    000000d0     cc3x00_host_driver.aem4 : driver.oem4 (.text:_SlDrvWaitForPoolObj)
                  2001080c    000000d0     aws_iot_sl.aem4 : jsmn.o (.text:jsmn_parse_primitive)
                  200108dc    000000d0     drivers_cc32xxware.aem4 : GPIOCC3200.oem4 (.text:powerNotifyFxn)
                  200109ac    000000d0     sysbios.aem4 : m3_Hwi_asm.obj (.text:ti_sysbios_family_arm_m3_Hwi_dispatch__I)
                  20010a7c    00000004     tirtosport.aem4 : HwiP_tirtos.oem4 (.text:HwiP_clearInterrupt)
                  20010a80    000000cc     sysbios.aem4 : BIOS.obj (.text:ti_sysbios_heaps_HeapMem_alloc__E)
                  20010b4c    00000004     tirtosport.aem4 : HwiP_tirtos.oem4 (.text:HwiP_disable)
                  20010b50    000000cc     sysbios.aem4 : BIOS.obj (.text:ti_sysbios_knl_Task_Instance_init__E)
                  20010c1c    000000cc     ti.targets.arm.rtsarm.aem4 : Core-smem.oem4 (.text:xdc_runtime_Core_constructObject__I)
                  20010ce8    000000c8     cc3x00_host_driver.aem4 : driver.oem4 (.text:_SlDrvReleasePoolObj)
                  20010db0    000000c8     aws_iot_sl.aem4 : aws_iot_mqtt_client_common_internal.o (.text:_aws_iot_mqtt_internal_handle_publish)
                  20010e78    000000c8     UARTUtils.o (.text:openHandle)
                  20010f40    000000c8     rtsv7M4_T_le_eabi.lib : fflush.obj (.text)
                  20011008    000000c8     startsntp.o (.text:startNTP)
                  200110d0    000000c4     cc3x00_host_driver.aem4 : socket.oem4 (.text:sl_RecvFrom)
                  20011194    000000c2     aws_iot_sl.aem4 : aws_iot_mqtt_client_common_internal.o (.text:_aws_iot_mqtt_internal_is_topic_matched)
                  20011256    000000c0     network_sl.aem4 : ssock_sl.oem4 (.text:Ssock_startTLS)
                  20011316    00000002     --HOLE-- [fill = 0]
                  20011318    000000c0     aws_iot_sl.aem4 : aws_iot_mqtt_client_publish.o (.text:aws_iot_mqtt_internal_deserialize_ack)
                  200113d8    000000c0                     : aws_iot_mqtt_client.o (.text:aws_iot_mqtt_set_connect_params)
                  20011498    000000c0     sysbios.aem4 : BIOS.obj (.text:ti_sysbios_knl_Task_sleep__E)
                  20011558    000000be     rtsv7M4_T_le_eabi.lib : xdnorm.obj (.text)
                  20011616    00000002     --HOLE-- [fill = 0]
                  20011618    000000bc     network_sl.aem4 : tls_sl.oem4 (.text:createTLSContext)
                  200116d4    000000bc     cc3x00_host_driver.aem4 : socket.oem4 (.text:sl_SendTo)
                  20011790    000000bc     sysbios.aem4 : BIOS.obj (.text:ti_sysbios_family_arm_m3_Hwi_excDebugMon__I)
                  2001184c    00000004     drivers_cc32xxware.aem4 : List.oem4 (.text:List_head)
                  20011850    000000bc     sysbios.aem4 : BIOS.obj (.text:ti_sysbios_family_arm_m3_Hwi_excHardFault__I)
                  2001190c    00000004     drivers_cc32xxware.aem4 : List.oem4 (.text:List_next)
                  20011910    000000bc     sysbios.aem4 : BIOS.obj (.text:ti_sysbios_knl_Task_Instance_finalize__E)
                  200119cc    000000b8     aws_iot_sl.aem4 : aws_iot_mqtt_client.o (.text:aws_iot_mqtt_is_client_connected)
                  20011a84    000000b8     subscribe_publish_sample.o (.text:readLine)
                  20011b3c    000000b8     cc3x00_host_driver.aem4 : netapp.oem4 (.text:sl_NetAppDnsGetHostByName)
                  20011bf4    000000b8     subscribe_publish_sample.o (.text:updateota)
                  20011cac    000000b6     network_sl.aem4 : ssock.oem4 (.text:Ssock_send)
                  20011d62    000000b6     aws_iot_sl.aem4 : aws_iot_mqtt_client_subscribe.o (.text:aws_iot_mqtt_subscribe)
                  20011e18    000000b4     cc3x00_host_driver.aem4 : netapp.oem4 (.text:_SlDrvNetAppEventHandler)
                  20011ecc    000000b4     aws_iot_sl.aem4 : aws_iot_mqtt_client_yield.o (.text:_aws_iot_mqtt_keep_alive)
                  20011f80    000000b4     sysbios.aem4 : BIOS.obj (.text:ti_sysbios_knl_Task_checkStacks__E)
                  20012034    000000b0     aws_iot_sl.aem4 : aws_iot_mqtt_client_publish.o (.text:aws_iot_mqtt_publish)
                  200120e4    000000b0     cc3x00_host_driver.aem4 : socket.oem4 (.text:sl_Connect)
                  20012194    000000ae     aws_iot_sl.aem4 : aws_iot_mqtt_client_yield.o (.text:aws_iot_mqtt_yield)
                  20012242    00000002     --HOLE-- [fill = 0]
                  20012244    000000ac     cc3x00_host_driver.aem4 : driver.oem4 (.text:_SlDrvDataWriteOp)
                  200122f0    000000ac     rtsv7M4_T_le_eabi.lib : _io_perm.obj (.text)
                  2001239c    000000aa     network_sl.aem4 : certconv.oem4 (.text:CertConv_pem2der)
                  20012446    000000a6     aws_iot_sl.aem4 : network_sl.o (.text:iot_tls_read)
                  200124ec    000000a4                     : aws_iot_mqtt_client_publish.o (.text:aws_iot_mqtt_internal_serialize_ack)
                  20012590    000000a4     rtsv7M4_T_le_eabi.lib : asctime.obj (.text)
                  20012634    000000a4     cc3x00_host_driver.aem4 : socket.oem4 (.text:sl_Send)
                  200126d8    000000a2     drivers_cc32xxware.aem4 : UARTCC3200.oem4 (.text:UARTCC3200_write)
                  2001277a    00000002     --HOLE-- [fill = 0]
                  2001277c    000000a0     subscribe_publish_sample.o (.text:FlushHTTPResponse)
                  2001281c    000000a0     driverlib.a : spi.obj (.text:SPIConfigSetExpClk)
                  200128bc    000000a0     auto_init.aem4 : auto_init.oem4 (.text)
                  2001295c    000000a0     ti.targets.arm.rtsarm.aem4 : Text.oem4 (.text:xdc_runtime_Text_putMod__E)
                  200129fc    0000009e     drivers_cc32xxware.aem4 : UARTCC3200.oem4 (.text:readTaskBlocking)
                  20012a9a    00000002     --HOLE-- [fill = 0]
                  20012a9c    0000009c     aws_iot_sl.aem4 : timer.o (.text:countdown_ms)
                  20012b38    0000009c     rtsv7M4_T_le_eabi.lib : memcpy_t2.obj (.text)
                  20012bd4    00000004     network_sl.aem4 : ssock.oem4 (.text:Ssock_getSocket)
                  20012bd8    0000009c     sysbios.aem4 : BIOS.obj (.text:ti_sysbios_knl_Task_postInit__I)
                  20012c74    0000009a     ti.targets.arm.rtsarm.aem4 : Text.oem4 (.text:xdc_runtime_Text_putSite__E)
                  20012d0e    00000098     drivers_cc32xxware.aem4 : UARTCC3200.oem4 (.text:UARTCC3200_control)
                  20012da6    00000098                             : UARTCC3200.oem4 (.text:UARTCC3200_readPolling)
                  20012e3e    00000002     --HOLE-- [fill = 0]
                  20012e40    00000098     cc3x00_host_driver.aem4 : driver.oem4 (.text:_SlDrvMsgReadCmdCtx)
                  20012ed8    00000098     aws_iot_sl.aem4 : aws_iot_mqtt_client_common_internal.o (.text:aws_iot_mqtt_internal_cycle_read)
                  20012f70    00000098     subscribe_publish_sample.o (.text:getStatus)
                  20013008    00000098     rtsv7M4_T_le_eabi.lib : fclose.obj (.text)
                  200130a0    00000098                           : fputc.obj (.text)
                  20013138    00000098     cc3x00_host_driver.aem4 : device.oem4 (.text:sl_Stop)
                  200131d0    00000098     subscribe_publish_sample.o (.text:xassert)
                  20013268    00000096     aws_iot_sl.aem4 : aws_iot_mqtt_client_yield.o (.text:_aws_iot_mqtt_handle_reconnect)
                  200132fe    00000002     --HOLE-- [fill = 0]
                  20013300    00000094     subscribe_publish_sample.o (.text:HTTPGetMethod)
                  20013394    00000094     driverlib.a : prcm.obj (.text:PRCMPeripheralClockGet)
                  20013428    00000094     cc3x00_host_driver.aem4 : driver.oem4 (.text:_SlFindAndSetActiveObj)
                  200134bc    00000094     aws_iot_sl.aem4 : timer.o (.text:countdown_sec)
                  20013550    00000094     drivers_cc32xxware.aem4 : SPICC3200DMA.oem4 (.text:initHw)
                  200135e4    00000094     subscribe_publish_sample.o (.text:philiphsidread)
                  20013678    00000094     sysbios.aem4 : BIOS.obj (.text:ti_sysbios_family_arm_m3_Hwi_Instance_init__E)
                  2001370c    00000092     rtsv7M4_T_le_eabi.lib : fs_div_t2.obj (.text)
                  2001379e    00000002     --HOLE-- [fill = 0]
                  200137a0    00000090     cc3x00_host_driver.aem4 : driver.oem4 (.text:_SlDrvDriverCBDeinit)
                  20013830    00000090     drivers_cc32xxware.aem4 : PowerCC3200.oem4 (.text:restoreNVICRegs)
                  200138c0    00000090     cc3x00_host_driver.aem4 : device.oem4 (.text:sl_Start)
                  20013950    0000008e     subscribe_publish_sample.o (.text:flashFiledevice)
                  200139de    0000008c     subscribe_publish_sample.o (.text:HTTPCli_readResponseBody)
                  20013a6a    00000002     --HOLE-- [fill = 0]
                  20013a6c    0000008c     UARTUtils.o (.text:UARTUtils_systemInit)
                  20013af8    0000008c     aws_iot_sl.aem4 : aws_iot_mqtt_client_connect.o (.text:_aws_iot_mqtt_internal_disconnect)
                  20013b84    00000004     drivers_wifi_cc32xxware.aem4 : osi_tirtos.oem4 (.text:mem_Malloc)
                  20013b88    0000008c     sysbios.aem4 : BIOS.obj (.text:ti_sysbios_knl_Event_post__E)
                  20013c14    0000008a     aws_iot_sl.aem4 : aws_iot_mqtt_client_common_internal.o (.text:aws_iot_mqtt_internal_send_packet)
                  20013c9e    0000008a     drivers_cc32xxware.aem4 : UARTCC3200.oem4 (.text:readIsrTextBlocking)
                  20013d28    00000088     driverlib.a : prcm.obj (.text:PRCMHibernateIntervalSet)
                  20013db0    00000088                 : pin.obj (.text:PinConfigSet)
                  20013e38    00000088     drivers_cc32xxware.aem4 : UARTCC3200.oem4 (.text:UARTCC3200_close)
                  20013ec0    00000088     aws_iot_sl.aem4 : aws_iot_mqtt_client_common_internal.o (.text:aws_iot_mqtt_internal_wait_for_read)
                  20013f48    00000088     subscribe_publish_sample.o (.text:deviceidread)
                  20013fd0    00000088     cc3x00_host_driver.aem4 : fs.oem4 (.text:sl_FsRead)
                  20014058    00000088                             : fs.oem4 (.text:sl_FsWrite)
                  200140e0    00000088     drivers_cc32xxware.aem4 : SPICC3200DMA.oem4 (.text:spiHwiFxn)
                  20014168    00000088     sysbios.aem4 : BIOS.obj (.text:ti_sysbios_family_arm_m3_Hwi_initNVIC__E)
                  200141f0    00000088                  : BIOS.obj (.text:ti_sysbios_knl_Mailbox_post__E)
                  20014278    00000086     rtsv7M4_T_le_eabi.lib : fd_cmp_t2.obj (.text:__aeabi_cdcmple)
                  200142fe    00000086                           : fd_cmp_t2.obj (.text:__aeabi_cdrcmple)
                  20014384    00000084     drivers_cc32xxware.aem4 : GPIOCC3200.oem4 (.text:GPIO_init)
                  20014408    00000084     aws_iot_sl.aem4 : aws_iot_mqtt_client_connect.o (.text:aws_iot_mqtt_connect)
                  2001448c    00000084                     : aws_iot_mqtt_client_common_internal.o (.text:aws_iot_mqtt_internal_serialize_zero)
                  20014510    00000084                     : network_sl.o (.text:iot_tls_init)
                  20014594    00000084     drivers_cc32xxware.aem4 : PowerCC3200.oem4 (.text:saveNVICRegs)
                  20014618    00000084     sysbios.aem4 : BIOS.obj (.text:ti_sysbios_family_arm_m3_Hwi_postInit__I)
                  2001469c    00000082     driverlib.a : gpio.obj (.text:GPIOIntTypeSet)
                  2001471e    00000082     drivers_cc32xxware.aem4 : UARTCC3200.oem4 (.text:readIsrTextCallback)
                  200147a0    00000080     drivers_wifi_cc32xxware.aem4 : WiFiCC3200.oem4 (.text:WiFiCC3200_open)
                  20014820    00000080     aws_iot_sl.aem4 : aws_iot_mqtt_client_connect.o (.text:_aws_iot_mqtt_is_client_state_valid_for_connect)
                  200148a0    0000007c     driverlib.a : spi.obj (.text:SPIIntStatus)
                  2001491c    0000007c     aws_iot_sl.aem4 : aws_iot_mqtt_client_common_internal.o (.text:_aws_iot_mqtt_internal_decode_packet_remaining_len)
                  20014998    0000007c     subscribe_publish_sample.o (.text:checkContentField)
                  20014a14    0000007c     cc3x00_host_driver.aem4 : netcfg.oem4 (.text:sl_NetCfgGet)
                  20014a90    0000007c     sysbios.aem4 : BIOS.obj (.text:ti_sysbios_heaps_HeapMem_free__E)
                  20014b0c    0000007a     drivers_cc32xxware.aem4 : UARTCC3200.oem4 (.text:readTaskCallback)
                  20014b86    0000007a     rtsv7M4_T_le_eabi.lib : fs_mul_t2.obj (.text)
                  20014c00    0000007a                           : memset_t2.obj (.text)
                  20014c7a    00000002     --HOLE-- [fill = 0]
                  20014c7c    00000078     drivers_wifi_cc32xxware.aem4 : osi_tirtos.oem4 (.text:VStartSimpleLinkSpawnTask)
                  20014cf4    00000078     aws_iot_sl.aem4 : aws_iot_mqtt_client_subscribe.o (.text:aws_iot_mqtt_resubscribe)
                  20014d6c    00000078     main.o (.text:main)
                  20014de4    00000076     driverlib.a : uart.obj (.text:UARTConfigSetExpClk)
                  20014e5a    00000002     --HOLE-- [fill = 0]
                  20014e5c    00000074     cc3x00_host_driver.aem4 : driver.oem4 (.text:_SlDrvClassifyRxMsg)
                  20014ed0    00000074     netwifi.o (.text:smartConfigFxn)
                  20014f44    00000074     subscribe_publish_sample.o (.text:sprsend)
                  20014fb8    00000074     sysbios.aem4 : BIOS.obj (.text:ti_sysbios_knl_Mailbox_pend__E)
                  2001502c    00000071     network_sl.aem4 : tls_sl.oem4 (.text:getDirPath)
                  2001509d    00000003     --HOLE-- [fill = 0]
                  200150a0    00000070     drivers_cc32xxware.aem4 : PowerCC3200.oem4 (.text:Power_sleep)
                  20015110    00000070     cc3x00_host_driver.aem4 : driver.oem4 (.text:_SlDrvCmdOp)
                  20015180    00000070     rtsv7M4_T_le_eabi.lib : printf.obj (.text)
                  200151f0    00000070     cc3x00_host_driver.aem4 : fs.oem4 (.text:sl_FsClose)
                  20015260    00000070                             : wlan.oem4 (.text:sl_WlanSmartConfigStart)
                  200152d0    00000070     sysbios.aem4 : BIOS.obj (.text:ti_sysbios_knl_Mailbox_Instance_finalize__E)
                  20015340    00000070                  : BIOS.obj (.text:ti_sysbios_knl_Semaphore_post__E)
                  200153b0    0000006d     ti.targets.arm.rtsarm.aem4 : System.oem4 (.text:xdc_runtime_System_formatNum__I)
                  2001541d    00000003     --HOLE-- [fill = 0]
                  20015420    0000006c     subscribe_publish_sample.o (.text:ConnectToHTTPServer)
                  2001548c    0000006c     cc3x00_host_driver.aem4 : driver.oem4 (.text:_SlDrvMsgReadSpawnCtx)
                  200154f8    0000006c     drivers_cc32xxware.aem4 : UARTCC3200.oem4 (.text:initHw)
                  20015564    0000006c     rtsv7M4_T_le_eabi.lib : fprintf.obj (.text)
                  200155d0    0000006c     sysbios.aem4 : BIOS.obj (.text:ti_sysbios_family_arm_cc32xx_Seconds_getCount__I)
                  2001563c    00000004     rtsv7M4_T_le_eabi.lib : error.obj (.text)
                  20015640    0000006c     sysbios.aem4 : BIOS.obj (.text:ti_sysbios_knl_Clock_workFunc__E)
                  200156ac    00000004     subscribe_publish_sample_pem4.oem4 (.text:ti_sysbios_BIOS_RtsGateProxy_enter__E)
                  200156b0    0000006c     sysbios.aem4 : BIOS.obj (.text:ti_sysbios_knl_Swi_restoreHwi__E)
                  2001571c    00000004     subscribe_publish_sample_pem4.oem4 (.text:ti_sysbios_BIOS_RtsGateProxy_leave__E)
                  20015720    0000006c     sysbios.aem4 : BIOS.obj (.text:ti_sysbios_knl_Task_exit__E)
                  2001578c    0000006c     ti.targets.arm.rtsarm.aem4 : Error.oem4 (.text:xdc_runtime_Error_print__E)
                  200157f8    0000006c                                : Memory.oem4 (.text:xdc_runtime_Memory_alloc__E)
                  20015864    0000006a     rtsv7M4_T_le_eabi.lib : copy_decompress_rle.obj (.text)
                  200158ce    0000006a     sntp_sl.aem4 : sntp.oem4 (.text:socketSetup)
                  20015938    00000068     driverlib.a : prcm.obj (.text:PRCMHibernateWakeUpGPIOSelect)
                  200159a0    00000068     cc3x00_host_driver.aem4 : fs.oem4 (.text:_sl_GetCreateFsMode)
                  20015a08    00000068     aws_iot_sl.aem4 : aws_iot_mqtt_client_connect.o (.text:aws_iot_mqtt_disconnect)
                  20015a70    00000068     rtsv7M4_T_le_eabi.lib : trgmsg.obj (.text)
                  20015ad8    00000068     drivers_wifi_cc32xxware.aem4 : WiFiCC3200.oem4 (.text:spi_Read)
                  20015b40    00000068                                  : WiFiCC3200.oem4 (.text:spi_Write)
                  20015ba8    00000068     drivers_cc32xxware.aem4 : UARTCC3200.oem4 (.text:writeData)
                  20015c10    00000067     subscribe_publish_sample.o (.text:HTTPCli_sendField)
                  20015c77    00000001     --HOLE-- [fill = 0]
                  20015c78    00000066     rtsv7M4_T_le_eabi.lib : xdunscal.obj (.text)
                  20015cde    00000066     ti.targets.arm.rtsarm.aem4 : Core-mem.oem4 (.text:xdc_runtime_Core_deleteObject__I)
                  20015d44    00000064     drivers_cc32xxware.aem4 : GPIOCC3200.oem4 (.text:GPIO_hwiIntFxn)
                  20015da8    00000064     cc3x00_host_driver.aem4 : netapp.oem4 (.text:_sl_HandleAsync_DnsGetHostByName)
                  20015e0c    00000064     aws_iot_sl.aem4 : aws_iot_mqtt_client_common_internal.o (.text:aws_iot_mqtt_internal_decode_remaining_length_from_buffer)
                  20015e70    00000064     rtsv7M4_T_le_eabi.lib : fseek.obj (.text)
                  20015ed4    00000004     subscribe_publish_sample_pem4.oem4 (.text:ti_sysbios_family_arm_m3_Hwi_destruct)
                  20015ed8    00000064     sysbios.aem4 : BIOS.obj (.text:ti_sysbios_family_arm_m3_Hwi_dispatchC__I)
                  20015f3c    00000064     subscribe_publish_sample_pem4.oem4 (.text:ti_sysbios_knl_Mailbox_create)
                  20015fa0    00000064     driverlib.a : udma.obj (.text:uDMAChannelAttributeDisable)
                  20016004    00000062     tirtosport.aem4 : HwiP_tirtos.oem4 (.text:HwiP_create)
                  20016066    00000060     rtsv7M4_T_le_eabi.lib : fs_cmp_t2.obj (.text:__aeabi_cfcmple)
                  200160c6    00000060                           : fs_cmp_t2.obj (.text:__aeabi_cfrcmple)
                  20016126    00000002     --HOLE-- [fill = 0]
                  20016128    00000060     cc3x00_host_driver.aem4 : netapp.oem4 (.text:_sl_HandleAsync_DnsGetHostByService)
                  20016188    00000060                             : device.oem4 (.text:_sl_HandleAsync_InitComplete)
                  200161e8    00000060                             : netapp.oem4 (.text:_sl_HandleAsync_PingResponse)
                  20016248    00000060     rtsv7M4_T_le_eabi.lib : sprintf.obj (.text)
                  200162a8    00000060     sysbios.aem4 : BIOS.obj (.text:ti_sysbios_knl_Task_schedule__I)
                  20016308    0000005e     aws_iot_sl.aem4 : aws_iot_mqtt_client_publish.o (.text:_aws_iot_mqtt_read_string_with_len)
                  20016366    0000005e     drivers_cc32xxware.aem4 : UARTCC3200.oem4 (.text:readIsrBinaryBlocking)
                  200163c4    00000004     subscribe_publish_sample_pem4.oem4 (.text:ti_sysbios_family_arm_m3_TaskSupport_Module__startupDone__S)
                  200163c8    0000005c     sysbios.aem4 : BIOS.obj (.text:ti_sysbios_knl_Swi_run__I)
                  20016424    00000004     subscribe_publish_sample_pem4.oem4 (.text:ti_sysbios_heaps_HeapMem_Module_GateProxy_enter__E)
                  20016428    0000005c     sysbios.aem4 : BIOS.obj (.text:ti_sysbios_knl_Swi_schedule__I)
                  20016484    00000004     subscribe_publish_sample_pem4.oem4 (.text:ti_sysbios_heaps_HeapMem_Module_GateProxy_leave__E)
                  20016488    0000005c     sysbios.aem4 : BIOS.obj (.text:ti_sysbios_knl_Task_Module_startup__E)
                  200164e4    0000005c     subscribe_publish_sample_pem4.oem4 (.text:ti_sysbios_knl_Task_create)
                  20016540    0000005c     sysbios.aem4 : BIOS.obj (.text:ti_sysbios_knl_Task_startCore__E)
                  2001659c    0000005b     ti.targets.arm.rtsarm.aem4 : Text.oem4 (.text:xdc_runtime_Text_putLab__E)
                  200165f7    00000001     --HOLE-- [fill = 0]
                  200165f8    0000005a     tirtosport.aem4 : ClockP_tirtos.oem4 (.text:ClockP_create)
                  20016652    0000005a     drivers_cc32xxware.aem4 : SPICC3200DMA.oem4 (.text:SPICC3200DMA_close)
                  200166ac    0000005a     aws_iot_sl.aem4 : aws_iot_mqtt_client_connect.o (.text:aws_iot_mqtt_attempt_reconnect)
                  20016706    0000005a                     : network_sl.o (.text:iot_tls_write)
                  20016760    00000058     driverlib.a : prcm.obj (.text:PRCMPeripheralReset)
                  200167b8    00000058     drivers_cc32xxware.aem4 : PowerCC3200.oem4 (.text:Power_init)
                  20016810    00000058     tirtosport.aem4 : SemaphoreP_tirtos.oem4 (.text:SemaphoreP_create)
                  20016868    00000058     cc3x00_host_driver.aem4 : driver.oem4 (.text:_SlDrvCmdSend)
                  200168c0    00000058     aws_iot_sl.aem4 : aws_iot_mqtt_client_connect.o (.text:_aws_iot_get_connect_packet_length)
                  20016918    00000058     cc3x00_host_driver.aem4 : netapp.oem4 (.text:_sl_NetAppSendTokenValue)
                  20016970    00000058     aws_iot_sl.aem4 : aws_iot_mqtt_client.o (.text:aws_iot_is_autoreconnect_enabled)
                  200169c8    00000058     startsntp.o (.text:setTime)
                  20016a20    00000058     cc3x00_host_driver.aem4 : socket.oem4 (.text:sl_Bind)
                  20016a78    00000058     subscribe_publish_sample_pem4.oem4 (.text:ti_sysbios_family_arm_m3_Hwi_construct)
                  20016ad0    00000056     rtsv7M4_T_le_eabi.lib : ltoa.obj (.text)
                  20016b26    00000002     --HOLE-- [fill = 0]
                  20016b28    00000054     CC3200_LAUNCHXL.o (.text:CC3200_LAUNCHXL_initDMA)
                  20016b7c    00000054     sntp_sl.aem4 : sntp.oem4 (.text:SNTP_setServers)
                  20016bd0    00000054     drivers_cc32xxware.aem4 : UARTCC3200.oem4 (.text:UARTCC3200_writeCancel)
                  20016c24    00000054                             : UARTCC3200.oem4 (.text:readIsrBinaryCallback)
                  20016c78    00000054     cc3x00_host_driver.aem4 : fs.oem4 (.text:sl_FsOpen)
                  20016ccc    00000054                             : socket.oem4 (.text:sl_SetSockOpt)
                  20016d20    00000054     sysbios.aem4 : BIOS.obj (.text:ti_sysbios_family_arm_m3_Timer_start__E)
                  20016d74    00000054     ti.targets.arm.rtsarm.aem4 : Assert.oem4 (.text:xdc_runtime_Assert_raise__I)
                  20016dc8    00000050     drivers_wifi_cc32xxware.aem4 : WiFiCC3200.oem4 (.text:CC3X00_NWP_enablePreamble)
                  20016e18    00000050     drivers_cc32xxware.aem4 : GPIOCC3200.oem4 (.text:GPIO_write)
                  20016e68    00000050     cc3x00_host_driver.aem4 : socket.oem4 (.text:_sl_HandleAsync_Connect)
                  20016eb8    00000050     rtsv7M4_T_le_eabi.lib : _tvaltostr.obj (.text)
                  20016f08    00000050     cc3x00_host_driver.aem4 : device.oem4 (.text:sl_DevSet)
                  20016f58    00000050                             : netcfg.oem4 (.text:sl_NetCfgSet)
                  20016fa8    00000050     sysbios.aem4 : BIOS.obj (.text:ti_sysbios_family_arm_m3_Hwi_Module_startup__E)
                  20016ff8    00000050                  : BIOS.obj (.text:ti_sysbios_knl_Clock_Instance_init__E)
                  20017048    00000050     ti.targets.arm.rtsarm.aem4 : Startup.oem4 (.text:xdc_runtime_Startup_exec__E)
                  20017098    0000004d     sntp_sl.aem4 : sntp.oem4 (.text:hasKissCode)
                  200170e5    00000003     --HOLE-- [fill = 0]
                  200170e8    0000004c     drivers_cc32xxware.aem4 : GPIOCC3200.oem4 (.text:GPIO_setCallback)
                  20017134    0000004c     driverlib.a : spi.obj (.text:SPIIntDisable)
                  20017180    0000004c                 : spi.obj (.text:SPIIntEnable)
                  200171cc    0000004c     cc3x00_host_driver.aem4 : device.oem4 (.text:_SlDrvDeviceEventHandler)
                  20017218    0000004c                             : socket.oem4 (.text:_sl_HandleAsync_Accept)
                  20017264    0000004c     subscribe_publish_sample.o (.text:lookUpResponseFields)
                  200172b0    0000004c     rtsv7M4_T_le_eabi.lib : atoi.obj (.text)
                  200172fc    0000004c                           : atol.obj (.text)
                  20017348    0000004c                           : cpy_tbl.obj (.text)
                  20017394    0000004c                           : localtim.obj (.text)
                  200173e0    0000004c     sysbios.aem4 : m3_TaskSupport_asm.obj (.text:ti_sysbios_family_arm_m3_TaskSupport_buildTaskStack)
                  2001742c    00000004     subscribe_publish_sample_pem4.oem4 (.text:ti_sysbios_knl_Clock_TimerProxy_getMaxTicks__E)
                  20017430    0000004c     sysbios.aem4 : BIOS.obj (.text:ti_sysbios_heaps_HeapMem_getStats__E)
                  2001747c    00000004     subscribe_publish_sample_pem4.oem4 (.text:ti_sysbios_knl_Clock_TimerProxy_setPeriodMicroSecs__E)
                  20017480    0000004c     sysbios.aem4 : BIOS.obj (.text:ti_sysbios_knl_Swi_runLoop__I)
                  200174cc    00000004     subscribe_publish_sample_pem4.oem4 (.text:ti_sysbios_knl_Clock_TimerProxy_start__E)
                  200174d0    0000004c     sysbios.aem4 : BIOS.obj (.text:ti_sysbios_knl_Task_allBlockedFunction__I)
                  2001751c    0000004c     driverlib.a : udma.obj (.text:uDMAChannelAssign)
                  20017568    00000048                 : flash.obj (.text:FlashDisable)
                  200175b0    00000048                 : prcm.obj (.text:PRCMHibernateWakeupSourceEnable)
                  200175f8    00000048                 : pin.obj (.text:PinConfigGet)
                  20017640    00000048                 : spi.obj (.text:SPIIntClear)
                  20017688    00000048     cc3x00_host_driver.aem4 : driver.oem4 (.text:_SlRemoveFromList)
                  200176d0    00000048     network_sl.aem4 : tls_sl.oem4 (.text:flashFile)
                  20017718    00000048     drivers_cc32xxware.aem4 : PowerCC3200.oem4 (.text:notify)
                  20017760    00000048     rtsv7M4_T_le_eabi.lib : fd_toi_t2.obj (.text)
                  200177a8    00000048                           : fd_tos_t2.obj (.text)
                  200177f0    00000048     cc3x00_host_driver.aem4 : socket.oem4 (.text:sl_Recv)
                  20017838    00000048     sysbios.aem4 : BIOS.obj (.text:ti_sysbios_family_arm_m3_Hwi_disableInterrupt__E)
                  20017880    00000048                  : BIOS.obj (.text:ti_sysbios_family_arm_m3_Hwi_enableInterrupt__E)
                  200178c8    00000048                  : BIOS.obj (.text:ti_sysbios_family_arm_m3_Hwi_excReserved__I)
                  20017910    00000048                  : m3_Hwi_asm_switch.obj (.text:ti_sysbios_family_arm_m3_Hwi_initStacks__E)
                  20017958    00000048                  : BIOS.obj (.text:ti_sysbios_family_arm_m3_Timer_initDevice__I)
                  200179a0    00000048                  : BIOS.obj (.text:ti_sysbios_family_arm_m3_Timer_setPeriod__E)
                  200179e8    00000048                  : BIOS.obj (.text:ti_sysbios_knl_Mailbox_Module_startup__E)
                  20017a30    00000048     netwifi.o (.text:wlanConnect)
                  20017a78    00000046     drivers_cc32xxware.aem4 : RingBuf.oem4 (.text:RingBuf_put)
                  20017abe    00000046     aws_iot_sl.aem4 : aws_iot_mqtt_client_common_internal.o (.text:aws_iot_mqtt_internal_write_len_to_buffer)
                  20017b04    00000046                     : aws_iot_mqtt_client_common_internal.o (.text:aws_iot_mqtt_internal_write_uint_16)
                  20017b4a    00000046     rtsv7M4_T_le_eabi.lib : ldexp.obj (.text)
                  20017b90    00000046     ti.targets.arm.rtsarm.aem4 : Core-params.oem4 (.text:xdc_runtime_Core_assignParams__I)
                  20017bd6    00000002     --HOLE-- [fill = 0]
                  20017bd8    00000044     driverlib.a : prcm.obj (.text:PRCMLPDSEnter)
                  20017c1c    00000044     drivers_cc32xxware.aem4 : PowerCC3200_asm.oem4 (.text:PowerCC3200_enterLPDS)
                  20017c60    00000044     driverlib.a : spi.obj (.text:SPIDmaMaskGet)
                  20017ca4    00000044     drivers_cc32xxware.aem4 : UARTCC3200.oem4 (.text:UARTCC3200_hwiIntFxn)
                  20017ce8    00000044     cc3x00_host_driver.aem4 : driver.oem4 (.text:_SlAsyncEventGenericHandler)
                  20017d2c    00000044     boot.aem4 : boot.oem4 (.text)
                  20017d70    00000044     rtsv7M4_T_le_eabi.lib : exit.obj (.text)
                  20017db4    00000044     cc3x00_host_driver.aem4 : fs.oem4 (.text:sl_FsDel)
                  20017df8    00000044                             : wlan.oem4 (.text:sl_WlanPolicySet)
                  20017e3c    00000004     subscribe_publish_sample_pem4.oem4 (.text:ti_sysbios_knl_Clock_TimerProxy_stop__E)
                  20017e40    00000044     sysbios.aem4 : BIOS.obj (.text:ti_sysbios_family_arm_cc32xx_Seconds_set__E)
                  20017e84    00000004     subscribe_publish_sample_pem4.oem4 (.text:ti_sysbios_knl_Clock_destruct)
                  20017e88    00000044     sysbios.aem4 : BIOS.obj (.text:ti_sysbios_family_arm_m3_Hwi_getStackInfo__E)
                  20017ecc    00000004     subscribe_publish_sample_pem4.oem4 (.text:ti_sysbios_knl_Event_delete)
                  20017ed0    00000044     sysbios.aem4 : BIOS.obj (.text:ti_sysbios_knl_Swi_post__E)
                  20017f14    00000044     ti.targets.arm.rtsarm.aem4 : Error.oem4 (.text:xdc_runtime_Error_setX__E)
                  20017f58    00000044                                : Text.oem4 (.text:xdc_runtime_Text_xprintf__I)
                  20017f9c    00000042     drivers_cc32xxware.aem4 : PowerCC3200_asm.oem4 (.text:PowerCC3200_resumeLPDS)
                  20017fde    00000042                             : UARTCC3200.oem4 (.text:UARTCC3200_writePolling)
                  20018020    00000042     aws_iot_sl.aem4 : aws_iot_mqtt_client_common_internal.o (.text:aws_iot_mqtt_internal_get_final_packet_length_from_remaining_length)
                  20018062    00000042                     : aws_iot_mqtt_client_common_internal.o (.text:aws_iot_mqtt_internal_read_uint16_t)
                  200180a4    00000042                     : aws_iot_mqtt_client.o (.text:aws_iot_mqtt_set_client_state)
                  200180e6    00000042     subscribe_publish_sample.o (.text:skipLine)
                  20018128    00000040     drivers_cc32xxware.aem4 : GPIOCC3200.oem4 (.text:GPIO_enableInt)
                  20018168    00000040     driverlib.a : pin.obj (.text:PinModeSet)
                  200181a8    00000040     drivers_cc32xxware.aem4 : PowerCC3200.oem4 (.text:Power_setDependency)
                  200181e8    00000040                             : RingBuf.oem4 (.text:RingBuf_get)
                  20018228    00000040                             : UARTCC3200.oem4 (.text:UARTCC3200_read)
                  20018268    00000040     cc3x00_host_driver.aem4 : driver.oem4 (.text:_SlDrvRxIrqHandler)
                  200182a8    00000040                             : socket.oem4 (.text:_sl_HandleAsync_Select)
                  200182e8    00000040     sntp_sl.aem4 : sntp.oem4 (.text:changeServer)
                  20018328    00000040     aws_iot_sl.aem4 : network_sl.o (.text:iot_tls_disconnect)
                  20018368    00000040                     : jsmn.o (.text:jsmn_alloc_token)
                  200183a8    00000040     drivers_wifi_cc32xxware.aem4 : osi_tirtos.oem4 (.text:osi_LockObjLock)
                  200183e8    00000040                                  : osi_tirtos.oem4 (.text:osi_SyncObjCreate)
                  20018428    00000040                                  : osi_tirtos.oem4 (.text:osi_SyncObjWait)
                  20018468    00000040     rtsv7M4_T_le_eabi.lib : signal.obj (.text)
                  200184a8    00000040                           : strtok.obj (.text)
                  200184e8    00000040                           : u_divt2.obj (.text)
                  20018528    00000040     sysbios.aem4 : BIOS.obj (.text:ti_sysbios_heaps_HeapMem_Instance_init__E)
                  20018568    0000003e     aws_iot_sl.aem4 : aws_iot_mqtt_client_yield.o (.text:_aws_iot_mqtt_handle_disconnect)
                  200185a6    0000003e     network_sl.aem4 : certconv.oem4 (.text:base64Decode)
                  200185e4    0000003e     subscribe_publish_sample_pem4.oem4 (.text:realloc)
                  20018622    00000002     --HOLE-- [fill = 0]
                  20018624    0000003c     driverlib.a : prcm.obj (.text:PRCMPeripheralClkEnable)
                  20018660    0000003c                 : prcm.obj (.text:PRCMSlowClkCtrFastGet)
                  2001869c    0000003c                 : pin.obj (.text:PinDirModeSet)
                  200186d8    0000003c     drivers_cc32xxware.aem4 : WiFi.oem4 (.text:WiFi_open)
                  20018714    0000003c     cc3x00_host_driver.aem4 : device.oem4 (.text:_sl_HandleAsync_Stop)
                  20018750    0000003c     aws_iot_sl.aem4 : network_sl.o (.text:iot_tls_set_connect_params)
                  2001878c    0000003c     drivers_wifi_cc32xxware.aem4 : WiFiCC3200.oem4 (.text:spi_Open)
                  200187c8    0000003c     sysbios.aem4 : BIOS.obj (.text:ti_sysbios_family_arm_m3_Hwi_excSvCall__I)
                  20018804    00000004     subscribe_publish_sample_pem4.oem4 (.text:ti_sysbios_knl_Mailbox_delete)
                  20018808    0000003c     sysbios.aem4 : BIOS.obj (.text:ti_sysbios_family_arm_m3_Timer_setPeriodMicroSecs__E)
                  20018844    00000004     subscribe_publish_sample_pem4.oem4 (.text:ti_sysbios_knl_Queue_destruct)
                  20018848    0000003c     sysbios.aem4 : BIOS.obj (.text:ti_sysbios_heaps_HeapMem_init__I)
                  20018884    00000004     subscribe_publish_sample_pem4.oem4 (.text:ti_sysbios_knl_Semaphore_delete)
                  20018888    0000003c     sysbios.aem4 : BIOS.obj (.text:ti_sysbios_knl_Clock_walkQueuePeriodic__E)
                  200188c4    00000004     subscribe_publish_sample_pem4.oem4 (.text:ti_sysbios_knl_Semaphore_destruct)
                  200188c8    0000003c     sysbios.aem4 : BIOS.obj (.text:ti_sysbios_knl_Swi_restore__E)
                  20018904    0000003c     driverlib.a : udma.obj (.text:uDMAChannelControlSet)
                  20018940    0000003a     aws_iot_sl.aem4 : network_sl.o (.text:iot_tls_destroy)
                  2001897a    00000038     driverlib.a : adc.obj (.text:ADCChannelEnable)
                  200189b2    00000038     subscribe_publish_sample.o (.text:HTTPCli_sendRequestBody)
                  200189ea    00000002     --HOLE-- [fill = 0]
                  200189ec    00000038     driverlib.a : prcm.obj (.text:PRCMIntEnable)
                  20018a24    00000038     power_cc3200_tirtos.aem4 : PowerCC3200_tirtos.oem4 (.text:PowerCC3200_initPolicy)
                  20018a5c    00000038     drivers_cc32xxware.aem4 : SPI.oem4 (.text:SPI_init)
                  20018a94    00000038                             : UART.oem4 (.text:UART_init)
                  20018acc    00000038                             : WiFi.oem4 (.text:WiFi_init)
                  20018b04    00000038     aws_iot_sl.aem4 : aws_iot_mqtt_client_common_internal.o (.text:aws_iot_mqtt_internal_write_utf8_string)
                  20018b3c    00000038                     : timer.o (.text:left_ms)
                  20018b74    00000038     drivers_wifi_cc32xxware.aem4 : osi_tirtos.oem4 (.text:osi_LockObjCreate)
                  20018bac    00000038     rtsv7M4_T_le_eabi.lib : fs_tod_t2.obj (.text)
                  20018be4    00000038                           : fs_toi_t2.obj (.text)
                  20018c1c    00000038                           : i_tofs_t2.obj (.text)
                  20018c54    00000038     cc3x00_host_driver.aem4 : socket.oem4 (.text:sl_Htonl)
                  20018c8c    00000038     drivers_cc32xxware.aem4 : SPICC3200DMA.oem4 (.text:spiPollingTransfer16)
                  20018cc4    00000038                             : SPICC3200DMA.oem4 (.text:spiPollingTransfer8)
                  20018cfc    00000004     subscribe_publish_sample_pem4.oem4 (.text:ti_sysbios_knl_Task_delete)
                  20018d00    00000038     sysbios.aem4 : BIOS.obj (.text:ti_sysbios_family_arm_cc32xx_Seconds_get__E)
                  20018d38    00000038                  : BIOS.obj (.text:ti_sysbios_family_arm_m3_Hwi_excNoIsr__I)
                  20018d70    00000038                  : BIOS.obj (.text:ti_sysbios_knl_Task_processVitalTaskFlag__I)
                  20018da8    00000038     ti.targets.arm.rtsarm.aem4 : System.oem4 (.text:xdc_runtime_System_atexit__E)
                  20018de0    00000036     driverlib.a : gpio.obj (.text:GPIODirModeSet)
                  20018e16    00000036     subscribe_publish_sample.o (.text:HTTPCli_readRawResponseBody)
                  20018e4c    00000036     drivers_cc32xxware.aem4 : UARTCC3200.oem4 (.text:UARTCC3200_readCancel)
                  20018e82    00000002     --HOLE-- [fill = 0]
                  20018e84    00000034     drivers_wifi_cc32xxware.aem4 : WiFiCC3200.oem4 (.text:CC3X00_NWP_disable)
                  20018eb8    00000034     subscribe_publish_sample.o (.text:MQTTcallbackHandler)
                  20018eec    00000034     driverlib.a : prcm.obj (.text:PRCMPeripheralStatusGet)
                  20018f20    00000034                 : prcm.obj (.text:PRCMSRAMRetentionEnable)
                  20018f54    00000034     drivers_cc32xxware.aem4 : PowerCC3200.oem4 (.text:Power_releaseDependency)
                  20018f88    00000034     driverlib.a : spi.obj (.text:SPIFIFOLevelSet)
                  20018fbc    00000034     UARTUtils.o (.text:UARTUtils_deviceread)
                  20018ff0    00000034     UARTUtils.o (.text:UARTUtils_devicewrite)
                  20019024    00000034     cc3x00_host_driver.aem4 : driver.oem4 (.text:_SlDrvBasicCmd)
                  20019058    00000034                             : driver.oem4 (.text:_SlDrvProtectAsyncRespSetting)
                  2001908c    00000034     UARTUtils.o (.text:closeHandle)
                  200190c0    00000034     power_cc3200_tirtos.aem4 : PowerCC3200_tirtos.oem4 (.text:getCountsRTC)
                  200190f4    00000034     drivers_cc32xxware.aem4 : PowerCC3200.oem4 (.text:restorePeriphClocks)
                  20019128    00000034     rtsv7M4_T_le_eabi.lib : feraiseexcept.obj (.text)
                  2001915c    00000034                           : strstr.obj (.text)
                  20019190    00000034     subscribe_publish_sample.o (.text:sendto)
                  200191c4    00000034     cc3x00_host_driver.aem4 : socket.oem4 (.text:sl_Htons)
                  200191f8    00000034     sysbios.aem4 : BIOS.obj (.text:ti_sysbios_family_arm_m3_Hwi_Instance_finalize__E)
                  2001922c    00000004     ti.targets.arm.rtsarm.aem4 : Error.oem4 (.text:xdc_runtime_Error_getSite__E)
                  20019230    00000034     sysbios.aem4 : BIOS.obj (.text:ti_sysbios_family_arm_m3_Hwi_excNmi__I)
                  20019264    00000004     subscribe_publish_sample_pem4.oem4 (.text:xdc_runtime_System_Module_GateProxy_enter__E)
                  20019268    00000034     sysbios.aem4 : BIOS.obj (.text:ti_sysbios_family_arm_m3_Timer_periodicStub__I)
                  2001929c    00000004     subscribe_publish_sample_pem4.oem4 (.text:xdc_runtime_System_Module_GateProxy_leave__E)
                  200192a0    00000034     sysbios.aem4 : BIOS.obj (.text:ti_sysbios_hal_Hwi_checkStack)
                  200192d4    00000034     subscribe_publish_sample_pem4.oem4 (.text:ti_sysbios_knl_Clock_construct)
                  20019308    00000034     subscribe_publish_sample_pem4.oem4 (.text:ti_sysbios_knl_Semaphore_create)
                  2001933c    00000034     ti.targets.arm.rtsarm.aem4 : Core-label.oem4 (.text:xdc_runtime_Core_assignLabel__I)
                  20019370    00000033                                : Text.oem4 (.text:xdc_runtime_Text_printVisFxn__I)
                  200193a3    00000001     --HOLE-- [fill = 0]
                  200193a4    00000032     subscribe_publish_sample.o (.text:HTTPCli_disconnect)
                  200193d6    00000032     network_sl.aem4 : ssock.oem4 (.text:Ssock_recv)
                  20019408    00000032     subscribe_publish_sample.o (.text:recvfrom)
                  2001943a    00000032     drivers_cc32xxware.aem4 : SPICC3200DMA.oem4 (.text:spiPollingTransfer32)
                  2001946c    00000004     ti.targets.arm.rtsarm.aem4 : System.oem4 (.text:xdc_runtime_System_aprintf_va__F)
                  20019470    00000032     sysbios.aem4 : BIOS.obj (.text:ti_sysbios_hal_Hwi_initStack)
                  200194a2    00000030     driverlib.a : pin.obj (.text:PinTypeGPIO)
                  200194d2    00000002     --HOLE-- [fill = 0]
                  200194d4    00000030     drivers_cc32xxware.aem4 : PowerCC3200.oem4 (.text:Power_releaseConstraint)
                  20019504    00000030                             : PowerCC3200.oem4 (.text:Power_setConstraint)
                  20019534    00000030                             : SPI.oem4 (.text:SPI_open)
                  20019564    00000030     netwifi.o (.text:SimpleLinkWlanEventHandler)
                  20019594    00000030     driverlib.a : uart.obj (.text:UARTDisable)
                  200195c4    00000030     drivers_cc32xxware.aem4 : UART.oem4 (.text:UART_open)
                  200195f4    00000030     aws_iot_sl.aem4 : aws_iot_mqtt_client_subscribe.o (.text:_aws_iot_mqtt_get_free_message_handler_index)
                  20019624    00000030     drivers_wifi_cc32xxware.aem4 : WiFiCC3200.oem4 (.text:registerInterruptHandler)
                  20019654    00000030     rtsv7M4_T_le_eabi.lib : strcasecmp.obj (.text)
                  20019684    00000030                           : strncpy.obj (.text)
                  200196b4    00000030                           : xferaise.obj (.text)
                  200196e4    00000030     cc3x00_host_driver.aem4 : socket.oem4 (.text:sl_Socket)
                  20019714    00000030     subscribe_publish_sample_pem4.oem4 (.text:ti_sysbios_BIOS_atExitFunc__I)
                  20019744    00000004     ti.targets.arm.rtsarm.aem4 : System.oem4 (.text:xdc_runtime_System_printf_va__F)
                  20019748    00000030     sysbios.aem4 : BIOS.obj (.text:ti_sysbios_family_arm_m3_TaskSupport_start__E)
                  20019778    00000030     subscribe_publish_sample_pem4.oem4 (.text:ti_sysbios_gates_GateHwi_Object__create__S)
                  200197a8    00000030     subscribe_publish_sample_pem4.oem4 (.text:ti_sysbios_gates_GateMutex_Object__create__S)
                  200197d8    00000030     sysbios.aem4 : BIOS.obj (.text:ti_sysbios_gates_GateMutex_enter__E)
                  20019808    00000030     subscribe_publish_sample_pem4.oem4 (.text:ti_sysbios_heaps_HeapMem_Object__create__S)
                  20019838    00000030     subscribe_publish_sample_pem4.oem4 (.text:ti_sysbios_knl_Event_create)
                  20019868    00000030     sysbios.aem4 : BIOS.obj (.text:ti_sysbios_knl_Event_pendTimeout__I)
                  20019898    00000030                  : BIOS.obj (.text:ti_sysbios_knl_Mailbox_postInit__I)
                  200198c8    00000030     subscribe_publish_sample_pem4.oem4 (.text:ti_sysbios_knl_Semaphore_construct)
                  200198f8    00000030     sysbios.aem4 : BIOS.obj (.text:ti_sysbios_knl_Semaphore_pendTimeout__I)
                  20019928    00000030                  : BIOS.obj (.text:ti_sysbios_knl_Task_unblockI__E)
                  20019958    00000030     ti.targets.arm.rtsarm.aem4 : System.oem4 (.text:xdc_runtime_System_processAtExit__E)
                  20019988    0000002e     UARTUtils.o (.text:UARTUtils_deviceopen)
                  200199b6    0000002e     subscribe_publish_sample_pem4.oem4 (.text:malloc)
                  200199e4    0000002e     rtsv7M4_T_le_eabi.lib : i_tofd_t2.obj (.text)
                  20019a12    0000002e                           : raise.obj (.text)
                  20019a40    0000002c     drivers_wifi_cc32xxware.aem4 : WiFiCC3200.oem4 (.text:CC3X00_NWP_enable)
                  20019a6c    0000002c     driverlib.a : prcm.obj (.text:PRCMLPDSIntervalSet)
                  20019a98    0000002c                 : prcm.obj (.text:PRCMSysResetCauseGet)
                  20019ac4    0000002c     sntp_sl.aem4 : sntp.oem4 (.text:SNTP_forceTimeSync)
                  20019af0    0000002c     aws_iot_sl.aem4 : jsmn.o (.text:jsmn_fill_token)
                  20019b1c    0000002c                     : timer.o (.text:msToTicks)
                  20019b48    0000002c     rtsv7M4_T_le_eabi.lib : assert.obj (.text)
                  20019b74    0000002c     subscribe_publish_sample.o (.text:setCliState)
                  20019ba0    0000002c     aws_iot_sl.aem4 : network_sl.o (.text:setsockopt)
                  20019bcc    0000002c     subscribe_publish_sample.o (.text:setsockopt)
                  20019bf8    0000002c     subscribe_publish_sample.o (.text:sstartNTP)
                  20019c24    0000002c     subscribe_publish_sample_pem4.oem4 (.text:ti_sysbios_knl_Clock_doTick__I)
                  20019c50    0000002c     subscribe_publish_sample_pem4.oem4 (.text:ti_sysbios_knl_Queue_construct)
                  20019c7c    00000004     --HOLE-- [fill = 0]
                  20019c80    0000002c     sysbios.aem4 : BIOS.obj (.text:ti_sysbios_knl_Task_restore__E)
                  20019cac    0000002c     aws_iot_sl.aem4 : timer.o (.text:ticksToMs)
                  20019cd8    0000002c     ti.targets.arm.rtsarm.aem4 : Text.oem4 (.text:xdc_runtime_Text_cordText__E)
                  20019d04    0000002a     driverlib.a : spi.obj (.text:SPIDataGetNonBlocking)
                  20019d2e    0000002a     cc3x00_host_driver.aem4 : socket.oem4 (.text:_sl_BuildAddress)
                  20019d58    0000002a     rtsv7M4_T_le_eabi.lib : strspn.obj (.text)
                  20019d82    0000002a                           : xdclass.obj (.text)
                  20019dac    0000002a     subscribe_publish_sample.o (.text:startSecureMode)
                  20019dd6    0000002a     ti.targets.arm.rtsarm.aem4 : System.oem4 (.text:xdc_runtime_System_putchar__I)
                  20019e00    00000028     driverlib.a : prcm.obj (.text:PRCMLPDSWakeupSourceEnable)
                  20019e28    00000028                 : prcm.obj (.text:PRCMPeripheralClkDisable)
                  20019e50    00000028     drivers_cc32xxware.aem4 : PowerCC3200.oem4 (.text:Power_registerNotify)
                  20019e78    00000028     network_sl.aem4 : ssock.oem4 (.text:Ssock_recvall)
                  20019ea0    00000028     aws_iot_sl.aem4 : aws_iot_mqtt_client_yield.o (.text:_aws_iot_mqtt_force_client_disconnect)
                  20019ec8    00000028     drivers_cc32xxware.aem4 : UARTCC3200.oem4 (.text:releasePowerConstraint)
                  20019ef0    00000028     rtsv7M4_T_le_eabi.lib : strncat.obj (.text)
                  20019f18    00000028     sysbios.aem4 : BIOS.obj (.text:ti_sysbios_knl_Clock_addI__E)
                  20019f40    00000028                  : BIOS.obj (.text:ti_sysbios_knl_Swi_Module_startup__E)
                  20019f68    00000028     driverlib.a : udma.obj (.text:uDMAChannelIsEnabled)
                  20019f90    00000026     subscribe_publish_sample.o (.text:HTTPCli_destruct)
                  20019fb6    00000026     subscribe_publish_sample.o (.text:HTTPCli_setRequestFields)
                  20019fdc    00000026     subscribe_publish_sample.o (.text:HTTPCli_setResponseFields)
                  2001a002    00000026     drivers_cc32xxware.aem4 : List.oem4 (.text:List_put)
                  2001a028    00000026     aws_iot_sl.aem4 : aws_iot_mqtt_client.o (.text:aws_iot_mqtt_get_next_packet_id)
                  2001a04e    00000026     network_sl.aem4 : ssock_sl.oem4 (.text:fileExists)
                  2001a074    00000026     aws_iot_sl.aem4 : network_sl.o (.text:gethostbyname)
                  2001a09a    00000026     startsntp.o (.text:gethostbyname)
                  2001a0c0    00000026     rtsv7M4_T_le_eabi.lib : strncmp.obj (.text)
                  2001a0e6    00000026     ti.targets.arm.rtsarm.aem4 : System.oem4 (.text:xdc_runtime_System_avprintf__E)
                  2001a10c    00000024     driverlib.a : prcm.obj (.text:PRCMLPDSWakeUpGPIOSelect)
                  2001a130    00000024     subscribe_publish_sample.o (.text:RebootMCU)
                  2001a154    00000024     netwifi.o (.text:SimpleLinkNetAppEventHandler)
                  2001a178    00000024     network_sl.aem4 : tls_sl.oem4 (.text:TLS_delete)
                  2001a19c    00000024     driverlib.a : uart.obj (.text:UARTCharPutNonBlocking)
                  2001a1c0    00000024                 : uart.obj (.text:UARTEnable)
                  2001a1e4    00000024     UARTUtils.o (.text:UARTUtils_systemAbort)
                  2001a208    00000024     drivers_wifi_cc32xxware.aem4 : osi_tirtos.oem4 (.text:osi_Spawn)
                  2001a22c    00000024     rtsv7M4_T_le_eabi.lib : strcspn.obj (.text)
                  2001a250    00000024                           : u_tofs_t2.obj (.text)
                  2001a274    00000024     cc3x00_host_driver.aem4 : socket.oem4 (.text:sl_Close)
                  2001a298    00000024                             : wlan.oem4 (.text:sl_WlanProfileDel)
                  2001a2bc    00000024                             : wlan.oem4 (.text:sl_WlanSetMode)
                  2001a2e0    00000024     subscribe_publish_sample_pem4.oem4 (.text:ti_sysbios_BIOS_registerRTSLock__I)
                  2001a304    00000024     subscribe_publish_sample_pem4.oem4 (.text:ti_sysbios_BIOS_removeRTSLock__I)
                  2001a328    00000024     subscribe_publish_sample_pem4.oem4 (.text:ti_sysbios_BIOS_startFunc__I)
                  2001a34c    00000004     --HOLE-- [fill = 0]
                  2001a350    00000024     sysbios.aem4 : BIOS.obj (.text:ti_sysbios_family_arm_m3_Timer_Module_startup__E)
                  2001a374    00000004     --HOLE-- [fill = 0]
                  2001a378    00000024                  : BIOS.obj (.text:ti_sysbios_family_arm_m3_Timer_postInit__I)
                  2001a39c    00000004     --HOLE-- [fill = 0]
                  2001a3a0    00000024                  : BIOS.obj (.text:ti_sysbios_family_arm_m3_Timer_startup__E)
                  2001a3c4    00000024     subscribe_publish_sample_pem4.oem4 (.text:ti_sysbios_gates_GateMutex_Object__delete__S)
                  2001a3e8    00000024     sysbios.aem4 : BIOS.obj (.text:ti_sysbios_knl_Clock_Module_startup__E)
                  2001a40c    00000004     --HOLE-- [fill = 0]
                  2001a410    00000024                  : BIOS.obj (.text:ti_sysbios_knl_Clock_start__E)
                  2001a434    00000004     --HOLE-- [fill = 0]
                  2001a438    00000024                  : BIOS.obj (.text:ti_sysbios_knl_Semaphore_Instance_init__E)
                  2001a45c    00000024     subscribe_publish_sample_pem4.oem4 (.text:ti_sysbios_knl_Semaphore_Object__delete__S)
                  2001a480    00000024     sysbios.aem4 : BIOS.obj (.text:ti_sysbios_knl_Task_restoreHwi__E)
                  2001a4a4    00000024     ti.targets.arm.rtsarm.aem4 : System.oem4 (.text:xdc_runtime_System_vprintf__E)
                  2001a4c8    00000022     driverlib.a : adc.obj (.text:ADCTimerConfig)
                  2001a4ea    00000022                 : gpio.obj (.text:GPIOIntStatus)
                  2001a50c    00000022                 : spi.obj (.text:SPIReset)
                  2001a52e    00000022                 : spi.obj (.text:SPIWordCountSet)
                  2001a550    00000022     aws_iot_sl.aem4 : aws_iot_mqtt_client.o (.text:aws_iot_mqtt_autoreconnect_set_status)
                  2001a572    00000022     rtsv7M4_T_le_eabi.lib : frexp.obj (.text)
                  2001a594    00000020     driverlib.a : gpio.obj (.text:GPIOPinWrite)
                  2001a5b4    00000020                 : prcm.obj (.text:PRCMLPDSRestoreInfoSet)
                  2001a5d4    00000020     drivers_cc32xxware.aem4 : PowerCC3200.oem4 (.text:Power_idleFunc)
                  2001a5f4    00000020                             : PowerCC3200.oem4 (.text:Power_unregisterNotify)
                  2001a614    00000020     driverlib.a : spi.obj (.text:SPIDataGet)
                  2001a634    00000020     UARTUtils.o (.text:UARTUtils_systemPutch)
                  2001a654    00000020     aws_iot_sl.aem4 : aws_iot_mqtt_client_common_internal.o (.text:aws_iot_mqtt_internal_read_char)
                  2001a674    00000020                     : aws_iot_mqtt_client_common_internal.o (.text:aws_iot_mqtt_internal_write_char)
                  2001a694    00000020     drivers_cc32xxware.aem4 : SPICC3200DMA.oem4 (.text:getPowerMgrId)
                  2001a6b4    00000020                             : UARTCC3200.oem4 (.text:getPowerMgrId)
                  2001a6d4    00000020     aws_iot_sl.aem4 : timer.o (.text:has_timer_expired)
                  2001a6f4    00000020     rtsv7M4_T_le_eabi.lib : memchr.obj (.text)
                  2001a714    00000020     aws_iot_sl.aem4 : network_sl.o (.text:socket)
                  2001a734    00000020     subscribe_publish_sample.o (.text:socket)
                  2001a754    00000020     subscribe_publish_sample_pem4.oem4 (.text:ti_sysbios_BIOS_rtsLock__I)
                  2001a774    00000004     --HOLE-- [fill = 0]
                  2001a778    00000020     sysbios.aem4 : BIOS.obj (.text:ti_sysbios_family_arm_m3_Hwi_clearInterrupt__E)
                  2001a798    00000020                  : m3_Hwi_asm.obj (.text:ti_sysbios_family_arm_m3_Hwi_excHandlerAsm__I)
                  2001a7b8    00000020                  : BIOS.obj (.text:ti_sysbios_family_arm_m3_Hwi_excHandler__I)
                  2001a7d8    00000020     subscribe_publish_sample_pem4.oem4 (.text:ti_sysbios_gates_GateHwi_Object__delete__S)
                  2001a7f8    00000020     subscribe_publish_sample_pem4.oem4 (.text:ti_sysbios_heaps_HeapMem_Object__delete__S)
                  2001a818    00000020     subscribe_publish_sample_pem4.oem4 (.text:ti_sysbios_knl_Clock_Object__destruct__S)
                  2001a838    00000020     subscribe_publish_sample_pem4.oem4 (.text:ti_sysbios_knl_Event_Object__delete__S)
                  2001a858    00000020     sysbios.aem4 : BIOS.obj (.text:ti_sysbios_knl_Idle_run__E)
                  2001a878    00000020     subscribe_publish_sample_pem4.oem4 (.text:ti_sysbios_knl_Mailbox_Object__delete__S)
                  2001a898    00000020     subscribe_publish_sample_pem4.oem4 (.text:ti_sysbios_knl_Semaphore_Object__destruct__S)
                  2001a8b8    00000020     subscribe_publish_sample_pem4.oem4 (.text:ti_sysbios_knl_Task_Object__delete__S)
                  2001a8d8    00000020     ti.targets.arm.rtsarm.aem4 : Registry.oem4 (.text:xdc_runtime_Registry_findById__E)
                  2001a8f8    0000001e     driverlib.a : spi.obj (.text:SPIDataPut)
                  2001a916    0000001e                 : uart.obj (.text:UARTCharPut)
                  2001a934    0000001e                 : uart.obj (.text:UARTIntStatus)
                  2001a952    0000001e     drivers_wifi_cc32xxware.aem4 : WiFiCC3200.oem4 (.text:WiFiCC3200_close)
                  2001a970    0000001e     network_sl.aem4 : tls_sl.oem4 (.text:getTLSMethod)
                  2001a98e    0000001e     aws_iot_sl.aem4 : jsmn.o (.text:jsmn_init)
                  2001a9ac    0000001e     rtsv7M4_T_le_eabi.lib : strcat.obj (.text)
                  2001a9ca    0000001e     subscribe_publish_sample_pem4.oem4 (.text:ti_sysbios_BIOS_errorRaiseHook__I)
                  2001a9e8    0000001e     sysbios.aem4 : m3_Hwi_asm_switch.obj (.text:ti_sysbios_family_xxx_Hwi_switchAndRunFunc)
                  2001aa06    0000001e     subscribe_publish_sample.o (.text:xvsnprintf)
                  2001aa24    0000001c     driverlib.a : adc.obj (.text:ADCFIFOLvlGet)
                  2001aa40    0000001c     subscribe_publish_sample.o (.text:HTTPCli_getResponseStatus)
                  2001aa5c    0000001c     drivers_cc32xxware.aem4 : SPICC3200DMA.oem4 (.text:SPICC3200DMA_init)
                  2001aa78    0000001c     network_sl.aem4 : ssock.oem4 (.text:Ssock_delete)
                  2001aa94    0000001c                     : ssock.oem4 (.text:Ssock_destruct)
                  2001aab0    0000001c     driverlib.a : uart.obj (.text:UARTCharGetNonBlocking)
                  2001aacc    0000001c                 : uart.obj (.text:UARTFlowControlSet)
                  2001aae8    0000001c     cc3x00_host_driver.aem4 : driver.oem4 (.text:_SlDrvProtectionObjLockWaitForever)
                  2001ab04    0000001c                             : socket.oem4 (.text:_sl_TruncatePayloadByProtocol)
                  2001ab20    0000001c     subscribe_publish_sample.o (.text:bind)
                  2001ab3c    0000001c     aws_iot_sl.aem4 : network_sl.o (.text:connect)
                  2001ab58    0000001c     subscribe_publish_sample.o (.text:connect)
                  2001ab74    0000001c     rtsv7M4_T_le_eabi.lib : memccpy.obj (.text)
                  2001ab90    0000001c     subscribe_publish_sample_pem4.oem4 (.text:ti_sysbios_family_arm_m3_Hwi_Object__destruct__S)
                  2001abac    00000004     --HOLE-- [fill = 0]
                  2001abb0    0000001c     sysbios.aem4 : BIOS.obj (.text:ti_sysbios_family_arm_m3_Timer_stop__E)
                  2001abcc    00000004     --HOLE-- [fill = 0]
                  2001abd0    0000001c                  : BIOS.obj (.text:ti_sysbios_gates_GateMutex_Instance_init__E)
                  2001abec    00000004     --HOLE-- [fill = 0]
                  2001abf0    0000001c                  : BIOS.obj (.text:ti_sysbios_knl_Clock_Instance_finalize__E)
                  2001ac0c    0000001c     subscribe_publish_sample_pem4.oem4 (.text:ti_sysbios_knl_Queue_Object__destruct__S)
                  2001ac28    0000001c     sysbios.aem4 : BIOS.obj (.text:ti_sysbios_knl_Queue_get__E)
                  2001ac44    00000004     --HOLE-- [fill = 0]
                  2001ac48    0000001c                  : BIOS.obj (.text:ti_sysbios_knl_Queue_put__E)
                  2001ac64    00000004     --HOLE-- [fill = 0]
                  2001ac68    0000001c                  : BIOS.obj (.text:ti_sysbios_knl_Task_enter__I)
                  2001ac84    0000001c     driverlib.a : udma.obj (.text:uDMAChannelEnable)
                  2001aca0    0000001c     drivers_wifi_cc32xxware.aem4 : osi_tirtos.oem4 (.text:vSimpleLinkSpawnTask)
                  2001acbc    0000001c     ti.targets.arm.rtsarm.aem4 : Error.oem4 (.text:xdc_runtime_Error_raiseX__E)
                  2001acd8    0000001c                                : Memory.oem4 (.text:xdc_runtime_Memory_valloc__E)
                  2001acf4    0000001c                                : System.oem4 (.text:xdc_runtime_System_abort__E)
                  2001ad10    0000001a     cc3x00_host_driver.aem4 : netapp.oem4 (.text:CopyPingResultsToReport)
                  2001ad2a    0000001a     driverlib.a : gpio.obj (.text:GPIOIntEnable)
                  2001ad44    0000001a     drivers_cc32xxware.aem4 : List.oem4 (.text:List_remove)
                  2001ad5e    0000001a     driverlib.a : spi.obj (.text:SPIDmaDisable)
                  2001ad78    0000001a                 : spi.obj (.text:SPIDmaEnable)
                  2001ad92    0000001a                 : spi.obj (.text:SPIFIFODisable)
                  2001adac    0000001a                 : spi.obj (.text:SPIFIFOEnable)
                  2001adc6    0000001a     subscribe_publish_sample.o (.text:getCliState)
                  2001ade0    0000001a     subscribe_publish_sample.o (.text:isValidSocket)
                  2001adfa    0000001a     sysbios.aem4 : m3_Hwi_asm.obj (.text:ti_sysbios_family_arm_m3_Hwi_pendSV__I)
                  2001ae14    0000001a     subscribe_publish_sample_pem4.oem4 (.text:xdc_runtime_System_aprintf__E)
                  2001ae2e    0000001a     subscribe_publish_sample_pem4.oem4 (.text:xdc_runtime_System_printf__E)
                  2001ae48    0000001a     network_sl.aem4 : tls_sl.oem4 (.text:xsnprintf)
                  2001ae62    00000018     driverlib.a : adc.obj (.text:ADCFIFORead)
                  2001ae7a    00000018                 : gpio.obj (.text:GPIOPinRead)
                  2001ae92    00000018     subscribe_publish_sample.o (.text:HTTPCli_construct)
                  2001aeaa    00000018     subscribe_publish_sample.o (.text:NetMACAddressGet)
                  2001aec2    00000002     --HOLE-- [fill = 0]
                  2001aec4    00000018     driverlib.a : prcm.obj (.text:PRCMHibernateEnter)
                  2001aedc    00000018                 : spi.obj (.text:SPICSDisable)
                  2001aef4    00000018                 : spi.obj (.text:SPICSEnable)
                  2001af0c    00000018                 : spi.obj (.text:SPIDisable)
                  2001af24    00000018                 : spi.obj (.text:SPIEnable)
                  2001af3c    00000018     network_sl.aem4 : ssock.oem4 (.text:Ssock_create)
                  2001af54    00000018     driverlib.a : uart.obj (.text:UARTBusy)
                  2001af6c    00000018                 : uart.obj (.text:UARTFIFOLevelSet)
                  2001af84    00000018                 : uart.obj (.text:UARTIntDisable)
                  2001af9c    00000018                 : uart.obj (.text:UARTIntEnable)
                  2001afb4    00000018     UARTUtils.o (.text:UARTUtils_deviceclose)
                  2001afcc    00000018     drivers_cc32xxware.aem4 : UART.oem4 (.text:UART_Params_init)
                  2001afe4    00000018     drivers_wifi_cc32xxware.aem4 : osi_tirtos.oem4 (.text:VDeleteSimpleLinkSpawnTask)
                  2001affc    00000018                                  : WiFiCC3200.oem4 (.text:WiFiCC3200_init)
                  2001b014    00000018     cc3x00_host_driver.aem4 : driver.oem4 (.text:_SlDrvProtectionObjUnLock)
                  2001b02c    00000018     subscribe_publish_sample_pem4.oem4 (.text:free)
                  2001b044    00000018     rtsv7M4_T_le_eabi.lib : args_main.obj (.text)
                  2001b05c    00000018                           : ll_mul_t2.obj (.text)
                  2001b074    00000018                           : strcmp.obj (.text)
                  2001b08c    00000018     drivers_wifi_cc32xxware.aem4 : WiFiCC3200.oem4 (.text:spi_Close)
                  2001b0a4    00000018     subscribe_publish_sample_pem4.oem4 (.text:ti_sysbios_BIOS_rtsUnlock__I)
                  2001b0bc    00000018     subscribe_publish_sample_pem4.oem4 (.text:ti_sysbios_family_arm_m3_Hwi_Handle__label__S)
                  2001b0d4    00000018     subscribe_publish_sample_pem4.oem4 (.text:ti_sysbios_family_arm_m3_Hwi_Module__startupDone__F)
                  2001b0ec    00000018     subscribe_publish_sample_pem4.oem4 (.text:ti_sysbios_family_arm_m3_Timer_Module__startupDone__F)
                  2001b104    00000018     subscribe_publish_sample_pem4.oem4 (.text:ti_sysbios_gates_GateHwi_Handle__label__S)
                  2001b11c    00000018     subscribe_publish_sample_pem4.oem4 (.text:ti_sysbios_gates_GateMutex_Handle__label__S)
                  2001b134    00000004     --HOLE-- [fill = 0]
                  2001b138    00000018     sysbios.aem4 : BIOS.obj (.text:ti_sysbios_gates_GateMutex_leave__E)
                  2001b150    00000018     subscribe_publish_sample_pem4.oem4 (.text:ti_sysbios_heaps_HeapMem_Handle__label__S)
                  2001b168    00000018     subscribe_publish_sample_pem4.oem4 (.text:ti_sysbios_knl_Swi_Handle__label__S)
                  2001b180    00000018     subscribe_publish_sample_pem4.oem4 (.text:ti_sysbios_knl_Task_Handle__label__S)
                  2001b198    00000018     sysbios.aem4 : BIOS.obj (.text:ti_sysbios_knl_Task_sleepTimeout__I)
                  2001b1b0    00000018     subscribe_publish_sample_pem4.oem4 (.text:time)
                  2001b1c8    00000018     ti.targets.arm.rtsarm.aem4 : Error.oem4 (.text:xdc_runtime_Error_check__E)
                  2001b1e0    00000018                                : System.oem4 (.text:xdc_runtime_System_exit__E)
                  2001b1f8    00000018                                : Text.oem4 (.text:xdc_runtime_Text_ropeText__E)
                  2001b210    00000016     driverlib.a : adc.obj (.text:ADCTimerEnable)
                  2001b226    00000016     tirtosport.aem4 : ClockP_tirtos.oem4 (.text:ClockP_delete)
                  2001b23c    00000016                     : HwiP_tirtos.oem4 (.text:HwiP_delete)
                  2001b252    00000016     driverlib.a : prcm.obj (.text:PRCMHIBRegRead)
                  2001b268    00000016                 : prcm.obj (.text:PRCMHIBRegWrite)
                  2001b27e    00000016     tirtosport.aem4 : SemaphoreP_tirtos.oem4 (.text:SemaphoreP_delete)
                  2001b294    00000016     driverlib.a : uart.obj (.text:UARTCharGet)
                  2001b2aa    00000016     cc3x00_host_driver.aem4 : fs.oem4 (.text:_sl_Strlen)
                  2001b2c0    00000016     aws_iot_sl.aem4 : aws_iot_mqtt_client.o (.text:aws_iot_mqtt_get_client_state)
                  2001b2d6    00000016                     : timer.o (.text:init_timer)
                  2001b2ec    00000016     rtsv7M4_T_le_eabi.lib : strchr.obj (.text)
                  2001b302    00000016     drivers_cc32xxware.aem4 : UARTCC3200.oem4 (.text:startTxFifoEmptyClk)
                  2001b318    00000016     subscribe_publish_sample_pem4.oem4 (.text:ti_sysbios_BIOS_exitFunc__I)
                  2001b32e    00000016     startsntp.o (.text:ti_sysbios_knl_Semaphore_Params_init)
                  2001b344    00000016     main.o (.text:ti_sysbios_knl_Task_Params_init)
                  2001b35a    00000014     driverlib.a : adc.obj (.text:ADCEnable)
                  2001b36e    00000014                 : cpu.obj (.text:CPUcpsid)
                  2001b382    00000014                 : cpu.obj (.text:CPUcpsie)
                  2001b396    00000014                 : gpio.obj (.text:GPIOIntClear)
                  2001b3aa    00000014                 : pin.obj (.text:PinTypeADC)
[...]
200281f0  xdc_runtime_IGateProvider_Interface__BASE__C                       
200281f4  xdc_runtime_IHeap_Interface__BASE__C                               
200281f8  xdc_runtime_IModule_Interface__BASE__C                             
200281fc  xdc_runtime_Log_L_error__C                                         
20028200  xdc_runtime_Main_Module__diagsEnabled__C                           
20028204  xdc_runtime_Main_Module__diagsIncluded__C                          
20028208  xdc_runtime_Main_Module__diagsMask__C                              
2002820c  xdc_runtime_Main_Module__loggerFxn2__C                             
20028210  xdc_runtime_Main_Module__loggerFxn4__C                             
20028214  xdc_runtime_Main_Module__loggerObj__C                              
20028218  xdc_runtime_Memory_defaultHeapInstance__C                          
2002821c  xdc_runtime_Startup_execImpl__C                                    
20028220  xdc_runtime_Startup_maxPasses__C                                   
20028224  xdc_runtime_Startup_sfxnRts__C                                     
20028228  xdc_runtime_Startup_sfxnTab__C                                     
2002822c  xdc_runtime_SysCallback_abortFxn__C                                
20028230  xdc_runtime_SysCallback_exitFxn__C                                 
20028234  xdc_runtime_SysCallback_flushFxn__C                                
20028238  xdc_runtime_SysCallback_putchFxn__C                                
2002823c  xdc_runtime_SysCallback_readyFxn__C                                
20028240  xdc_runtime_System_Module__gateObj__C                              
20028244  xdc_runtime_System_abortFxn__C                                     
20028248  xdc_runtime_System_exitFxn__C                                      
2002824c  xdc_runtime_System_extendFxn__C                                    
20028250  xdc_runtime_System_maxAtexitHandlers__C                            
20028254  xdc_runtime_Text_charTab__C                                        
20028258  xdc_runtime_Text_nameEmpty__C                                      
2002825c  xdc_runtime_Text_nameStatic__C                                     
20028260  xdc_runtime_Text_nameUnknown__C                                    
20028264  xdc_runtime_Text_nodeTab__A                                        
20028268  xdc_runtime_Text_visitRopeFxn__C                                   
2002826c  ti_sysbios_heaps_HeapMem_Module__id__C                             
2002826e  ti_sysbios_knl_Task_Module__id__C                                  
20028270  xdc_runtime_Core_Module__id__C                                     
20028272  xdc_runtime_Error_Module__loggerDefined__C                         
20028274  xdc_runtime_Error_maxDepth__C                                      
20028276  xdc_runtime_Main_Module__id__C                                     
20028278  xdc_runtime_Main_Module__loggerDefined__C                          
2002827a  xdc_runtime_Memory_Module__id__C                                   
2002827c  xdc_runtime_Text_charCnt__C                                        
2002827e  xdc_runtime_Text_isLoaded__C                                       
20028280  xdc_runtime_Text_registryModsLastId__C                             
20028282  xdc_runtime_Text_unnamedModsLastId__C                              
20028284  ti_sysbios_knl_Clock_tickSource__C                                 
20028285  xdc_runtime_Error_policy__C                                        
20028286  xdc_runtime_Text_charTab__A                                        
20028288  ilen                                                               
2002828c  deviceID                                                           
2002829c  pubtopName                                                         
200282a0  philips_config                                                     
200282a4  philipsconfigstatus                                                
200282a8  devicestate                                                        
200282ac  HOST_PORT                                                          
200282b0  philipsgetbulbsstatus                                              
200282b4  updateotavariable                                                  
200282b8  enddevicestatus                                                    
200282c0  philipsipstatus                                                    
200282c4  belkinipstatus                                                     
200282c8  philipsget                                                         
200282cc  philipsbulbget                                                     
200282d0  philipssinglebulbget                                               
200282e4  HTTPStd_VER                                                        
200282e8  HTTPStd_GET                                                        
200282ec  HTTPStd_POST                                                       
200282f0  HTTPStd_HEAD                                                       
200282f4  HTTPStd_OPTIONS                                                    
200282f8  HTTPStd_PUT                                                        
200282fc  HTTPStd_DELETE                                                     
20028300  HTTPStd_CONNECT                                                    
20028304  HTTPStd_PATCH                                                      
20028308  HTTPStd_CONTENT_TYPE_APPLET                                        
2002830c  HTTPStd_CONTENT_TYPE_AU                                            
20028310  HTTPStd_CONTENT_TYPE_CSS                                           
20028314  HTTPStd_CONTENT_TYPE_DOC                                           
20028318  HTTPStd_CONTENT_TYPE_GIF                                           
2002831c  HTTPStd_CONTENT_TYPE_HTML                                          
20028320  HTTPStd_CONTENT_TYPE_JPG                                           
20028324  HTTPStd_CONTENT_TYPE_MPEG                                          
20028328  HTTPStd_CONTENT_TYPE_PDF                                           
2002832c  HTTPStd_CONTENT_TYPE_WAV                                           
20028330  HTTPStd_CONTENT_TYPE_ZIP                                           
20028334  HTTPStd_CONTENT_TYPE_PLAIN                                         
20028338  HTTPStd_FIELD_NAME_ACCEPT                                          
2002833c  HTTPStd_FIELD_NAME_ACCEPT_CHARSET                                  
20028340  HTTPStd_FIELD_NAME_ACCEPT_ENCODING                                 
20028344  HTTPStd_FIELD_NAME_ACCEPT_LANGUAGE                                 
20028348  HTTPStd_FIELD_NAME_ACCEPT_RANGES                                   
2002834c  HTTPStd_FIELD_NAME_AGE                                             
20028350  HTTPStd_FIELD_NAME_ALLOW                                           
20028354  HTTPStd_FIELD_NAME_AUTHORIZATION                                   
20028358  HTTPStd_FIELD_NAME_CACHE_CONTROL                                   
2002835c  HTTPStd_FIELD_NAME_CONNECTION                                      
20028360  HTTPStd_FIELD_NAME_CONTENT_ENCODING                                
20028364  HTTPStd_FIELD_NAME_CONTENT_LANGUAGE                                
20028368  HTTPStd_FIELD_NAME_CONTENT_LENGTH                                  
2002836c  HTTPStd_FIELD_NAME_CONTENT_LOCATION                                
20028370  HTTPStd_FIELD_NAME_CONTENT_MD5                                     
20028374  HTTPStd_FIELD_NAME_CONTENT_RANGE                                   
20028378  HTTPStd_FIELD_NAME_CONTENT_TYPE                                    
2002837c  HTTPStd_FIELD_NAME_COOKIE                                          
20028380  HTTPStd_FIELD_NAME_DATE                                            
20028384  HTTPStd_FIELD_NAME_ETAG                                            
20028388  HTTPStd_FIELD_NAME_EXPECT                                          
2002838c  HTTPStd_FIELD_NAME_EXPIRES                                         
20028390  HTTPStd_FIELD_NAME_FROM                                            
20028394  HTTPStd_FIELD_NAME_HOST                                            
20028398  HTTPStd_FIELD_NAME_IF_MATCH                                        
2002839c  HTTPStd_FIELD_NAME_IF_MODIFIED_SINCE                               
200283a0  HTTPStd_FIELD_NAME_IF_NONE_MATCH                                   
200283a4  HTTPStd_FIELD_NAME_IF_RANGE                                        
200283a8  HTTPStd_FIELD_NAME_IF_UNMODIFIED_SINCE                             
200283ac  HTTPStd_FIELD_NAME_LAST_MODIFIED                                   
200283b0  HTTPStd_FIELD_NAME_LOCATION                                        
200283b4  HTTPStd_FIELD_NAME_MAX_FORWARDS                                    
200283b8  HTTPStd_FIELD_NAME_ORIGIN                                          
200283bc  HTTPStd_FIELD_NAME_PRAGMA                                          
200283c0  HTTPStd_FIELD_NAME_PROXY_AUTHENTICATE                              
200283c4  HTTPStd_FIELD_NAME_PROXY_AUTHORIZATION                             
200283c8  HTTPStd_FIELD_NAME_RANGE                                           
200283cc  HTTPStd_FIELD_NAME_REFERER                                         
200283d0  HTTPStd_FIELD_NAME_RETRY_AFTER                                     
200283d4  HTTPStd_FIELD_NAME_SERVER                                          
200283d8  HTTPStd_FIELD_NAME_TE                                              
200283dc  HTTPStd_FIELD_NAME_TRAILER                                         
200283e0  HTTPStd_FIELD_NAME_TRANSFER_ENCODING                               
200283e4  HTTPStd_FIELD_NAME_UPGRADE                                         
200283e8  HTTPStd_FIELD_NAME_USER_AGENT                                      
200283ec  HTTPStd_FIELD_NAME_VARY                                            
200283f0  HTTPStd_FIELD_NAME_VIA                                             
200283f4  HTTPStd_FIELD_NAME_WWW_AUTHENTICATE                                
200283f8  HTTPStd_FIELD_NAME_WARNING                                         
200283fc  HTTPStd_FIELD_NAME_X_FORWARDED_FOR                                 
20028400  HTTPStd_FIELD_NAME_SOAPACTION                                      
20028404  g_ulStatus                                                         
20028408  g_ulGatewayIP                                                      
2002840c  bytesReceived                                                      
20028410  g_uiPortNum                                                        
20028414  g_ulPacketCount                                                    
20028418  g_ucSimplelinkstarted                                              
2002841c  g_ulIpAddr                                                         
20028420  PWR1                                                               
20028424  PWR2                                                               
20028428  PWR3                                                               
2002842c  PWR4                                                               
20028430  i1                                                                 
20028434  j1                                                                 
20028438  k1                                                                 
2002843c  l1                                                                 
20028440  Phantom_var1                                                       
20028444  Phantom_var2                                                       
20028448  Phantom_var3                                                       
2002844c  Phantom_var4                                                       
20028450  Phantom_buff                                                       
20028454  variable                                                           
20028458  max1                                                               
2002845c  max2                                                               
20028460  max3                                                               
20028464  max4                                                               
20028468  SetCommitInt                                                       
2002846c  r                                                                  
20028470  philipsgetstatus                                                   
20028474  port                                                               
20028478  publishCount                                                       
2002847c  pw                                                                 
20028480  ch                                                                 
20028484  status                                                             
2002848c  ti_sysbios_family_arm_cc32xx_Seconds_Module__state__V              
20028494  ti_sysbios_family_arm_m3_Hwi_Module__root__V                       
2002849c  ti_sysbios_family_arm_m3_Hwi_Object__table__V                      
200284b4  ti_sysbios_family_arm_m3_Hwi_Module_State_0_excActive__A           
200284b8  ti_sysbios_family_arm_m3_Hwi_Module_State_0_excContext__A          
200284bc  ti_sysbios_family_arm_m3_Hwi_Module_State_0_excStack__A            
200284c0  ti_sysbios_family_arm_m3_Timer_Module__root__V                     
200284c8  ti_sysbios_family_arm_m3_Timer_Module__state__V                    
200284d4  ti_sysbios_gates_GateHwi_Module__root__V                           
200284dc  ti_sysbios_gates_GateHwi_Object__table__V                          
200284e0  ti_sysbios_gates_GateMutex_Module__root__V                         
200284e8  ti_sysbios_hal_Hwi_Module__root__V                                 
200284f0  ti_sysbios_heaps_HeapMem_Module__root__V                           
200284f8  ti_sysbios_heaps_HeapMem_Object__table__V                          
20028510  ti_sysbios_knl_Clock_Module__root__V                               
20028518  ti_sysbios_knl_Event_Module__root__V                               
20028520  ti_sysbios_knl_Mailbox_Module__root__V                             
20028528  ti_sysbios_knl_Queue_Module__root__V                               
20028530  ti_sysbios_knl_Semaphore_Module__root__V                           
20028538  ti_sysbios_knl_Swi_Module__root__V                                 
20028540  ti_sysbios_knl_Swi_Module__state__V                                
2002855c  ti_sysbios_knl_Task_Module__root__V                                
20028564  ti_sysbios_knl_Task_Module_State_0_readyQ__A                       
20028584  ti_sysbios_knl_Task_Module_State_0_idleTask__A                     
20028588  xdc_runtime_Error_Module__state__V                                 
2002858c  xdc_runtime_Memory_Module__state__V                                
20028590  xdc_runtime_Registry_Module__state__V                              
20028598  xdc_runtime_Startup_Module__state__V                               
200285a0  xdc_runtime_System_Module_State_0_atexitHandlers__A                
200285a8  xdc_runtime_System_Module__state__V                                
200285b0  xdc_runtime_Text_Module__state__V                                  
200285b8  __xdc__init__addr                                                  
200285bc  HostAddress                                                        
200286bc  _ftable                                                            
20028930  _Denorm                                                            
20028940  _Eps                                                               
20028950  _Hugeval                                                           
20028960  _Inf                                                               
20028970  _Nan                                                               
20028980  _Snan                                                              
20028990  _Rteps                                                             
200289a0  _Xbig                                                              
200289a8  _Zero                                                              
200289b0  ti_sysbios_knl_Swi_Module_State_0_readyQ__A                        
20028a30  PowerCC3200_module                                                 
20028a84  ti_sysbios_knl_Task_Object__table__V                               
20028ad0  ti_sysbios_knl_Task_Module__state__V                               
20028b14  ti_sysbios_gates_GateMutex_Object__table__V                        
20028b4c  ti_sysbios_family_arm_m3_Hwi_Module__state__V                      
20028bb0  ti_sysbios_family_arm_m3_Timer_Object__table__V                    
20028be0  ti_sysbios_knl_Swi_Object__table__V                                
20028c10  ti_sysbios_knl_Clock_Module__state__V                              
20028c60  ti_sysbios_BIOS_Module__state__V                                   
20028c84  g_H2NSyncPattern                                                   
20028c8c  g_H2NCnysPattern                                                   
20028c94  g_pCB                                                              
20028c98  pPingCallBackFunc                                                  
20028c9c  gFirstCmdMode                                                      
20028ca4  gpioPinConfigs                                                     
20028cb0  gpioCallbackFunctions                                              
20028cd0  NTP_HOSTNAME                                                       
20028ce4  g_ulStatus1                                                        
20028cf0  smarttime                                                          
20028cf4  __TI_ft_end                                                        
20028cf8  __aeabi_stdin                                                      
20028cfc  __aeabi_stdout                                                     
20028d00  __aeabi_stderr                                                     
20028d04  _tz                                                                
20028d1c  _lock                                                              
20028d20  _unlock                                                            
20028d24  __TI_cleanup_ptr                                                   
20028d28  __TI_dtors_ptr                                                     
20028d2c  _Fenv                                                              
20028d30  _Tls_setup__Fenv                                                   
20028d44  g_ConsecutiveNetAccessNetErrors                                    
20028d48  _Errno                                                             
20028d50  main_func_sp                                                       
20028d58  __stack                                                            
20029158  __STACK_END                                                        
20029158  __TI_static_base__                                                 
2002968c  __TI_Handler_Table_Base                                            
20029698  __TI_Handler_Table_Limit                                           
200296a0  __TI_CINIT_Base                                                    
200296b0  __TI_CINIT_Limit                                                   
e000e000  ti_sysbios_family_arm_m3_Hwi_nvic                                  
ffffffff  __binit__                                                          
ffffffff  __c_args__                                                         
ffffffff  binit                                                              
UNDEFED   SHT$$INIT_ARRAY$$Base                                              
UNDEFED   SHT$$INIT_ARRAY$$Limit                                             

[1382 symbols]
