******************************************************************************
                  TI ARM Linker Unix v5.2.5                    
******************************************************************************
>> Linked Wed Apr  5 14:17:36 2017

OUTPUT FILE NAME:   <subscribe_publish_sample.out>
ENTRY POINT SYMBOL: "_c_int00"  address: 2001a0d5


MEMORY CONFIGURATION

         name            origin    length      used     unused   attr    fill
----------------------  --------  ---------  --------  --------  ----  --------
  SRAM                  20004000   0003c000  000279fc  00014604  RW X


SEGMENT ALLOCATION MAP

run origin  load origin   length   init length attrs members
----------  ----------- ---------- ----------- ----- -------
20004000    20004000    00019f52   00019f52    r-x
  20004000    20004000    0000030c   0000030c    r-- .resetVecs
  20004310    20004310    00019c42   00019c42    r-x .text
2001e000    2001e000    0000b293   00000000    rw-
  2001e000    2001e000    0000b293   00000000    rw- .bss
20029294    20029294    000013f3   000013f3    r--
  20029294    20029294    000013f3   000013f3    r-- .const
2002a688    2002a688    00000ed0   00000000    rw-
  2002a688    2002a688    00000ad0   00000000    rw- .data
  2002b158    2002b158    00000400   00000000    rw- .stack
2002b558    2002b558    00000558   00000558    r--
  2002b558    2002b558    00000558   00000558    r-- .cinit


SECTION ALLOCATION MAP

 output                                  attributes/
section   page    origin      length       input sections
--------  ----  ----------  ----------   ----------------
.text      0    20004310    00019c42     
                  20004310    000012d4     subscribe_publish_sample.o (.text:runAWSClient)
                  200055e4    000010a6     rtsv7M4_T_le_eabi.lib : _printfi.obj (.text)
                  2000668a    00000002     drivers_cc32xxware.aem4 : SPICC3200DMA.oem4 (.text:SPICC3200DMA_serviceISR)
                  2000668c    00000f80     subscribe_publish_sample.o (.text:dexterpicontroller)
                  2000760c    00000778     subscribe_publish_sample.o (.text:dynamic_power_1)
                  20007d84    000005f8     ota.a : OtaHttp.obj (.text)
                  2000837c    000005f8     subscribe_publish_sample.o (.text:vinayudp)
                  20008974    000005a2     subscribe_publish_sample.o (.text:readResponse)
                  20008f16    00000002     drivers_cc32xxware.aem4 : SPICC3200DMA.oem4 (.text:SPICC3200DMA_transferCancel)
                  20008f18    00000498     subscribe_publish_sample.o (.text:ParseJSONData)
                  200093b0    00000450     subscribe_publish_sample.o (.text:HTTPPostMethodon)
                  20009800    00000430     sysbios.aem4 : BIOS.obj (.text:ti_sysbios_family_arm_m3_Hwi_excDumpRegs__I)
                  20009c30    0000042c     ota.a : OtaClient.obj (.text)
                  2000a05c    000003fc           : OtaApp.obj (.text)
                  2000a458    000003d0     sntp_sl.aem4 : sntp.oem4 (.text:syncTime)
                  2000a828    0000039a     cc3x00_host_driver.aem4 : driver.oem4 (.text:_SlDrvMsgRead)
                  2000abc2    00000002     rtsv7M4_T_le_eabi.lib : i_div0.obj (.text)
                  2000abc4    00000388     sntp_sl.aem4 : sntp.oem4 (.text:SNTP_start)
                  2000af4c    0000035c     ota.a : CdnClient.obj (.text)
                  2000b2a8    0000034c     ti.targets.arm.rtsarm.aem4 : System.oem4 (.text:xdc_runtime_System_doPrint__I)
                  2000b5f4    00000334     ota.a : LogClient.obj (.text)
                  2000b928    00000324     subscribe_publish_sample.o (.text:HTTPPostMethod)
                  2000bc4c    0000030c     rtsv7M4_T_le_eabi.lib : lowlev.obj (.text)
                  2000bf58    000002d8     aws_iot_sl.aem4 : jsmn.o (.text:jsmn_parse)
                  2000c230    000002d4     rtsv7M4_T_le_eabi.lib : trgdrv.obj (.text)
                  2000c504    000002c0     netwifi.o (.text:NetWiFi_init)
                  2000c7c4    000002a8     rtsv7M4_T_le_eabi.lib : mktime.obj (.text)
                  2000ca6c    00000298                           : vla_alloc.obj (.text)
                  2000cd04    00000268     netwifi.o (.text:setStationMode)
                  2000cf6c    00000218     subscribe_publish_sample.o (.text:updateota)
                  2000d184    00000208     drivers_cc32xxware.aem4 : UARTCC3200.oem4 (.text:UARTCC3200_open)
                  2000d38c    00000004     tirtosport.aem4 : ClockP_tirtos.oem4 (.text:ClockP_getCpuFreq)
                  2000d390    000001fc     sysbios.aem4 : BIOS.obj (.text:ti_sysbios_family_arm_m3_Hwi_excHandlerMax__I)
                  2000d58c    000001f8     main.o (.text:slTask)
                  2000d784    000001f4     rtsv7M4_T_le_eabi.lib : ull_div_t2.obj (.text)
                  2000d978    000001f0     aws_iot_sl.aem4 : aws_iot_mqtt_client_connect.o (.text:_aws_iot_mqtt_serialize_connect)
                  2000db68    000001ce                     : aws_iot_mqtt_client_common_internal.o (.text:aws_iot_mqtt_internal_init_header)
                  2000dd36    00000002     subscribe_publish_sample_pem4.oem4 (.text:ti_sysbios_BIOS_nullFunc__I)
                  2000dd38    000001c4     rtsv7M4_T_le_eabi.lib : fopen.obj (.text)
                  2000defc    000001bc     startsntp.o (.text:startNTP)
                  2000e0b8    000001b8     subscribe_publish_sample.o (.text:philipsconfig)
                  2000e270    000001b6     rtsv7M4_T_le_eabi.lib : fd_add_t2.obj (.text)
                  2000e426    00000002     subscribe_publish_sample_pem4.oem4 (.text:xdc_runtime_Startup_reset__I)
                  2000e428    000001ac     subscribe_publish_sample.o (.text:disconnectCallbackHandler)
                  2000e5d4    000001a8     cc3x00_host_driver.aem4 : wlan.oem4 (.text:sl_WlanConnect)
                  2000e77c    000001a1     subscribe_publish_sample.o (.text:flashFiledevice)
                  2000e91d    00000001     --HOLE-- [fill = 0]
                  2000e91e    00000198     subscribe_publish_sample.o (.text:bufferedRecv)
                  2000eab6    00000002     ti.targets.arm.rtsarm.aem4 : SysCallback.oem4 (.text:xdc_runtime_SysCallback_defaultExit)
                  2000eab8    00000190     subscribe_publish_sample.o (.text:power)
                  2000ec48    00000188     subscribe_publish_sample.o (.text:OTAServerInfoSet)
                  2000edd0    00000188     power_cc3200_tirtos.aem4 : PowerCC3200_tirtos.oem4 (.text:PowerCC3200_sleepPolicy)
                  2000ef58    00000184     flc.a : flc.obj (.text)
                  2000f0dc    00000180     subscribe_publish_sample.o (.text:HTTPPutMethodon)
                  2000f25c    0000017c     drivers_cc32xxware.aem4 : GPIOCC3200.oem4 (.text:GPIO_setConfig)
                  2000f3d8    00000178     subscribe_publish_sample.o (.text:HTTPPutMethod)
                  2000f550    00000176     aws_iot_sl.aem4 : jsmn.o (.text:jsmn_parse_string)
                  2000f6c6    00000174     subscribe_publish_sample.o (.text:HTTPCli_getResponseField)
                  2000f83a    00000006     cc3x00_host_driver.aem4 : socket.oem4 (.text:SL_FD_ZERO)
                  2000f840    00000174     sysbios.aem4 : BIOS.obj (.text:ti_sysbios_family_arm_m3_Hwi_excBusFault__I)
                  2000f9b4    00000004     tirtosport.aem4 : HwiP_tirtos.oem4 (.text:HwiP_clearInterrupt)
                  2000f9b8    00000164     sysbios.aem4 : BIOS.obj (.text:ti_sysbios_family_arm_m3_Hwi_excUsageFault__I)
                  2000fb1c    00000004     tirtosport.aem4 : HwiP_tirtos.oem4 (.text:HwiP_disable)
                  2000fb20    00000158     sysbios.aem4 : BIOS.obj (.text:ti_sysbios_knl_Semaphore_pend__E)
                  2000fc78    00000154     rom_pin_mux_config.o (.text:PinMuxConfig)
                  2000fdcc    00000154     drivers_cc32xxware.aem4 : SPICC3200DMA.oem4 (.text:SPICC3200DMA_transfer)
                  2000ff20    00000154     aws_iot_sl.aem4 : aws_iot_mqtt_client_common_internal.o (.text:_aws_iot_mqtt_internal_read_packet)
                  20010074    00000150     subscribe_publish_sample.o (.text:HTTPCli_connect)
                  200101c4    00000150     cc3x00_host_driver.aem4 : driver.oem4 (.text:_SlDrvRxHdrRead)
                  20010314    00000150     aws_iot_sl.aem4 : aws_iot_mqtt_client.o (.text:aws_iot_mqtt_init)
                  20010464    00000004     drivers_cc32xxware.aem4 : List.oem4 (.text:List_head)
                  20010468    00000150     sysbios.aem4 : BIOS.obj (.text:ti_sysbios_knl_Event_pend__E)
                  200105b8    00000148                  : BIOS.obj (.text:ti_sysbios_family_arm_m3_Hwi_excMemFault__I)
                  20010700    00000140     aws_iot_sl.aem4 : aws_iot_mqtt_client_subscribe.o (.text:_aws_iot_mqtt_internal_subscribe)
                  20010840    00000140     subscribe_publish_sample.o (.text:philiphsidread)
                  20010980    00000136     rtsv7M4_T_le_eabi.lib : fd_div_t2.obj (.text)
                  20010ab6    00000002     ti.targets.arm.rtsarm.aem4 : SysCallback.oem4 (.text:xdc_runtime_SysCallback_defaultFlush)
                  20010ab8    00000134     driverlib.a : prcm.obj (.text:PRCMCC3200MCUInit)
                  20010bec    00000134     rtsv7M4_T_le_eabi.lib : fputs.obj (.text)
                  20010d20    00000130     aws_iot_sl.aem4 : aws_iot_mqtt_client_connect.o (.text:_aws_iot_mqtt_deserialize_connack)
                  20010e50    00000130     subscribe_publish_sample.o (.text:getChunkedData)
                  20010f80    0000012a     aws_iot_sl.aem4 : network_sl.o (.text:iot_tls_connect)
                  200110aa    00000002     --HOLE-- [fill = 0]
                  200110ac    00000124     drivers_cc32xxware.aem4 : SPICC3200DMA.oem4 (.text:SPICC3200DMA_open)
                  200111d0    00000120     aws_iot_sl.aem4 : aws_iot_mqtt_client_connect.o (.text:_aws_iot_mqtt_internal_connect)
                  200112f0    00000118     cc3x00_host_driver.aem4 : driver.oem4 (.text:_SlDrvMsgWrite)
                  20011408    00000118     ti.targets.arm.rtsarm.aem4 : Error.oem4 (.text:xdc_runtime_Error_policyDefault__E)
                  20011520    00000114     rtsv7M4_T_le_eabi.lib : strtoul.obj (.text)
                  20011634    00000110                           : xdscale.obj (.text)
                  20011744    0000010e     aws_iot_sl.aem4 : aws_iot_mqtt_client_subscribe.o (.text:_aws_iot_mqtt_internal_resubscribe)
                  20011852    00000002     --HOLE-- [fill = 0]
                  20011854    00000104     UARTUtils.o (.text:openHandle)
                  20011958    00000100     aws_iot_sl.aem4 : aws_iot_mqtt_client_subscribe.o (.text:_aws_iot_mqtt_serialize_subscribe)
                  20011a58    00000100                     : aws_iot_mqtt_client_publish.o (.text:aws_iot_mqtt_internal_deserialize_publish)
                  20011b58    00000100     subscribe_publish_sample.o (.text:deviceidread)
                  20011c58    00000100     ti.targets.arm.rtsarm.aem4 : Core-mem.oem4 (.text:xdc_runtime_Core_createObject__I)
                  20011d58    000000fc     rtsv7M4_T_le_eabi.lib : fd_mul_t2.obj (.text)
                  20011e54    000000f8     ti.targets.arm.rtsarm.aem4 : Startup.oem4 (.text:xdc_runtime_Startup_startMods__I)
                  20011f4c    000000f8     subscribe_publish_sample_pem4.oem4 (.text:xdc_runtime_System_printfExtend__I)
                  20012044    000000f0     driverlib.a : udma.obj (.text:uDMAChannelTransferSet)
                  20012134    000000ec     cc3x00_host_driver.aem4 : driver.oem4 (.text:_SlDrvDriverCBInit)
                  20012220    000000ec     aws_iot_sl.aem4 : aws_iot_mqtt_client_subscribe.o (.text:_aws_iot_mqtt_deserialize_suback)
                  2001230c    000000ea                     : aws_iot_mqtt_client_common_internal.o (.text:_aws_iot_mqtt_internal_deliver_message)
                  200123f6    000000ea                     : aws_iot_mqtt_client_publish.o (.text:_aws_iot_mqtt_internal_publish)
                  200124e0    000000e4     subscribe_publish_sample.o (.text:ConnectToHTTPServer)
                  200125c4    000000e4     subscribe_publish_sample.o (.text:HTTPCli_sendRequest)
                  200126a8    000000e0     cc3x00_host_driver.aem4 : driver.oem4 (.text:_SlDrvDataReadOp)
                  20012788    000000e0     aws_iot_sl.aem4 : aws_iot_mqtt_client_publish.o (.text:_aws_iot_mqtt_internal_serialize_publish)
                  20012868    000000dc     network_sl.aem4 : tls_sl.oem4 (.text:TLS_create)
                  20012944    000000dc     aws_iot_sl.aem4 : aws_iot_mqtt_client_yield.o (.text:_aws_iot_mqtt_internal_yield)
                  20012a20    000000dc     rtsv7M4_T_le_eabi.lib : setvbuf.obj (.text)
                  20012afc    000000d8     subscribe_publish_sample.o (.text:FlushHTTPResponse)
                  20012bd4    000000d8     drivers_cc32xxware.aem4 : SPICC3200DMA.oem4 (.text:configDMA)
                  20012cac    000000d4     cc3x00_host_driver.aem4 : socket.oem4 (.text:sl_Select)
                  20012d80    000000d4     sysbios.aem4 : BIOS.obj (.text:ti_sysbios_knl_Mailbox_Instance_init__E)
                  20012e54    000000d0     cc3x00_host_driver.aem4 : driver.oem4 (.text:_SlDrvWaitForPoolObj)
                  20012f24    000000d0     aws_iot_sl.aem4 : jsmn.o (.text:jsmn_parse_primitive)
                  20012ff4    000000d0     drivers_cc32xxware.aem4 : GPIOCC3200.oem4 (.text:powerNotifyFxn)
                  200130c4    000000d0     sysbios.aem4 : m3_Hwi_asm.obj (.text:ti_sysbios_family_arm_m3_Hwi_dispatch__I)
                  20013194    00000004     drivers_cc32xxware.aem4 : List.oem4 (.text:List_next)
                  20013198    000000cc     sysbios.aem4 : BIOS.obj (.text:ti_sysbios_heaps_HeapMem_alloc__E)
                  20013264    00000004     network_sl.aem4 : ssock.oem4 (.text:Ssock_getSocket)
                  20013268    000000cc     sysbios.aem4 : BIOS.obj (.text:ti_sysbios_knl_Task_Instance_init__E)
                  20013334    000000cc     ti.targets.arm.rtsarm.aem4 : Core-smem.oem4 (.text:xdc_runtime_Core_constructObject__I)
                  20013400    000000c8     subscribe_publish_sample.o (.text:HTTPGetMethod)
                  200134c8    000000c8     cc3x00_host_driver.aem4 : driver.oem4 (.text:_SlDrvReleasePoolObj)
                  20013590    000000c8     aws_iot_sl.aem4 : aws_iot_mqtt_client_common_internal.o (.text:_aws_iot_mqtt_internal_handle_publish)
                  20013658    000000c8     rtsv7M4_T_le_eabi.lib : fflush.obj (.text)
                  20013720    000000c4     cc3x00_host_driver.aem4 : socket.oem4 (.text:sl_RecvFrom)
                  200137e4    000000c2     aws_iot_sl.aem4 : aws_iot_mqtt_client_common_internal.o (.text:_aws_iot_mqtt_internal_is_topic_matched)
                  200138a6    000000c0     network_sl.aem4 : ssock_sl.oem4 (.text:Ssock_startTLS)
                  20013966    00000002     --HOLE-- [fill = 0]
                  20013968    000000c0     aws_iot_sl.aem4 : aws_iot_mqtt_client_publish.o (.text:aws_iot_mqtt_internal_deserialize_ack)
                  20013a28    000000c0                     : aws_iot_mqtt_client.o (.text:aws_iot_mqtt_set_connect_params)
                  20013ae8    000000c0     sysbios.aem4 : BIOS.obj (.text:ti_sysbios_knl_Task_sleep__E)
                  20013ba8    000000be     rtsv7M4_T_le_eabi.lib : xdnorm.obj (.text)
                  20013c66    00000002     --HOLE-- [fill = 0]
                  20013c68    000000bc     network_sl.aem4 : tls_sl.oem4 (.text:createTLSContext)
                  20013d24    000000bc     cc3x00_host_driver.aem4 : socket.oem4 (.text:sl_SendTo)
                  20013de0    000000bc     sysbios.aem4 : BIOS.obj (.text:ti_sysbios_family_arm_m3_Hwi_excDebugMon__I)
                  20013e9c    00000004     drivers_wifi_cc32xxware.aem4 : osi_tirtos.oem4 (.text:mem_Malloc)
                  20013ea0    000000bc     sysbios.aem4 : BIOS.obj (.text:ti_sysbios_family_arm_m3_Hwi_excHardFault__I)
                  20013f5c    00000004     rtsv7M4_T_le_eabi.lib : error.obj (.text)
                  20013f60    000000bc     sysbios.aem4 : BIOS.obj (.text:ti_sysbios_knl_Task_Instance_finalize__E)
                  2001401c    000000b8     aws_iot_sl.aem4 : aws_iot_mqtt_client.o (.text:aws_iot_mqtt_is_client_connected)
                  200140d4    000000b8     subscribe_publish_sample.o (.text:readLine)
                  2001418c    000000b8     cc3x00_host_driver.aem4 : netapp.oem4 (.text:sl_NetAppDnsGetHostByName)
                  20014244    000000b6     network_sl.aem4 : ssock.oem4 (.text:Ssock_send)
                  200142fa    000000b6     aws_iot_sl.aem4 : aws_iot_mqtt_client_subscribe.o (.text:aws_iot_mqtt_subscribe)
                  200143b0    000000b4     subscribe_publish_sample.o (.text:MQTTcallbackHandler)
                  20014464    000000b4     cc3x00_host_driver.aem4 : netapp.oem4 (.text:_SlDrvNetAppEventHandler)
                  20014518    000000b4     aws_iot_sl.aem4 : aws_iot_mqtt_client_yield.o (.text:_aws_iot_mqtt_keep_alive)
                  200145cc    00000004     subscribe_publish_sample_pem4.oem4 (.text:ti_sysbios_BIOS_RtsGateProxy_enter__E)
                  200145d0    000000b4     sysbios.aem4 : BIOS.obj (.text:ti_sysbios_knl_Task_checkStacks__E)
                  20014684    000000b0     aws_iot_sl.aem4 : aws_iot_mqtt_client_publish.o (.text:aws_iot_mqtt_publish)
                  20014734    000000b0     cc3x00_host_driver.aem4 : socket.oem4 (.text:sl_Connect)
                  200147e4    000000ae     aws_iot_sl.aem4 : aws_iot_mqtt_client_yield.o (.text:aws_iot_mqtt_yield)
                  20014892    00000002     --HOLE-- [fill = 0]
                  20014894    000000ac     cc3x00_host_driver.aem4 : driver.oem4 (.text:_SlDrvDataWriteOp)
                  20014940    000000ac     rtsv7M4_T_le_eabi.lib : _io_perm.obj (.text)
                  200149ec    000000aa     network_sl.aem4 : certconv.oem4 (.text:CertConv_pem2der)
                  20014a96    000000a6     aws_iot_sl.aem4 : network_sl.o (.text:iot_tls_read)
                  20014b3c    000000a4                     : aws_iot_mqtt_client_publish.o (.text:aws_iot_mqtt_internal_serialize_ack)
                  20014be0    000000a4     rtsv7M4_T_le_eabi.lib : asctime.obj (.text)
                  20014c84    000000a4     cc3x00_host_driver.aem4 : socket.oem4 (.text:sl_Send)
                  20014d28    000000a2     drivers_cc32xxware.aem4 : UARTCC3200.oem4 (.text:UARTCC3200_write)
                  20014dca    00000002     --HOLE-- [fill = 0]
                  20014dcc    000000a0     driverlib.a : spi.obj (.text:SPIConfigSetExpClk)
                  20014e6c    000000a0     auto_init.aem4 : auto_init.oem4 (.text)
                  20014f0c    000000a0     ti.targets.arm.rtsarm.aem4 : Text.oem4 (.text:xdc_runtime_Text_putMod__E)
                  20014fac    0000009e     drivers_cc32xxware.aem4 : UARTCC3200.oem4 (.text:readTaskBlocking)
                  2001504a    00000002     --HOLE-- [fill = 0]
                  2001504c    0000009c     aws_iot_sl.aem4 : timer.o (.text:countdown_ms)
                  200150e8    0000009c     rtsv7M4_T_le_eabi.lib : memcpy_t2.obj (.text)
                  20015184    00000004     subscribe_publish_sample_pem4.oem4 (.text:ti_sysbios_BIOS_RtsGateProxy_leave__E)
                  20015188    0000009c     sysbios.aem4 : BIOS.obj (.text:ti_sysbios_knl_Task_postInit__I)
                  20015224    0000009a     ti.targets.arm.rtsarm.aem4 : Text.oem4 (.text:xdc_runtime_Text_putSite__E)
                  200152be    00000098     drivers_cc32xxware.aem4 : UARTCC3200.oem4 (.text:UARTCC3200_control)
                  20015356    00000098                             : UARTCC3200.oem4 (.text:UARTCC3200_readPolling)
                  200153ee    00000002     --HOLE-- [fill = 0]
                  200153f0    00000098     cc3x00_host_driver.aem4 : driver.oem4 (.text:_SlDrvMsgReadCmdCtx)
                  20015488    00000098     aws_iot_sl.aem4 : aws_iot_mqtt_client_common_internal.o (.text:aws_iot_mqtt_internal_cycle_read)
                  20015520    00000098     subscribe_publish_sample.o (.text:getStatus)
                  200155b8    00000098     rtsv7M4_T_le_eabi.lib : fclose.obj (.text)
                  20015650    00000098                           : fputc.obj (.text)
                  200156e8    00000098     cc3x00_host_driver.aem4 : device.oem4 (.text:sl_Stop)
                  20015780    00000098     subscribe_publish_sample.o (.text:xassert)
                  20015818    00000096     aws_iot_sl.aem4 : aws_iot_mqtt_client_yield.o (.text:_aws_iot_mqtt_handle_reconnect)
                  200158ae    00000002     --HOLE-- [fill = 0]
                  200158b0    00000094     driverlib.a : prcm.obj (.text:PRCMPeripheralClockGet)
                  20015944    00000094     cc3x00_host_driver.aem4 : driver.oem4 (.text:_SlFindAndSetActiveObj)
                  200159d8    00000094     aws_iot_sl.aem4 : timer.o (.text:countdown_sec)
                  20015a6c    00000094     drivers_cc32xxware.aem4 : SPICC3200DMA.oem4 (.text:initHw)
                  20015b00    00000094     sysbios.aem4 : BIOS.obj (.text:ti_sysbios_family_arm_m3_Hwi_Instance_init__E)
                  20015b94    00000092     rtsv7M4_T_le_eabi.lib : fs_div_t2.obj (.text)
                  20015c26    00000002     --HOLE-- [fill = 0]
                  20015c28    00000090     cc3x00_host_driver.aem4 : driver.oem4 (.text:_SlDrvDriverCBDeinit)
                  20015cb8    00000090     drivers_cc32xxware.aem4 : PowerCC3200.oem4 (.text:restoreNVICRegs)
                  20015d48    00000090     cc3x00_host_driver.aem4 : device.oem4 (.text:sl_Start)
                  20015dd8    00000090     netwifi.o (.text:smartConfigFxn)
                  20015e68    0000008c     subscribe_publish_sample.o (.text:HTTPCli_readResponseBody)
                  20015ef4    0000008c     UARTUtils.o (.text:UARTUtils_systemInit)
                  20015f80    0000008c     aws_iot_sl.aem4 : aws_iot_mqtt_client_connect.o (.text:_aws_iot_mqtt_internal_disconnect)
                  2001600c    00000004     subscribe_publish_sample_pem4.oem4 (.text:ti_sysbios_family_arm_m3_Hwi_destruct)
                  20016010    0000008c     sysbios.aem4 : BIOS.obj (.text:ti_sysbios_knl_Event_post__E)
                  2001609c    0000008a     aws_iot_sl.aem4 : aws_iot_mqtt_client_common_internal.o (.text:aws_iot_mqtt_internal_send_packet)
                  20016126    0000008a     drivers_cc32xxware.aem4 : UARTCC3200.oem4 (.text:readIsrTextBlocking)
                  200161b0    00000088     driverlib.a : prcm.obj (.text:PRCMHibernateIntervalSet)
                  20016238    00000088                 : pin.obj (.text:PinConfigSet)
                  200162c0    00000088     drivers_cc32xxware.aem4 : UARTCC3200.oem4 (.text:UARTCC3200_close)
                  20016348    00000088     aws_iot_sl.aem4 : aws_iot_mqtt_client_common_internal.o (.text:aws_iot_mqtt_internal_wait_for_read)
                  200163d0    00000088     cc3x00_host_driver.aem4 : fs.oem4 (.text:sl_FsRead)
                  20016458    00000088                             : fs.oem4 (.text:sl_FsWrite)
                  200164e0    00000088     drivers_cc32xxware.aem4 : SPICC3200DMA.oem4 (.text:spiHwiFxn)
                  20016568    00000088     sysbios.aem4 : BIOS.obj (.text:ti_sysbios_family_arm_m3_Hwi_initNVIC__E)
                  200165f0    00000088                  : BIOS.obj (.text:ti_sysbios_knl_Mailbox_post__E)
                  20016678    00000086     rtsv7M4_T_le_eabi.lib : fd_cmp_t2.obj (.text:__aeabi_cdcmple)
                  200166fe    00000086                           : fd_cmp_t2.obj (.text:__aeabi_cdrcmple)
                  20016784    00000084     drivers_cc32xxware.aem4 : GPIOCC3200.oem4 (.text:GPIO_init)
                  20016808    00000084     aws_iot_sl.aem4 : aws_iot_mqtt_client_connect.o (.text:aws_iot_mqtt_connect)
                  2001688c    00000084                     : aws_iot_mqtt_client_common_internal.o (.text:aws_iot_mqtt_internal_serialize_zero)
                  20016910    00000084                     : network_sl.o (.text:iot_tls_init)
                  20016994    00000084     drivers_cc32xxware.aem4 : PowerCC3200.oem4 (.text:saveNVICRegs)
                  20016a18    00000084     sysbios.aem4 : BIOS.obj (.text:ti_sysbios_family_arm_m3_Hwi_postInit__I)
                  20016a9c    00000082     driverlib.a : gpio.obj (.text:GPIOIntTypeSet)
                  20016b1e    00000082     drivers_cc32xxware.aem4 : UARTCC3200.oem4 (.text:readIsrTextCallback)
                  20016ba0    00000080     drivers_wifi_cc32xxware.aem4 : WiFiCC3200.oem4 (.text:WiFiCC3200_open)
                  20016c20    00000080     aws_iot_sl.aem4 : aws_iot_mqtt_client_connect.o (.text:_aws_iot_mqtt_is_client_state_valid_for_connect)
                  20016ca0    0000007c     driverlib.a : spi.obj (.text:SPIIntStatus)
                  20016d1c    0000007c     aws_iot_sl.aem4 : aws_iot_mqtt_client_common_internal.o (.text:_aws_iot_mqtt_internal_decode_packet_remaining_len)
                  20016d98    0000007c     subscribe_publish_sample.o (.text:checkContentField)
                  20016e14    0000007c     cc3x00_host_driver.aem4 : netcfg.oem4 (.text:sl_NetCfgGet)
                  20016e90    0000007c     sysbios.aem4 : BIOS.obj (.text:ti_sysbios_heaps_HeapMem_free__E)
                  20016f0c    0000007c     netwifi.o (.text:wlanConnect)
                  20016f88    0000007a     drivers_cc32xxware.aem4 : UARTCC3200.oem4 (.text:readTaskCallback)
                  20017002    0000007a     rtsv7M4_T_le_eabi.lib : fs_mul_t2.obj (.text)
                  2001707c    0000007a                           : memset_t2.obj (.text)
                  200170f6    00000002     --HOLE-- [fill = 0]
                  200170f8    00000078     drivers_wifi_cc32xxware.aem4 : osi_tirtos.oem4 (.text:VStartSimpleLinkSpawnTask)
                  20017170    00000078     aws_iot_sl.aem4 : aws_iot_mqtt_client_subscribe.o (.text:aws_iot_mqtt_resubscribe)
                  200171e8    00000078     main.o (.text:main)
                  20017260    00000076     driverlib.a : uart.obj (.text:UARTConfigSetExpClk)
                  200172d6    00000002     --HOLE-- [fill = 0]
                  200172d8    00000074     cc3x00_host_driver.aem4 : driver.oem4 (.text:_SlDrvClassifyRxMsg)
                  2001734c    00000074     subscribe_publish_sample.o (.text:sprsend)
                  200173c0    00000074     sysbios.aem4 : BIOS.obj (.text:ti_sysbios_knl_Mailbox_pend__E)
                  20017434    00000071     network_sl.aem4 : tls_sl.oem4 (.text:getDirPath)
                  200174a5    00000003     --HOLE-- [fill = 0]
                  200174a8    00000070     drivers_cc32xxware.aem4 : PowerCC3200.oem4 (.text:Power_sleep)
                  20017518    00000070     cc3x00_host_driver.aem4 : driver.oem4 (.text:_SlDrvCmdOp)
                  20017588    00000070     rtsv7M4_T_le_eabi.lib : printf.obj (.text)
                  200175f8    00000070     cc3x00_host_driver.aem4 : fs.oem4 (.text:sl_FsClose)
                  20017668    00000070                             : wlan.oem4 (.text:sl_WlanSmartConfigStart)
                  200176d8    00000070     sysbios.aem4 : BIOS.obj (.text:ti_sysbios_knl_Mailbox_Instance_finalize__E)
                  20017748    00000070                  : BIOS.obj (.text:ti_sysbios_knl_Semaphore_post__E)
                  200177b8    0000006d     ti.targets.arm.rtsarm.aem4 : System.oem4 (.text:xdc_runtime_System_formatNum__I)
                  20017825    00000003     --HOLE-- [fill = 0]
                  20017828    0000006c     cc3x00_host_driver.aem4 : driver.oem4 (.text:_SlDrvMsgReadSpawnCtx)
                  20017894    0000006c     drivers_cc32xxware.aem4 : UARTCC3200.oem4 (.text:initHw)
                  20017900    0000006c     rtsv7M4_T_le_eabi.lib : fprintf.obj (.text)
                  2001796c    00000004     subscribe_publish_sample_pem4.oem4 (.text:ti_sysbios_family_arm_m3_TaskSupport_Module__startupDone__S)
                  20017970    0000006c     sysbios.aem4 : BIOS.obj (.text:ti_sysbios_family_arm_cc32xx_Seconds_getCount__I)
                  200179dc    00000004     subscribe_publish_sample_pem4.oem4 (.text:ti_sysbios_heaps_HeapMem_Module_GateProxy_enter__E)
                  200179e0    0000006c     sysbios.aem4 : BIOS.obj (.text:ti_sysbios_knl_Clock_workFunc__E)
                  20017a4c    00000004     subscribe_publish_sample_pem4.oem4 (.text:ti_sysbios_heaps_HeapMem_Module_GateProxy_leave__E)
                  20017a50    0000006c     sysbios.aem4 : BIOS.obj (.text:ti_sysbios_knl_Swi_restoreHwi__E)
                  20017abc    00000004     subscribe_publish_sample_pem4.oem4 (.text:ti_sysbios_knl_Clock_TimerProxy_getMaxTicks__E)
                  20017ac0    0000006c     sysbios.aem4 : BIOS.obj (.text:ti_sysbios_knl_Task_exit__E)
                  20017b2c    0000006c     ti.targets.arm.rtsarm.aem4 : Error.oem4 (.text:xdc_runtime_Error_print__E)
                  20017b98    0000006c                                : Memory.oem4 (.text:xdc_runtime_Memory_alloc__E)
                  20017c04    0000006a     rtsv7M4_T_le_eabi.lib : copy_decompress_rle.obj (.text)
                  20017c6e    0000006a     sntp_sl.aem4 : sntp.oem4 (.text:socketSetup)
                  20017cd8    00000068     driverlib.a : prcm.obj (.text:PRCMHibernateWakeUpGPIOSelect)
                  20017d40    00000068     cc3x00_host_driver.aem4 : fs.oem4 (.text:_sl_GetCreateFsMode)
                  20017da8    00000068     aws_iot_sl.aem4 : aws_iot_mqtt_client_connect.o (.text:aws_iot_mqtt_disconnect)
                  20017e10    00000068     rtsv7M4_T_le_eabi.lib : trgmsg.obj (.text)
                  20017e78    00000068     drivers_wifi_cc32xxware.aem4 : WiFiCC3200.oem4 (.text:spi_Read)
                  20017ee0    00000068                                  : WiFiCC3200.oem4 (.text:spi_Write)
                  20017f48    00000068     drivers_cc32xxware.aem4 : UARTCC3200.oem4 (.text:writeData)
                  20017fb0    00000067     subscribe_publish_sample.o (.text:HTTPCli_sendField)
                  20018017    00000001     --HOLE-- [fill = 0]
                  20018018    00000066     rtsv7M4_T_le_eabi.lib : xdunscal.obj (.text)
                  2001807e    00000066     ti.targets.arm.rtsarm.aem4 : Core-mem.oem4 (.text:xdc_runtime_Core_deleteObject__I)
                  200180e4    00000064     drivers_cc32xxware.aem4 : GPIOCC3200.oem4 (.text:GPIO_hwiIntFxn)
                  20018148    00000064     cc3x00_host_driver.aem4 : netapp.oem4 (.text:_sl_HandleAsync_DnsGetHostByName)
                  200181ac    00000064     aws_iot_sl.aem4 : aws_iot_mqtt_client_common_internal.o (.text:aws_iot_mqtt_internal_decode_remaining_length_from_buffer)
                  20018210    00000064     rtsv7M4_T_le_eabi.lib : fseek.obj (.text)
                  20018274    00000004     subscribe_publish_sample_pem4.oem4 (.text:ti_sysbios_knl_Clock_TimerProxy_setPeriodMicroSecs__E)
                  20018278    00000064     sysbios.aem4 : BIOS.obj (.text:ti_sysbios_family_arm_m3_Hwi_dispatchC__I)
                  200182dc    00000064     subscribe_publish_sample_pem4.oem4 (.text:ti_sysbios_knl_Mailbox_create)
                  20018340    00000064     driverlib.a : udma.obj (.text:uDMAChannelAttributeDisable)
                  200183a4    00000062     tirtosport.aem4 : HwiP_tirtos.oem4 (.text:HwiP_create)
                  20018406    00000060     rtsv7M4_T_le_eabi.lib : fs_cmp_t2.obj (.text:__aeabi_cfcmple)
                  20018466    00000060                           : fs_cmp_t2.obj (.text:__aeabi_cfrcmple)
                  200184c6    00000002     --HOLE-- [fill = 0]
                  200184c8    00000060     cc3x00_host_driver.aem4 : netapp.oem4 (.text:_sl_HandleAsync_DnsGetHostByService)
                  20018528    00000060                             : device.oem4 (.text:_sl_HandleAsync_InitComplete)
                  20018588    00000060                             : netapp.oem4 (.text:_sl_HandleAsync_PingResponse)
                  200185e8    00000060     rtsv7M4_T_le_eabi.lib : sprintf.obj (.text)
                  20018648    00000060     sysbios.aem4 : BIOS.obj (.text:ti_sysbios_knl_Task_schedule__I)
                  200186a8    0000005e     aws_iot_sl.aem4 : aws_iot_mqtt_client_publish.o (.text:_aws_iot_mqtt_read_string_with_len)
                  20018706    0000005e     drivers_cc32xxware.aem4 : UARTCC3200.oem4 (.text:readIsrBinaryBlocking)
                  20018764    00000004     subscribe_publish_sample_pem4.oem4 (.text:ti_sysbios_knl_Clock_TimerProxy_start__E)
                  20018768    0000005c     sysbios.aem4 : BIOS.obj (.text:ti_sysbios_knl_Swi_run__I)
                  200187c4    00000004     subscribe_publish_sample_pem4.oem4 (.text:ti_sysbios_knl_Clock_TimerProxy_stop__E)
                  200187c8    0000005c     sysbios.aem4 : BIOS.obj (.text:ti_sysbios_knl_Swi_schedule__I)
                  20018824    00000004     subscribe_publish_sample_pem4.oem4 (.text:ti_sysbios_knl_Clock_destruct)
                  20018828    0000005c     sysbios.aem4 : BIOS.obj (.text:ti_sysbios_knl_Task_Module_startup__E)
                  20018884    0000005c     subscribe_publish_sample_pem4.oem4 (.text:ti_sysbios_knl_Task_create)
                  200188e0    0000005c     sysbios.aem4 : BIOS.obj (.text:ti_sysbios_knl_Task_startCore__E)
                  2001893c    0000005b     ti.targets.arm.rtsarm.aem4 : Text.oem4 (.text:xdc_runtime_Text_putLab__E)
                  20018997    00000001     --HOLE-- [fill = 0]
                  20018998    0000005a     tirtosport.aem4 : ClockP_tirtos.oem4 (.text:ClockP_create)
                  200189f2    0000005a     drivers_cc32xxware.aem4 : SPICC3200DMA.oem4 (.text:SPICC3200DMA_close)
                  20018a4c    0000005a     aws_iot_sl.aem4 : aws_iot_mqtt_client_connect.o (.text:aws_iot_mqtt_attempt_reconnect)
                  20018aa6    0000005a                     : network_sl.o (.text:iot_tls_write)
                  20018b00    00000058     driverlib.a : prcm.obj (.text:PRCMPeripheralReset)
                  20018b58    00000058     drivers_cc32xxware.aem4 : PowerCC3200.oem4 (.text:Power_init)
                  20018bb0    00000058     tirtosport.aem4 : SemaphoreP_tirtos.oem4 (.text:SemaphoreP_create)
                  20018c08    00000058     cc3x00_host_driver.aem4 : driver.oem4 (.text:_SlDrvCmdSend)
                  20018c60    00000058     aws_iot_sl.aem4 : aws_iot_mqtt_client_connect.o (.text:_aws_iot_get_connect_packet_length)
                  20018cb8    00000058     cc3x00_host_driver.aem4 : netapp.oem4 (.text:_sl_NetAppSendTokenValue)
                  20018d10    00000058     aws_iot_sl.aem4 : aws_iot_mqtt_client.o (.text:aws_iot_is_autoreconnect_enabled)
                  20018d68    00000058     startsntp.o (.text:setTime)
                  20018dc0    00000058     cc3x00_host_driver.aem4 : socket.oem4 (.text:sl_Bind)
                  20018e18    00000058     subscribe_publish_sample_pem4.oem4 (.text:ti_sysbios_family_arm_m3_Hwi_construct)
                  20018e70    00000056     rtsv7M4_T_le_eabi.lib : ltoa.obj (.text)
                  20018ec6    00000002     --HOLE-- [fill = 0]
                  20018ec8    00000054     CC3200_LAUNCHXL.o (.text:CC3200_LAUNCHXL_initDMA)
                  20018f1c    00000054     sntp_sl.aem4 : sntp.oem4 (.text:SNTP_setServers)
                  20018f70    00000054     drivers_cc32xxware.aem4 : UARTCC3200.oem4 (.text:UARTCC3200_writeCancel)
                  20018fc4    00000054                             : UARTCC3200.oem4 (.text:readIsrBinaryCallback)
                  20019018    00000054     cc3x00_host_driver.aem4 : fs.oem4 (.text:sl_FsOpen)
                  2001906c    00000054                             : socket.oem4 (.text:sl_SetSockOpt)
                  200190c0    00000054     sysbios.aem4 : BIOS.obj (.text:ti_sysbios_family_arm_m3_Timer_start__E)
                  20019114    00000054     ti.targets.arm.rtsarm.aem4 : Assert.oem4 (.text:xdc_runtime_Assert_raise__I)
                  20019168    00000050     drivers_wifi_cc32xxware.aem4 : WiFiCC3200.oem4 (.text:CC3X00_NWP_enablePreamble)
                  200191b8    00000050     drivers_cc32xxware.aem4 : GPIOCC3200.oem4 (.text:GPIO_write)
                  20019208    00000050     cc3x00_host_driver.aem4 : socket.oem4 (.text:_sl_HandleAsync_Connect)
                  20019258    00000050     rtsv7M4_T_le_eabi.lib : _tvaltostr.obj (.text)
                  200192a8    00000050     cc3x00_host_driver.aem4 : device.oem4 (.text:sl_DevSet)
                  200192f8    00000050                             : netcfg.oem4 (.text:sl_NetCfgSet)
                  20019348    00000050     subscribe_publish_sample.o (.text:sstartNTP)
                  20019398    00000050     sysbios.aem4 : BIOS.obj (.text:ti_sysbios_family_arm_m3_Hwi_Module_startup__E)
                  200193e8    00000050                  : BIOS.obj (.text:ti_sysbios_knl_Clock_Instance_init__E)
                  20019438    00000050     ti.targets.arm.rtsarm.aem4 : Startup.oem4 (.text:xdc_runtime_Startup_exec__E)
                  20019488    0000004d     sntp_sl.aem4 : sntp.oem4 (.text:hasKissCode)
                  200194d5    00000003     --HOLE-- [fill = 0]
                  200194d8    0000004c     drivers_cc32xxware.aem4 : GPIOCC3200.oem4 (.text:GPIO_setCallback)
                  20019524    0000004c     driverlib.a : spi.obj (.text:SPIIntDisable)
                  20019570    0000004c                 : spi.obj (.text:SPIIntEnable)
                  200195bc    0000004c     cc3x00_host_driver.aem4 : device.oem4 (.text:_SlDrvDeviceEventHandler)
                  20019608    0000004c                             : socket.oem4 (.text:_sl_HandleAsync_Accept)
                  20019654    0000004c     subscribe_publish_sample.o (.text:lookUpResponseFields)
                  200196a0    0000004c     rtsv7M4_T_le_eabi.lib : atoi.obj (.text)
                  200196ec    0000004c                           : atol.obj (.text)
                  20019738    0000004c                           : cpy_tbl.obj (.text)
                  20019784    0000004c                           : localtim.obj (.text)
                  200197d0    0000004c     sysbios.aem4 : m3_TaskSupport_asm.obj (.text:ti_sysbios_family_arm_m3_TaskSupport_buildTaskStack)
                  2001981c    00000004     subscribe_publish_sample_pem4.oem4 (.text:ti_sysbios_knl_Event_delete)
                  20019820    0000004c     sysbios.aem4 : BIOS.obj (.text:ti_sysbios_heaps_HeapMem_getStats__E)
                  2001986c    00000004     subscribe_publish_sample_pem4.oem4 (.text:ti_sysbios_knl_Mailbox_delete)
                  20019870    0000004c     sysbios.aem4 : BIOS.obj (.text:ti_sysbios_knl_Swi_runLoop__I)
                  200198bc    00000004     subscribe_publish_sample_pem4.oem4 (.text:ti_sysbios_knl_Queue_destruct)
                  200198c0    0000004c     sysbios.aem4 : BIOS.obj (.text:ti_sysbios_knl_Task_allBlockedFunction__I)
                  2001990c    0000004c     driverlib.a : udma.obj (.text:uDMAChannelAssign)
                  20019958    00000048                 : flash.obj (.text:FlashDisable)
                  200199a0    00000048                 : prcm.obj (.text:PRCMHibernateWakeupSourceEnable)
                  200199e8    00000048                 : pin.obj (.text:PinConfigGet)
                  20019a30    00000048                 : spi.obj (.text:SPIIntClear)
                  20019a78    00000048     cc3x00_host_driver.aem4 : driver.oem4 (.text:_SlRemoveFromList)
                  20019ac0    00000048     network_sl.aem4 : tls_sl.oem4 (.text:flashFile)
                  20019b08    00000048     drivers_cc32xxware.aem4 : PowerCC3200.oem4 (.text:notify)
                  20019b50    00000048     rtsv7M4_T_le_eabi.lib : fd_toi_t2.obj (.text)
                  20019b98    00000048                           : fd_tos_t2.obj (.text)
                  20019be0    00000048     cc3x00_host_driver.aem4 : socket.oem4 (.text:sl_Recv)
                  20019c28    00000048     sysbios.aem4 : BIOS.obj (.text:ti_sysbios_family_arm_m3_Hwi_disableInterrupt__E)
                  20019c70    00000048                  : BIOS.obj (.text:ti_sysbios_family_arm_m3_Hwi_enableInterrupt__E)
                  20019cb8    00000048                  : BIOS.obj (.text:ti_sysbios_family_arm_m3_Hwi_excReserved__I)
                  20019d00    00000048                  : m3_Hwi_asm_switch.obj (.text:ti_sysbios_family_arm_m3_Hwi_initStacks__E)
                  20019d48    00000048                  : BIOS.obj (.text:ti_sysbios_family_arm_m3_Timer_initDevice__I)
                  20019d90    00000048                  : BIOS.obj (.text:ti_sysbios_family_arm_m3_Timer_setPeriod__E)
                  20019dd8    00000048                  : BIOS.obj (.text:ti_sysbios_knl_Mailbox_Module_startup__E)
                  20019e20    00000046     drivers_cc32xxware.aem4 : RingBuf.oem4 (.text:RingBuf_put)
                  20019e66    00000046     aws_iot_sl.aem4 : aws_iot_mqtt_client_common_internal.o (.text:aws_iot_mqtt_internal_write_len_to_buffer)
                  20019eac    00000046                     : aws_iot_mqtt_client_common_internal.o (.text:aws_iot_mqtt_internal_write_uint_16)
                  20019ef2    00000046     rtsv7M4_T_le_eabi.lib : ldexp.obj (.text)
                  20019f38    00000046     ti.targets.arm.rtsarm.aem4 : Core-params.oem4 (.text:xdc_runtime_Core_assignParams__I)
                  20019f7e    00000002     --HOLE-- [fill = 0]
                  20019f80    00000044     driverlib.a : prcm.obj (.text:PRCMLPDSEnter)
                  20019fc4    00000044     drivers_cc32xxware.aem4 : PowerCC3200_asm.oem4 (.text:PowerCC3200_enterLPDS)
                  2001a008    00000044     driverlib.a : spi.obj (.text:SPIDmaMaskGet)
                  2001a04c    00000044     drivers_cc32xxware.aem4 : UARTCC3200.oem4 (.text:UARTCC3200_hwiIntFxn)
                  2001a090    00000044     cc3x00_host_driver.aem4 : driver.oem4 (.text:_SlAsyncEventGenericHandler)
                  2001a0d4    00000044     boot.aem4 : boot.oem4 (.text)
                  2001a118    00000044     rtsv7M4_T_le_eabi.lib : exit.obj (.text)
                  2001a15c    00000044     cc3x00_host_driver.aem4 : fs.oem4 (.text:sl_FsDel)
                  2001a1a0    00000044                             : wlan.oem4 (.text:sl_WlanPolicySet)
                  2001a1e4    00000004     subscribe_publish_sample_pem4.oem4 (.text:ti_sysbios_knl_Semaphore_delete)
                  2001a1e8    00000044     sysbios.aem4 : BIOS.obj (.text:ti_sysbios_family_arm_cc32xx_Seconds_set__E)
                  2001a22c    00000004     subscribe_publish_sample_pem4.oem4 (.text:ti_sysbios_knl_Semaphore_destruct)
                  2001a230    00000044     sysbios.aem4 : BIOS.obj (.text:ti_sysbios_family_arm_m3_Hwi_getStackInfo__E)
                  2001a274    00000004     subscribe_publish_sample_pem4.oem4 (.text:ti_sysbios_knl_Task_delete)
                  2001a278    00000044     sysbios.aem4 : BIOS.obj (.text:ti_sysbios_knl_Swi_post__E)
                  2001a2bc    00000044     ti.targets.arm.rtsarm.aem4 : Error.oem4 (.text:xdc_runtime_Error_setX__E)
                  2001a300    00000044                                : Text.oem4 (.text:xdc_runtime_Text_xprintf__I)
                  2001a344    00000042     drivers_cc32xxware.aem4 : PowerCC3200_asm.oem4 (.text:PowerCC3200_resumeLPDS)
                  2001a386    00000042                             : UARTCC3200.oem4 (.text:UARTCC3200_writePolling)
                  2001a3c8    00000042     aws_iot_sl.aem4 : aws_iot_mqtt_client_common_internal.o (.text:aws_iot_mqtt_internal_get_final_packet_length_from_remaining_length)
                  2001a40a    00000042                     : aws_iot_mqtt_client_common_internal.o (.text:aws_iot_mqtt_internal_read_uint16_t)
                  2001a44c    00000042                     : aws_iot_mqtt_client.o (.text:aws_iot_mqtt_set_client_state)
                  2001a48e    00000042     subscribe_publish_sample.o (.text:skipLine)
                  2001a4d0    00000040     drivers_cc32xxware.aem4 : GPIOCC3200.oem4 (.text:GPIO_enableInt)
                  2001a510    00000040     driverlib.a : pin.obj (.text:PinModeSet)
                  2001a550    00000040     drivers_cc32xxware.aem4 : PowerCC3200.oem4 (.text:Power_setDependency)
                  2001a590    00000040                             : RingBuf.oem4 (.text:RingBuf_get)
                  2001a5d0    00000040                             : UARTCC3200.oem4 (.text:UARTCC3200_read)
                  2001a610    00000040     cc3x00_host_driver.aem4 : driver.oem4 (.text:_SlDrvRxIrqHandler)
                  2001a650    00000040                             : socket.oem4 (.text:_sl_HandleAsync_Select)
                  2001a690    00000040     sntp_sl.aem4 : sntp.oem4 (.text:changeServer)
                  2001a6d0    00000040     aws_iot_sl.aem4 : network_sl.o (.text:iot_tls_disconnect)
                  2001a710    00000040                     : jsmn.o (.text:jsmn_alloc_token)
                  2001a750    00000040     drivers_wifi_cc32xxware.aem4 : osi_tirtos.oem4 (.text:osi_LockObjLock)
                  2001a790    00000040                                  : osi_tirtos.oem4 (.text:osi_SyncObjCreate)
                  2001a7d0    00000040                                  : osi_tirtos.oem4 (.text:osi_SyncObjWait)
                  2001a810    00000040     rtsv7M4_T_le_eabi.lib : signal.obj (.text)
                  2001a850    00000040                           : strtok.obj (.text)
                  2001a890    00000040                           : u_divt2.obj (.text)
                  2001a8d0    00000040     sysbios.aem4 : BIOS.obj (.text:ti_sysbios_heaps_HeapMem_Instance_init__E)
                  2001a910    0000003e     aws_iot_sl.aem4 : aws_iot_mqtt_client_yield.o (.text:_aws_iot_mqtt_handle_disconnect)
                  2001a94e    0000003e     network_sl.aem4 : certconv.oem4 (.text:base64Decode)
                  2001a98c    0000003e     subscribe_publish_sample_pem4.oem4 (.text:realloc)
                  2001a9ca    00000002     --HOLE-- [fill = 0]
                  2001a9cc    0000003c     driverlib.a : prcm.obj (.text:PRCMPeripheralClkEnable)
                  2001aa08    0000003c                 : prcm.obj (.text:PRCMSlowClkCtrFastGet)
                  2001aa44    0000003c                 : pin.obj (.text:PinDirModeSet)
                  2001aa80    0000003c     drivers_cc32xxware.aem4 : WiFi.oem4 (.text:WiFi_open)
                  2001aabc    0000003c     cc3x00_host_driver.aem4 : device.oem4 (.text:_sl_HandleAsync_Stop)
                  2001aaf8    0000003c     aws_iot_sl.aem4 : network_sl.o (.text:iot_tls_set_connect_params)
                  2001ab34    0000003c     drivers_wifi_cc32xxware.aem4 : WiFiCC3200.oem4 (.text:spi_Open)
                  2001ab70    0000003c     sysbios.aem4 : BIOS.obj (.text:ti_sysbios_family_arm_m3_Hwi_excSvCall__I)
                  2001abac    00000004     ti.targets.arm.rtsarm.aem4 : Error.oem4 (.text:xdc_runtime_Error_getSite__E)
                  2001abb0    0000003c     sysbios.aem4 : BIOS.obj (.text:ti_sysbios_family_arm_m3_Timer_setPeriodMicroSecs__E)
                  2001abec    00000004     subscribe_publish_sample_pem4.oem4 (.text:xdc_runtime_System_Module_GateProxy_enter__E)
                  2001abf0    0000003c     sysbios.aem4 : BIOS.obj (.text:ti_sysbios_heaps_HeapMem_init__I)
                  2001ac2c    00000004     subscribe_publish_sample_pem4.oem4 (.text:xdc_runtime_System_Module_GateProxy_leave__E)
                  2001ac30    0000003c     sysbios.aem4 : BIOS.obj (.text:ti_sysbios_knl_Clock_walkQueuePeriodic__E)
                  2001ac6c    00000004     ti.targets.arm.rtsarm.aem4 : System.oem4 (.text:xdc_runtime_System_aprintf_va__F)
                  2001ac70    0000003c     sysbios.aem4 : BIOS.obj (.text:ti_sysbios_knl_Swi_restore__E)
                  2001acac    0000003c     driverlib.a : udma.obj (.text:uDMAChannelControlSet)
                  2001ace8    0000003a     aws_iot_sl.aem4 : network_sl.o (.text:iot_tls_destroy)
                  2001ad22    00000038     driverlib.a : adc.obj (.text:ADCChannelEnable)
                  2001ad5a    00000038     subscribe_publish_sample.o (.text:HTTPCli_sendRequestBody)
                  2001ad92    00000002     --HOLE-- [fill = 0]
                  2001ad94    00000038     driverlib.a : prcm.obj (.text:PRCMIntEnable)
                  2001adcc    00000038     power_cc3200_tirtos.aem4 : PowerCC3200_tirtos.oem4 (.text:PowerCC3200_initPolicy)
                  2001ae04    00000038     drivers_cc32xxware.aem4 : SPI.oem4 (.text:SPI_init)
                  2001ae3c    00000038                             : UART.oem4 (.text:UART_init)
                  2001ae74    00000038                             : WiFi.oem4 (.text:WiFi_init)
                  2001aeac    00000038     aws_iot_sl.aem4 : aws_iot_mqtt_client_common_internal.o (.text:aws_iot_mqtt_internal_write_utf8_string)
                  2001aee4    00000038                     : timer.o (.text:left_ms)
                  2001af1c    00000038     drivers_wifi_cc32xxware.aem4 : osi_tirtos.oem4 (.text:osi_LockObjCreate)
                  2001af54    00000038     rtsv7M4_T_le_eabi.lib : fs_tod_t2.obj (.text)
                  2001af8c    00000038                           : fs_toi_t2.obj (.text)
                  2001afc4    00000038                           : i_tofs_t2.obj (.text)
                  2001affc    00000038     cc3x00_host_driver.aem4 : socket.oem4 (.text:sl_Htonl)
                  2001b034    00000038     drivers_cc32xxware.aem4 : SPICC3200DMA.oem4 (.text:spiPollingTransfer16)
                  2001b06c    00000038                             : SPICC3200DMA.oem4 (.text:spiPollingTransfer8)
                  2001b0a4    00000004     ti.targets.arm.rtsarm.aem4 : System.oem4 (.text:xdc_runtime_System_printf_va__F)
                  2001b0a8    00000038     sysbios.aem4 : BIOS.obj (.text:ti_sysbios_family_arm_cc32xx_Seconds_get__E)
                  2001b0e0    00000038                  : BIOS.obj (.text:ti_sysbios_family_arm_m3_Hwi_excNoIsr__I)
                  2001b118    00000038                  : BIOS.obj (.text:ti_sysbios_knl_Task_processVitalTaskFlag__I)
                  2001b150    00000038     ti.targets.arm.rtsarm.aem4 : System.oem4 (.text:xdc_runtime_System_atexit__E)
                  2001b188    00000036     driverlib.a : gpio.obj (.text:GPIODirModeSet)
                  2001b1be    00000036     subscribe_publish_sample.o (.text:HTTPCli_readRawResponseBody)
                  2001b1f4    00000036     drivers_cc32xxware.aem4 : UARTCC3200.oem4 (.text:UARTCC3200_readCancel)
                  2001b22a    00000002     --HOLE-- [fill = 0]
                  2001b22c    00000034     drivers_wifi_cc32xxware.aem4 : WiFiCC3200.oem4 (.text:CC3X00_NWP_disable)
                  2001b260    00000034     driverlib.a : prcm.obj (.text:PRCMPeripheralStatusGet)
                  2001b294    00000034                 : prcm.obj (.text:PRCMSRAMRetentionEnable)
                  2001b2c8    00000034     drivers_cc32xxware.aem4 : PowerCC3200.oem4 (.text:Power_releaseDependency)
                  2001b2fc    00000034     driverlib.a : spi.obj (.text:SPIFIFOLevelSet)
                  2001b330    00000034     UARTUtils.o (.text:UARTUtils_deviceread)
                  2001b364    00000034     UARTUtils.o (.text:UARTUtils_devicewrite)
                  2001b398    00000034     cc3x00_host_driver.aem4 : driver.oem4 (.text:_SlDrvBasicCmd)
                  2001b3cc    00000034                             : driver.oem4 (.text:_SlDrvProtectAsyncRespSetting)
                  2001b400    00000034     UARTUtils.o (.text:closeHandle)
                  2001b434    00000034     power_cc3200_tirtos.aem4 : PowerCC3200_tirtos.oem4 (.text:getCountsRTC)
                  2001b468    00000034     drivers_cc32xxware.aem4 : PowerCC3200.oem4 (.text:restorePeriphClocks)
                  2001b49c    00000034     rtsv7M4_T_le_eabi.lib : feraiseexcept.obj (.text)
                  2001b4d0    00000034                           : strstr.obj (.text)
                  2001b504    00000034     subscribe_publish_sample.o (.text:sendto)
                  2001b538    00000034     cc3x00_host_driver.aem4 : socket.oem4 (.text:sl_Htons)
                  2001b56c    00000004     --HOLE-- [fill = 0]
                  2001b570    00000034     sysbios.aem4 : BIOS.obj (.text:ti_sysbios_family_arm_m3_Hwi_Instance_finalize__E)
                  2001b5a4    00000004     --HOLE-- [fill = 0]
                  2001b5a8    00000034                  : BIOS.obj (.text:ti_sysbios_family_arm_m3_Hwi_excNmi__I)
                  2001b5dc    00000004     --HOLE-- [fill = 0]
                  2001b5e0    00000034                  : BIOS.obj (.text:ti_sysbios_family_arm_m3_Timer_periodicStub__I)
                  2001b614    00000004     --HOLE-- [fill = 0]
                  2001b618    00000034                  : BIOS.obj (.text:ti_sysbios_hal_Hwi_checkStack)
                  2001b64c    00000034     subscribe_publish_sample_pem4.oem4 (.text:ti_sysbios_knl_Clock_construct)
                  2001b680    00000034     subscribe_publish_sample_pem4.oem4 (.text:ti_sysbios_knl_Semaphore_create)
                  2001b6b4    00000034     ti.targets.arm.rtsarm.aem4 : Core-label.oem4 (.text:xdc_runtime_Core_assignLabel__I)
                  2001b6e8    00000033                                : Text.oem4 (.text:xdc_runtime_Text_printVisFxn__I)
                  2001b71b    00000001     --HOLE-- [fill = 0]
                  2001b71c    00000032     subscribe_publish_sample.o (.text:HTTPCli_disconnect)
                  2001b74e    00000032     network_sl.aem4 : ssock.oem4 (.text:Ssock_recv)
                  2001b780    00000032     subscribe_publish_sample.o (.text:recvfrom)
                  2001b7b2    00000032     drivers_cc32xxware.aem4 : SPICC3200DMA.oem4 (.text:spiPollingTransfer32)
                  2001b7e4    00000004     --HOLE-- [fill = 0]
                  2001b7e8    00000032     sysbios.aem4 : BIOS.obj (.text:ti_sysbios_hal_Hwi_initStack)
                  2001b81a    00000030     driverlib.a : pin.obj (.text:PinTypeGPIO)
                  2001b84a    00000002     --HOLE-- [fill = 0]
                  2001b84c    00000030     drivers_cc32xxware.aem4 : PowerCC3200.oem4 (.text:Power_releaseConstraint)
                  2001b87c    00000030                             : PowerCC3200.oem4 (.text:Power_setConstraint)
                  2001b8ac    00000030                             : SPI.oem4 (.text:SPI_open)
                  2001b8dc    00000030     netwifi.o (.text:SimpleLinkWlanEventHandler)
                  2001b90c    00000030     driverlib.a : uart.obj (.text:UARTDisable)
                  2001b93c    00000030     drivers_cc32xxware.aem4 : UART.oem4 (.text:UART_open)
                  2001b96c    00000030     aws_iot_sl.aem4 : aws_iot_mqtt_client_subscribe.o (.text:_aws_iot_mqtt_get_free_message_handler_index)
                  2001b99c    00000030     drivers_wifi_cc32xxware.aem4 : WiFiCC3200.oem4 (.text:registerInterruptHandler)
                  2001b9cc    00000030     rtsv7M4_T_le_eabi.lib : strcasecmp.obj (.text)
                  2001b9fc    00000030                           : strncpy.obj (.text)
                  2001ba2c    00000030                           : xferaise.obj (.text)
                  2001ba5c    00000030     cc3x00_host_driver.aem4 : socket.oem4 (.text:sl_Socket)
                  2001ba8c    00000030     subscribe_publish_sample_pem4.oem4 (.text:ti_sysbios_BIOS_atExitFunc__I)
                  2001babc    00000004     --HOLE-- [fill = 0]
                  2001bac0    00000030     sysbios.aem4 : BIOS.obj (.text:ti_sysbios_family_arm_m3_TaskSupport_start__E)
                  2001baf0    00000030     subscribe_publish_sample_pem4.oem4 (.text:ti_sysbios_gates_GateHwi_Object__create__S)
                  2001bb20    00000030     subscribe_publish_sample_pem4.oem4 (.text:ti_sysbios_gates_GateMutex_Object__create__S)
                  2001bb50    00000030     sysbios.aem4 : BIOS.obj (.text:ti_sysbios_gates_GateMutex_enter__E)
                  2001bb80    00000030     subscribe_publish_sample_pem4.oem4 (.text:ti_sysbios_heaps_HeapMem_Object__create__S)
                  2001bbb0    00000030     subscribe_publish_sample_pem4.oem4 (.text:ti_sysbios_knl_Event_create)
                  2001bbe0    00000030     sysbios.aem4 : BIOS.obj (.text:ti_sysbios_knl_Event_pendTimeout__I)
                  2001bc10    00000030                  : BIOS.obj (.text:ti_sysbios_knl_Mailbox_postInit__I)
                  2001bc40    00000030     subscribe_publish_sample_pem4.oem4 (.text:ti_sysbios_knl_Semaphore_construct)
                  2001bc70    00000030     sysbios.aem4 : BIOS.obj (.text:ti_sysbios_knl_Semaphore_pendTimeout__I)
                  2001bca0    00000030                  : BIOS.obj (.text:ti_sysbios_knl_Task_unblockI__E)
                  2001bcd0    00000030     ti.targets.arm.rtsarm.aem4 : System.oem4 (.text:xdc_runtime_System_processAtExit__E)
                  2001bd00    0000002e     UARTUtils.o (.text:UARTUtils_deviceopen)
                  2001bd2e    0000002e     subscribe_publish_sample_pem4.oem4 (.text:malloc)
                  2001bd5c    0000002e     rtsv7M4_T_le_eabi.lib : i_tofd_t2.obj (.text)
                  2001bd8a    0000002e                           : raise.obj (.text)
                  2001bdb8    0000002c     drivers_wifi_cc32xxware.aem4 : WiFiCC3200.oem4 (.text:CC3X00_NWP_enable)
                  2001bde4    0000002c     driverlib.a : prcm.obj (.text:PRCMLPDSIntervalSet)
                  2001be10    0000002c                 : prcm.obj (.text:PRCMSysResetCauseGet)
                  2001be3c    0000002c     sntp_sl.aem4 : sntp.oem4 (.text:SNTP_forceTimeSync)
                  2001be68    0000002c     aws_iot_sl.aem4 : jsmn.o (.text:jsmn_fill_token)
                  2001be94    0000002c                     : timer.o (.text:msToTicks)
                  2001bec0    0000002c     rtsv7M4_T_le_eabi.lib : assert.obj (.text)
                  2001beec    0000002c     subscribe_publish_sample.o (.text:setCliState)
                  2001bf18    0000002c     aws_iot_sl.aem4 : network_sl.o (.text:setsockopt)
                  2001bf44    0000002c     subscribe_publish_sample.o (.text:setsockopt)
                  2001bf70    0000002c     subscribe_publish_sample_pem4.oem4 (.text:ti_sysbios_knl_Clock_doTick__I)
                  2001bf9c    0000002c     subscribe_publish_sample_pem4.oem4 (.text:ti_sysbios_knl_Queue_construct)
                  2001bfc8    0000002c     sysbios.aem4 : BIOS.obj (.text:ti_sysbios_knl_Task_restore__E)
                  2001bff4    0000002c     aws_iot_sl.aem4 : timer.o (.text:ticksToMs)
                  2001c020    0000002c     ti.targets.arm.rtsarm.aem4 : Text.oem4 (.text:xdc_runtime_Text_cordText__E)
                  2001c04c    0000002a     driverlib.a : spi.obj (.text:SPIDataGetNonBlocking)
                  2001c076    0000002a     cc3x00_host_driver.aem4 : socket.oem4 (.text:_sl_BuildAddress)
                  2001c0a0    0000002a     rtsv7M4_T_le_eabi.lib : strspn.obj (.text)
                  2001c0ca    0000002a                           : xdclass.obj (.text)
                  2001c0f4    0000002a     subscribe_publish_sample.o (.text:startSecureMode)
                  2001c11e    0000002a     ti.targets.arm.rtsarm.aem4 : System.oem4 (.text:xdc_runtime_System_putchar__I)
                  2001c148    00000028     driverlib.a : prcm.obj (.text:PRCMLPDSWakeupSourceEnable)
                  2001c170    00000028                 : prcm.obj (.text:PRCMPeripheralClkDisable)
                  2001c198    00000028     drivers_cc32xxware.aem4 : PowerCC3200.oem4 (.text:Power_registerNotify)
                  2001c1c0    00000028     network_sl.aem4 : ssock.oem4 (.text:Ssock_recvall)
                  2001c1e8    00000028     aws_iot_sl.aem4 : aws_iot_mqtt_client_yield.o (.text:_aws_iot_mqtt_force_client_disconnect)
                  2001c210    00000028     drivers_cc32xxware.aem4 : UARTCC3200.oem4 (.text:releasePowerConstraint)
                  2001c238    00000028     rtsv7M4_T_le_eabi.lib : strncat.obj (.text)
                  2001c260    00000028     sysbios.aem4 : BIOS.obj (.text:ti_sysbios_knl_Clock_addI__E)
                  2001c288    00000028                  : BIOS.obj (.text:ti_sysbios_knl_Swi_Module_startup__E)
                  2001c2b0    00000028     driverlib.a : udma.obj (.text:uDMAChannelIsEnabled)
                  2001c2d8    00000026     subscribe_publish_sample.o (.text:HTTPCli_destruct)
                  2001c2fe    00000026     subscribe_publish_sample.o (.text:HTTPCli_setRequestFields)
                  2001c324    00000026     subscribe_publish_sample.o (.text:HTTPCli_setResponseFields)
                  2001c34a    00000026     drivers_cc32xxware.aem4 : List.oem4 (.text:List_put)
                  2001c370    00000026     aws_iot_sl.aem4 : aws_iot_mqtt_client.o (.text:aws_iot_mqtt_get_next_packet_id)
                  2001c396    00000026     network_sl.aem4 : ssock_sl.oem4 (.text:fileExists)
                  2001c3bc    00000026     aws_iot_sl.aem4 : network_sl.o (.text:gethostbyname)
                  2001c3e2    00000026     startsntp.o (.text:gethostbyname)
                  2001c408    00000026     rtsv7M4_T_le_eabi.lib : strncmp.obj (.text)
                  2001c42e    00000026     ti.targets.arm.rtsarm.aem4 : System.oem4 (.text:xdc_runtime_System_avprintf__E)
                  2001c454    00000024     driverlib.a : prcm.obj (.text:PRCMLPDSWakeUpGPIOSelect)
                  2001c478    00000024     subscribe_publish_sample.o (.text:RebootMCU)
                  2001c49c    00000024     netwifi.o (.text:SimpleLinkNetAppEventHandler)
                  2001c4c0    00000024     network_sl.aem4 : tls_sl.oem4 (.text:TLS_delete)
                  2001c4e4    00000024     driverlib.a : uart.obj (.text:UARTCharPutNonBlocking)
                  2001c508    00000024                 : uart.obj (.text:UARTEnable)
                  2001c52c    00000024     UARTUtils.o (.text:UARTUtils_systemAbort)
                  2001c550    00000024     drivers_wifi_cc32xxware.aem4 : osi_tirtos.oem4 (.text:osi_Spawn)
                  2001c574    00000024     rtsv7M4_T_le_eabi.lib : strcspn.obj (.text)
                  2001c598    00000024                           : u_tofs_t2.obj (.text)
                  2001c5bc    00000024     cc3x00_host_driver.aem4 : socket.oem4 (.text:sl_Close)
                  2001c5e0    00000024                             : wlan.oem4 (.text:sl_WlanProfileDel)
                  2001c604    00000024                             : wlan.oem4 (.text:sl_WlanSetMode)
                  2001c628    00000024     subscribe_publish_sample_pem4.oem4 (.text:ti_sysbios_BIOS_registerRTSLock__I)
                  2001c64c    00000024     subscribe_publish_sample_pem4.oem4 (.text:ti_sysbios_BIOS_removeRTSLock__I)
                  2001c670    00000024     subscribe_publish_sample_pem4.oem4 (.text:ti_sysbios_BIOS_startFunc__I)
                  2001c694    00000004     --HOLE-- [fill = 0]
                  2001c698    00000024     sysbios.aem4 : BIOS.obj (.text:ti_sysbios_family_arm_m3_Timer_Module_startup__E)
                  2001c6bc    00000004     --HOLE-- [fill = 0]
                  2001c6c0    00000024                  : BIOS.obj (.text:ti_sysbios_family_arm_m3_Timer_postInit__I)
                  2001c6e4    00000004     --HOLE-- [fill = 0]
                  2001c6e8    00000024                  : BIOS.obj (.text:ti_sysbios_family_arm_m3_Timer_startup__E)
                  2001c70c    00000024     subscribe_publish_sample_pem4.oem4 (.text:ti_sysbios_gates_GateMutex_Object__delete__S)
                  2001c730    00000024     sysbios.aem4 : BIOS.obj (.text:ti_sysbios_knl_Clock_Module_startup__E)
                  2001c754    00000004     --HOLE-- [fill = 0]
                  2001c758    00000024                  : BIOS.obj (.text:ti_sysbios_knl_Clock_start__E)
                  2001c77c    00000004     --HOLE-- [fill = 0]
                  2001c780    00000024                  : BIOS.obj (.text:ti_sysbios_knl_Semaphore_Instance_init__E)
                  2001c7a4    00000024     subscribe_publish_sample_pem4.oem4 (.text:ti_sysbios_knl_Semaphore_Object__delete__S)
                  2001c7c8    00000024     sysbios.aem4 : BIOS.obj (.text:ti_sysbios_knl_Task_restoreHwi__E)
                  2001c7ec    00000024     ti.targets.arm.rtsarm.aem4 : System.oem4 (.text:xdc_runtime_System_vprintf__E)
                  2001c810    00000022     driverlib.a : adc.obj (.text:ADCTimerConfig)
                  2001c832    00000022                 : gpio.obj (.text:GPIOIntStatus)
                  2001c854    00000022                 : spi.obj (.text:SPIReset)
                  2001c876    00000022                 : spi.obj (.text:SPIWordCountSet)
                  2001c898    00000022     aws_iot_sl.aem4 : aws_iot_mqtt_client.o (.text:aws_iot_mqtt_autoreconnect_set_status)
                  2001c8ba    00000022     rtsv7M4_T_le_eabi.lib : frexp.obj (.text)
                  2001c8dc    00000020     driverlib.a : gpio.obj (.text:GPIOPinWrite)
                  2001c8fc    00000020                 : prcm.obj (.text:PRCMLPDSRestoreInfoSet)
                  2001c91c    00000020     drivers_cc32xxware.aem4 : PowerCC3200.oem4 (.text:Power_idleFunc)
                  2001c93c    00000020                             : PowerCC3200.oem4 (.text:Power_unregisterNotify)
                  2001c95c    00000020     driverlib.a : spi.obj (.text:SPIDataGet)
                  2001c97c    00000020     UARTUtils.o (.text:UARTUtils_systemPutch)
                  2001c99c    00000020     aws_iot_sl.aem4 : aws_iot_mqtt_client_common_internal.o (.text:aws_iot_mqtt_internal_read_char)
                  2001c9bc    00000020                     : aws_iot_mqtt_client_common_internal.o (.text:aws_iot_mqtt_internal_write_char)
                  2001c9dc    00000020     drivers_cc32xxware.aem4 : SPICC3200DMA.oem4 (.text:getPowerMgrId)
                  2001c9fc    00000020                             : UARTCC3200.oem4 (.text:getPowerMgrId)
                  2001ca1c    00000020     aws_iot_sl.aem4 : timer.o (.text:has_timer_expired)
                  2001ca3c    00000020     rtsv7M4_T_le_eabi.lib : memchr.obj (.text)
                  2001ca5c    00000020     aws_iot_sl.aem4 : network_sl.o (.text:socket)
                  2001ca7c    00000020     subscribe_publish_sample.o (.text:socket)
                  2001ca9c    00000020     subscribe_publish_sample_pem4.oem4 (.text:ti_sysbios_BIOS_rtsLock__I)
                  2001cabc    00000004     --HOLE-- [fill = 0]
                  2001cac0    00000020     sysbios.aem4 : BIOS.obj (.text:ti_sysbios_family_arm_m3_Hwi_clearInterrupt__E)
                  2001cae0    00000020                  : m3_Hwi_asm.obj (.text:ti_sysbios_family_arm_m3_Hwi_excHandlerAsm__I)
                  2001cb00    00000020                  : BIOS.obj (.text:ti_sysbios_family_arm_m3_Hwi_excHandler__I)
                  2001cb20    00000020     subscribe_publish_sample_pem4.oem4 (.text:ti_sysbios_gates_GateHwi_Object__delete__S)
                  2001cb40    00000020     subscribe_publish_sample_pem4.oem4 (.text:ti_sysbios_heaps_HeapMem_Object__delete__S)
                  2001cb60    00000020     subscribe_publish_sample_pem4.oem4 (.text:ti_sysbios_knl_Clock_Object__destruct__S)
                  2001cb80    00000020     subscribe_publish_sample_pem4.oem4 (.text:ti_sysbios_knl_Event_Object__delete__S)
                  2001cba0    00000020     sysbios.aem4 : BIOS.obj (.text:ti_sysbios_knl_Idle_run__E)
                  2001cbc0    00000020     subscribe_publish_sample_pem4.oem4 (.text:ti_sysbios_knl_Mailbox_Object__delete__S)
                  2001cbe0    00000020     subscribe_publish_sample_pem4.oem4 (.text:ti_sysbios_knl_Semaphore_Object__destruct__S)
                  2001cc00    00000020     subscribe_publish_sample_pem4.oem4 (.text:ti_sysbios_knl_Task_Object__delete__S)
                  2001cc20    00000020     ti.targets.arm.rtsarm.aem4 : Registry.oem4 (.text:xdc_runtime_Registry_findById__E)
                  2001cc40    0000001e     driverlib.a : spi.obj (.text:SPIDataPut)
                  2001cc5e    0000001e                 : uart.obj (.text:UARTCharPut)
                  2001cc7c    0000001e                 : uart.obj (.text:UARTIntStatus)
                  2001cc9a    0000001e     drivers_wifi_cc32xxware.aem4 : WiFiCC3200.oem4 (.text:WiFiCC3200_close)
                  2001ccb8    0000001e     network_sl.aem4 : tls_sl.oem4 (.text:getTLSMethod)
                  2001ccd6    0000001e     aws_iot_sl.aem4 : jsmn.o (.text:jsmn_init)
                  2001ccf4    0000001e     rtsv7M4_T_le_eabi.lib : strcat.obj (.text)
                  2001cd12    0000001e     subscribe_publish_sample_pem4.oem4 (.text:ti_sysbios_BIOS_errorRaiseHook__I)
                  2001cd30    0000001e     sysbios.aem4 : m3_Hwi_asm_switch.obj (.text:ti_sysbios_family_xxx_Hwi_switchAndRunFunc)
                  2001cd4e    0000001e     subscribe_publish_sample.o (.text:xvsnprintf)
                  2001cd6c    0000001c     driverlib.a : adc.obj (.text:ADCFIFOLvlGet)
                  2001cd88    0000001c     subscribe_publish_sample.o (.text:HTTPCli_getResponseStatus)
                  2001cda4    0000001c     drivers_cc32xxware.aem4 : SPICC3200DMA.oem4 (.text:SPICC3200DMA_init)
                  2001cdc0    0000001c     network_sl.aem4 : ssock.oem4 (.text:Ssock_delete)
                  2001cddc    0000001c                     : ssock.oem4 (.text:Ssock_destruct)
                  2001cdf8    0000001c     driverlib.a : uart.obj (.text:UARTCharGetNonBlocking)
                  2001ce14    0000001c                 : uart.obj (.text:UARTFlowControlSet)
                  2001ce30    0000001c     cc3x00_host_driver.aem4 : driver.oem4 (.text:_SlDrvProtectionObjLockWaitForever)
                  2001ce4c    0000001c                             : socket.oem4 (.text:_sl_TruncatePayloadByProtocol)
                  2001ce68    0000001c     subscribe_publish_sample.o (.text:bind)
                  2001ce84    0000001c     aws_iot_sl.aem4 : network_sl.o (.text:connect)
                  2001cea0    0000001c     subscribe_publish_sample.o (.text:connect)
                  2001cebc    0000001c     rtsv7M4_T_le_eabi.lib : memccpy.obj (.text)
                  2001ced8    0000001c     subscribe_publish_sample_pem4.oem4 (.text:ti_sysbios_family_arm_m3_Hwi_Object__destruct__S)
                  2001cef4    00000004     --HOLE-- [fill = 0]
                  2001cef8    0000001c     sysbios.aem4 : BIOS.obj (.text:ti_sysbios_family_arm_m3_Timer_stop__E)
                  2001cf14    00000004     --HOLE-- [fill = 0]
                  2001cf18    0000001c                  : BIOS.obj (.text:ti_sysbios_gates_GateMutex_Instance_init__E)
                  2001cf34    00000004     --HOLE-- [fill = 0]
                  2001cf38    0000001c                  : BIOS.obj (.text:ti_sysbios_knl_Clock_Instance_finalize__E)
                  2001cf54    0000001c     subscribe_publish_sample_pem4.oem4 (.text:ti_sysbios_knl_Queue_Object__destruct__S)
                  2001cf70    0000001c     sysbios.aem4 : BIOS.obj (.text:ti_sysbios_knl_Queue_get__E)
                  2001cf8c    00000004     --HOLE-- [fill = 0]
                  2001cf90    0000001c                  : BIOS.obj (.text:ti_sysbios_knl_Queue_put__E)
                  2001cfac    00000004     --HOLE-- [fill = 0]
                  2001cfb0    0000001c                  : BIOS.obj (.text:ti_sysbios_knl_Task_enter__I)
                  2001cfcc    0000001c     driverlib.a : udma.obj (.text:uDMAChannelEnable)
                  2001cfe8    0000001c     drivers_wifi_cc32xxware.aem4 : osi_tirtos.oem4 (.text:vSimpleLinkSpawnTask)
                  2001d004    0000001c     ti.targets.arm.rtsarm.aem4 : Error.oem4 (.text:xdc_runtime_Error_raiseX__E)
                  2001d020    0000001c                                : Memory.oem4 (.text:xdc_runtime_Memory_valloc__E)
                  2001d03c    0000001c                                : System.oem4 (.text:xdc_runtime_System_abort__E)
                  2001d058    0000001a     cc3x00_host_driver.aem4 : netapp.oem4 (.text:CopyPingResultsToReport)
                  2001d072    0000001a     driverlib.a : gpio.obj (.text:GPIOIntEnable)
                  2001d08c    0000001a     drivers_cc32xxware.aem4 : List.oem4 (.text:List_remove)
                  2001d0a6    0000001a     driverlib.a : pin.obj (.text:PinTypeUART)
                  2001d0c0    0000001a                 : spi.obj (.text:SPIDmaDisable)
                  2001d0da    0000001a                 : spi.obj (.text:SPIDmaEnable)
                  2001d0f4    0000001a                 : spi.obj (.text:SPIFIFODisable)
                  2001d10e    0000001a                 : spi.obj (.text:SPIFIFOEnable)
                  2001d128    0000001a     subscribe_publish_sample.o (.text:getCliState)
                  2001d142    0000001a     subscribe_publish_sample.o (.text:isValidSocket)
                  2001d15c    0000001a     sysbios.aem4 : m3_Hwi_asm.obj (.text:ti_sysbios_family_arm_m3_Hwi_pendSV__I)
                  2001d176    0000001a     subscribe_publish_sample_pem4.oem4 (.text:xdc_runtime_System_aprintf__E)
                  2001d190    0000001a     subscribe_publish_sample_pem4.oem4 (.text:xdc_runtime_System_printf__E)
                  2001d1aa    0000001a     network_sl.aem4 : tls_sl.oem4 (.text:xsnprintf)
                  2001d1c4    00000018     driverlib.a : adc.obj (.text:ADCFIFORead)
                  2001d1dc    00000018                 : gpio.obj (.text:GPIOPinRead)
                  2001d1f4    00000018     subscribe_publish_sample.o (.text:HTTPCli_construct)
                  2001d20c    00000018     subscribe_publish_sample.o (.text:NetMACAddressGet)
                  2001d224    00000018     driverlib.a : prcm.obj (.text:PRCMHibernateEnter)
                  2001d23c    00000018                 : spi.obj (.text:SPICSDisable)
                  2001d254    00000018                 : spi.obj (.text:SPICSEnable)
                  2001d26c    00000018                 : spi.obj (.text:SPIDisable)
                  2001d284    00000018                 : spi.obj (.text:SPIEnable)
                  2001d29c    00000018     network_sl.aem4 : ssock.oem4 (.text:Ssock_create)
                  2001d2b4    00000018     driverlib.a : uart.obj (.text:UARTBusy)
                  2001d2cc    00000018                 : uart.obj (.text:UARTFIFOLevelSet)
                  2001d2e4    00000018                 : uart.obj (.text:UARTIntDisable)
                  2001d2fc    00000018                 : uart.obj (.text:UARTIntEnable)
                  2001d314    00000018     UARTUtils.o (.text:UARTUtils_deviceclose)
                  2001d32c    00000018     drivers_cc32xxware.aem4 : UART.oem4 (.text:UART_Params_init)
                  2001d344    00000018     drivers_wifi_cc32xxware.aem4 : osi_tirtos.oem4 (.text:VDeleteSimpleLinkSpawnTask)
                  2001d35c    00000018                                  : WiFiCC3200.oem4 (.text:WiFiCC3200_init)
                  2001d374    00000018     cc3x00_host_driver.aem4 : driver.oem4 (.text:_SlDrvProtectionObjUnLock)
                  2001d38c    00000018     subscribe_publish_sample_pem4.oem4 (.text:free)
                  2001d3a4    00000018     rtsv7M4_T_le_eabi.lib : args_main.obj (.text)
                  2001d3bc    00000018                           : ll_mul_t2.obj (.text)
                  2001d3d4    00000018                           : strcmp.obj (.text)
                  2001d3ec    00000018     drivers_wifi_cc32xxware.aem4 : WiFiCC3200.oem4 (.text:spi_Close)
                  2001d404    00000018     subscribe_publish_sample_pem4.oem4 (.text:ti_sysbios_BIOS_rtsUnlock__I)
                  2001d41c    00000018     subscribe_publish_sample_pem4.oem4 (.text:ti_sysbios_family_arm_m3_Hwi_Handle__label__S)
                  2001d434    00000018     subscribe_publish_sample_pem4.oem4 (.text:ti_sysbios_family_arm_m3_Hwi_Module__startupDone__F)
                  2001d44c    00000018     subscribe_publish_sample_pem4.oem4 (.text:ti_sysbios_family_arm_m3_Timer_Module__startupDone__F)
                  2001d464    00000018     subscribe_publish_sample_pem4.oem4 (.text:ti_sysbios_gates_GateHwi_Handle__label__S)
                  2001d47c    00000018     subscribe_publish_sample_pem4.oem4 (.text:ti_sysbios_gates_GateMutex_Handle__label__S)
                  2001d494    00000004     --HOLE-- [fill = 0]
                  2001d498    00000018     sysbios.aem4 : BIOS.obj (.text:ti_sysbios_gates_GateMutex_leave__E)
                  2001d4b0    00000018     subscribe_publish_sample_pem4.oem4 (.text:ti_sysbios_heaps_HeapMem_Handle__label__S)
                  2001d4c8    00000018     subscribe_publish_sample_pem4.oem4 (.text:ti_sysbios_knl_Swi_Handle__label__S)
                  2001d4e0    00000018     subscribe_publish_sample_pem4.oem4 (.text:ti_sysbios_knl_Task_Handle__label__S)
                  2001d4f8    00000018     sysbios.aem4 : BIOS.obj (.text:ti_sysbios_knl_Task_sleepTimeout__I)
                  2001d510    00000018     subscribe_publish_sample_pem4.oem4 (.text:time)
                  2001d528    00000018     ti.targets.arm.rtsarm.aem4 : Error.oem4 (.text:xdc_runtime_Error_check__E)
                  2001d540    00000018                                : System.oem4 (.text:xdc_runtime_System_exit__E)
                  2001d558    00000018                                : Text.oem4 (.text:xdc_runtime_Text_ropeText__E)
                  2001d570    00000016     driverlib.a : adc.obj (.text:ADCTimerEnable)
                  2001d586    00000016     tirtosport.aem4 : ClockP_tirtos.oem4 (.text:ClockP_delete)
                  2001d59c    00000016                     : HwiP_tirtos.oem4 (.text:HwiP_delete)
                  2001d5b2    00000016     driverlib.a : prcm.obj (.text:PRCMHIBRegRead)
                  2001d5c8    00000016                 : prcm.obj (.text:PRCMHIBRegWrite)
                  2001d5de    00000016     tirtosport.aem4 : SemaphoreP_tirtos.oem4 (.text:SemaphoreP_delete)
                  2001d5f4    00000016     driverlib.a : uart.obj (.text:UARTCharGet)
                  2001d60a    00000016     cc3x00_host_driver.aem4 : fs.oem4 (.text:_sl_Strlen)
                  2001d620    00000016     aws_iot_sl.aem4 : aws_iot_mqtt_client.o (.text:aws_iot_mqtt_get_client_state)
                  2001d636    00000016                     : timer.o (.text:init_timer)
                  2001d64c    00000016     rtsv7M4_T_le_eabi.lib : strchr.obj (.text)
                  2001d662    00000016     drivers_cc32xxware.aem4 : UARTCC3200.oem4 (.text:startTxFifoEmptyClk)
                  2001d678    00000016     subscribe_publish_sample_pem4.oem4 (.text:ti_sysbios_BIOS_exitFunc__I)
                  2001d68e    00000016     startsntp.o (.text:ti_sysbios_knl_Semaphore_Params_init)
[...]
2002a5f0  xdc_runtime_IGateProvider_Interface__BASE__C                       
2002a5f4  xdc_runtime_IHeap_Interface__BASE__C                               
2002a5f8  xdc_runtime_IModule_Interface__BASE__C                             
2002a5fc  xdc_runtime_Log_L_error__C                                         
2002a600  xdc_runtime_Main_Module__diagsEnabled__C                           
2002a604  xdc_runtime_Main_Module__diagsIncluded__C                          
2002a608  xdc_runtime_Main_Module__diagsMask__C                              
2002a60c  xdc_runtime_Main_Module__loggerFxn2__C                             
2002a610  xdc_runtime_Main_Module__loggerFxn4__C                             
2002a614  xdc_runtime_Main_Module__loggerObj__C                              
2002a618  xdc_runtime_Memory_defaultHeapInstance__C                          
2002a61c  xdc_runtime_Startup_execImpl__C                                    
2002a620  xdc_runtime_Startup_maxPasses__C                                   
2002a624  xdc_runtime_Startup_sfxnRts__C                                     
2002a628  xdc_runtime_Startup_sfxnTab__C                                     
2002a62c  xdc_runtime_SysCallback_abortFxn__C                                
2002a630  xdc_runtime_SysCallback_exitFxn__C                                 
2002a634  xdc_runtime_SysCallback_flushFxn__C                                
2002a638  xdc_runtime_SysCallback_putchFxn__C                                
2002a63c  xdc_runtime_SysCallback_readyFxn__C                                
2002a640  xdc_runtime_System_Module__gateObj__C                              
2002a644  xdc_runtime_System_abortFxn__C                                     
2002a648  xdc_runtime_System_exitFxn__C                                      
2002a64c  xdc_runtime_System_extendFxn__C                                    
2002a650  xdc_runtime_System_maxAtexitHandlers__C                            
2002a654  xdc_runtime_Text_charTab__C                                        
2002a658  xdc_runtime_Text_nameEmpty__C                                      
2002a65c  xdc_runtime_Text_nameStatic__C                                     
2002a660  xdc_runtime_Text_nameUnknown__C                                    
2002a664  xdc_runtime_Text_nodeTab__A                                        
2002a668  xdc_runtime_Text_visitRopeFxn__C                                   
2002a66c  ti_sysbios_heaps_HeapMem_Module__id__C                             
2002a66e  ti_sysbios_knl_Task_Module__id__C                                  
2002a670  xdc_runtime_Core_Module__id__C                                     
2002a672  xdc_runtime_Error_Module__loggerDefined__C                         
2002a674  xdc_runtime_Error_maxDepth__C                                      
2002a676  xdc_runtime_Main_Module__id__C                                     
2002a678  xdc_runtime_Main_Module__loggerDefined__C                          
2002a67a  xdc_runtime_Memory_Module__id__C                                   
2002a67c  xdc_runtime_Text_charCnt__C                                        
2002a67e  xdc_runtime_Text_isLoaded__C                                       
2002a680  xdc_runtime_Text_registryModsLastId__C                             
2002a682  xdc_runtime_Text_unnamedModsLastId__C                              
2002a684  ti_sysbios_knl_Clock_tickSource__C                                 
2002a685  xdc_runtime_Error_policy__C                                        
2002a686  xdc_runtime_Text_charTab__A                                        
2002a688  ilen                                                               
2002a68c  deviceID                                                           
2002a69c  pubtopName                                                         
2002a6a0  philips_config                                                     
2002a6a4  philipsconfigstatus                                                
2002a6a8  devicestate                                                        
2002a6ac  HOST_PORT                                                          
2002a6b0  philipsgetbulbsstatus                                              
2002a6b4  updateotavariable                                                  
2002a6b8  enddevicestatus                                                    
2002a6c0  philipsipstatus                                                    
2002a6c4  belkinipstatus                                                     
2002a6c8  philipsget                                                         
2002a6cc  philipsbulbget                                                     
2002a6d0  philipssinglebulbget                                               
2002a6e4  HTTPStd_VER                                                        
2002a6e8  HTTPStd_GET                                                        
2002a6ec  HTTPStd_POST                                                       
2002a6f0  HTTPStd_HEAD                                                       
2002a6f4  HTTPStd_OPTIONS                                                    
2002a6f8  HTTPStd_PUT                                                        
2002a6fc  HTTPStd_DELETE                                                     
2002a700  HTTPStd_CONNECT                                                    
2002a704  HTTPStd_PATCH                                                      
2002a708  HTTPStd_CONTENT_TYPE_APPLET                                        
2002a70c  HTTPStd_CONTENT_TYPE_AU                                            
2002a710  HTTPStd_CONTENT_TYPE_CSS                                           
2002a714  HTTPStd_CONTENT_TYPE_DOC                                           
2002a718  HTTPStd_CONTENT_TYPE_GIF                                           
2002a71c  HTTPStd_CONTENT_TYPE_HTML                                          
2002a720  HTTPStd_CONTENT_TYPE_JPG                                           
2002a724  HTTPStd_CONTENT_TYPE_MPEG                                          
2002a728  HTTPStd_CONTENT_TYPE_PDF                                           
2002a72c  HTTPStd_CONTENT_TYPE_WAV                                           
2002a730  HTTPStd_CONTENT_TYPE_ZIP                                           
2002a734  HTTPStd_CONTENT_TYPE_PLAIN                                         
2002a738  HTTPStd_FIELD_NAME_ACCEPT                                          
2002a73c  HTTPStd_FIELD_NAME_ACCEPT_CHARSET                                  
2002a740  HTTPStd_FIELD_NAME_ACCEPT_ENCODING                                 
2002a744  HTTPStd_FIELD_NAME_ACCEPT_LANGUAGE                                 
2002a748  HTTPStd_FIELD_NAME_ACCEPT_RANGES                                   
2002a74c  HTTPStd_FIELD_NAME_AGE                                             
2002a750  HTTPStd_FIELD_NAME_ALLOW                                           
2002a754  HTTPStd_FIELD_NAME_AUTHORIZATION                                   
2002a758  HTTPStd_FIELD_NAME_CACHE_CONTROL                                   
2002a75c  HTTPStd_FIELD_NAME_CONNECTION                                      
2002a760  HTTPStd_FIELD_NAME_CONTENT_ENCODING                                
2002a764  HTTPStd_FIELD_NAME_CONTENT_LANGUAGE                                
2002a768  HTTPStd_FIELD_NAME_CONTENT_LENGTH                                  
2002a76c  HTTPStd_FIELD_NAME_CONTENT_LOCATION                                
2002a770  HTTPStd_FIELD_NAME_CONTENT_MD5                                     
2002a774  HTTPStd_FIELD_NAME_CONTENT_RANGE                                   
2002a778  HTTPStd_FIELD_NAME_CONTENT_TYPE                                    
2002a77c  HTTPStd_FIELD_NAME_COOKIE                                          
2002a780  HTTPStd_FIELD_NAME_DATE                                            
2002a784  HTTPStd_FIELD_NAME_ETAG                                            
2002a788  HTTPStd_FIELD_NAME_EXPECT                                          
2002a78c  HTTPStd_FIELD_NAME_EXPIRES                                         
2002a790  HTTPStd_FIELD_NAME_FROM                                            
2002a794  HTTPStd_FIELD_NAME_HOST                                            
2002a798  HTTPStd_FIELD_NAME_IF_MATCH                                        
2002a79c  HTTPStd_FIELD_NAME_IF_MODIFIED_SINCE                               
2002a7a0  HTTPStd_FIELD_NAME_IF_NONE_MATCH                                   
2002a7a4  HTTPStd_FIELD_NAME_IF_RANGE                                        
2002a7a8  HTTPStd_FIELD_NAME_IF_UNMODIFIED_SINCE                             
2002a7ac  HTTPStd_FIELD_NAME_LAST_MODIFIED                                   
2002a7b0  HTTPStd_FIELD_NAME_LOCATION                                        
2002a7b4  HTTPStd_FIELD_NAME_MAX_FORWARDS                                    
2002a7b8  HTTPStd_FIELD_NAME_ORIGIN                                          
2002a7bc  HTTPStd_FIELD_NAME_PRAGMA                                          
2002a7c0  HTTPStd_FIELD_NAME_PROXY_AUTHENTICATE                              
2002a7c4  HTTPStd_FIELD_NAME_PROXY_AUTHORIZATION                             
2002a7c8  HTTPStd_FIELD_NAME_RANGE                                           
2002a7cc  HTTPStd_FIELD_NAME_REFERER                                         
2002a7d0  HTTPStd_FIELD_NAME_RETRY_AFTER                                     
2002a7d4  HTTPStd_FIELD_NAME_SERVER                                          
2002a7d8  HTTPStd_FIELD_NAME_TE                                              
2002a7dc  HTTPStd_FIELD_NAME_TRAILER                                         
2002a7e0  HTTPStd_FIELD_NAME_TRANSFER_ENCODING                               
2002a7e4  HTTPStd_FIELD_NAME_UPGRADE                                         
2002a7e8  HTTPStd_FIELD_NAME_USER_AGENT                                      
2002a7ec  HTTPStd_FIELD_NAME_VARY                                            
2002a7f0  HTTPStd_FIELD_NAME_VIA                                             
2002a7f4  HTTPStd_FIELD_NAME_WWW_AUTHENTICATE                                
2002a7f8  HTTPStd_FIELD_NAME_WARNING                                         
2002a7fc  HTTPStd_FIELD_NAME_X_FORWARDED_FOR                                 
2002a800  HTTPStd_FIELD_NAME_SOAPACTION                                      
2002a804  g_ulStatus                                                         
2002a808  g_ulGatewayIP                                                      
2002a80c  bytesReceived                                                      
2002a810  g_uiPortNum                                                        
2002a814  g_ulPacketCount                                                    
2002a818  g_ucSimplelinkstarted                                              
2002a81c  g_ulIpAddr                                                         
2002a820  PWR1                                                               
2002a824  PWR2                                                               
2002a828  PWR3                                                               
2002a82c  PWR4                                                               
2002a830  i1                                                                 
2002a834  j1                                                                 
2002a838  k1                                                                 
2002a83c  l1                                                                 
2002a840  Phantom_var1                                                       
2002a844  Phantom_var2                                                       
2002a848  Phantom_var3                                                       
2002a84c  Phantom_var4                                                       
2002a850  Phantom_buff                                                       
2002a854  variable                                                           
2002a858  max1                                                               
2002a85c  max2                                                               
2002a860  max3                                                               
2002a864  max4                                                               
2002a868  SetCommitInt                                                       
2002a86c  r                                                                  
2002a870  philipsgetstatus                                                   
2002a874  port                                                               
2002a878  publishCount                                                       
2002a87c  pw                                                                 
2002a880  ch                                                                 
2002a884  status                                                             
2002a88c  ti_sysbios_family_arm_cc32xx_Seconds_Module__state__V              
2002a894  ti_sysbios_family_arm_m3_Hwi_Module__root__V                       
2002a89c  ti_sysbios_family_arm_m3_Hwi_Object__table__V                      
2002a8b4  ti_sysbios_family_arm_m3_Hwi_Module_State_0_excActive__A           
2002a8b8  ti_sysbios_family_arm_m3_Hwi_Module_State_0_excContext__A          
2002a8bc  ti_sysbios_family_arm_m3_Hwi_Module_State_0_excStack__A            
2002a8c0  ti_sysbios_family_arm_m3_Timer_Module__root__V                     
2002a8c8  ti_sysbios_family_arm_m3_Timer_Module__state__V                    
2002a8d4  ti_sysbios_gates_GateHwi_Module__root__V                           
2002a8dc  ti_sysbios_gates_GateHwi_Object__table__V                          
2002a8e0  ti_sysbios_gates_GateMutex_Module__root__V                         
2002a8e8  ti_sysbios_hal_Hwi_Module__root__V                                 
2002a8f0  ti_sysbios_heaps_HeapMem_Module__root__V                           
2002a8f8  ti_sysbios_heaps_HeapMem_Object__table__V                          
2002a910  ti_sysbios_knl_Clock_Module__root__V                               
2002a918  ti_sysbios_knl_Event_Module__root__V                               
2002a920  ti_sysbios_knl_Mailbox_Module__root__V                             
2002a928  ti_sysbios_knl_Queue_Module__root__V                               
2002a930  ti_sysbios_knl_Semaphore_Module__root__V                           
2002a938  ti_sysbios_knl_Swi_Module__root__V                                 
2002a940  ti_sysbios_knl_Swi_Module__state__V                                
2002a95c  ti_sysbios_knl_Task_Module__root__V                                
2002a964  ti_sysbios_knl_Task_Module_State_0_readyQ__A                       
2002a984  ti_sysbios_knl_Task_Module_State_0_idleTask__A                     
2002a988  xdc_runtime_Error_Module__state__V                                 
2002a98c  xdc_runtime_Memory_Module__state__V                                
2002a990  xdc_runtime_Registry_Module__state__V                              
2002a998  xdc_runtime_Startup_Module__state__V                               
2002a9a0  xdc_runtime_System_Module_State_0_atexitHandlers__A                
2002a9a8  xdc_runtime_System_Module__state__V                                
2002a9b0  xdc_runtime_Text_Module__state__V                                  
2002a9b8  __xdc__init__addr                                                  
2002a9bc  HostAddress                                                        
2002aabc  _ftable                                                            
2002ad30  _Denorm                                                            
2002ad40  _Eps                                                               
2002ad50  _Hugeval                                                           
2002ad60  _Inf                                                               
2002ad70  _Nan                                                               
2002ad80  _Snan                                                              
2002ad90  _Rteps                                                             
2002ada0  _Xbig                                                              
2002ada8  _Zero                                                              
2002adb0  ti_sysbios_knl_Swi_Module_State_0_readyQ__A                        
2002ae30  PowerCC3200_module                                                 
2002ae84  ti_sysbios_knl_Task_Object__table__V                               
2002aed0  ti_sysbios_knl_Task_Module__state__V                               
2002af14  ti_sysbios_gates_GateMutex_Object__table__V                        
2002af4c  ti_sysbios_family_arm_m3_Hwi_Module__state__V                      
2002afb0  ti_sysbios_family_arm_m3_Timer_Object__table__V                    
2002afe0  ti_sysbios_knl_Swi_Object__table__V                                
2002b010  ti_sysbios_knl_Clock_Module__state__V                              
2002b060  ti_sysbios_BIOS_Module__state__V                                   
2002b084  g_H2NSyncPattern                                                   
2002b08c  g_H2NCnysPattern                                                   
2002b094  g_pCB                                                              
2002b098  pPingCallBackFunc                                                  
2002b09c  gFirstCmdMode                                                      
2002b0a4  gpioPinConfigs                                                     
2002b0b0  gpioCallbackFunctions                                              
2002b0d0  NTP_HOSTNAME                                                       
2002b0e4  g_ulStatus1                                                        
2002b0f0  smarttime                                                          
2002b0f4  __TI_ft_end                                                        
2002b0f8  __aeabi_stdin                                                      
2002b0fc  __aeabi_stdout                                                     
2002b100  __aeabi_stderr                                                     
2002b104  _tz                                                                
2002b11c  _lock                                                              
2002b120  _unlock                                                            
2002b124  __TI_cleanup_ptr                                                   
2002b128  __TI_dtors_ptr                                                     
2002b12c  _Fenv                                                              
2002b130  _Tls_setup__Fenv                                                   
2002b144  g_ConsecutiveNetAccessNetErrors                                    
2002b148  _Errno                                                             
2002b150  main_func_sp                                                       
2002b158  __stack                                                            
2002b558  __STACK_END                                                        
2002b558  __TI_static_base__                                                 
2002ba8c  __TI_Handler_Table_Base                                            
2002ba98  __TI_Handler_Table_Limit                                           
2002baa0  __TI_CINIT_Base                                                    
2002bab0  __TI_CINIT_Limit                                                   
e000e000  ti_sysbios_family_arm_m3_Hwi_nvic                                  
ffffffff  __binit__                                                          
ffffffff  __c_args__                                                         
ffffffff  binit                                                              
UNDEFED   SHT$$INIT_ARRAY$$Base                                              
UNDEFED   SHT$$INIT_ARRAY$$Limit                                             

[1383 symbols]
