******************************************************************************
                  TI ARM Linker Unix v5.2.5                    
******************************************************************************
>> Linked Tue Apr 18 09:40:13 2017

OUTPUT FILE NAME:   <subscribe_publish_sample.out>
ENTRY POINT SYMBOL: "_c_int00"  address: 2001a13d


MEMORY CONFIGURATION

         name            origin    length      used     unused   attr    fill
----------------------  --------  ---------  --------  --------  ----  --------
  SRAM                  20004000   0003c000  00027a64  0001459c  RW X


SEGMENT ALLOCATION MAP

run origin  load origin   length   init length attrs members
----------  ----------- ---------- ----------- ----- -------
20004000    20004000    00019fba   00019fba    r-x
  20004000    20004000    0000030c   0000030c    r-- .resetVecs
  20004310    20004310    00019caa   00019caa    r-x .text
2001e000    2001e000    0000b293   00000000    rw-
  2001e000    2001e000    0000b293   00000000    rw- .bss
20029294    20029294    000013f3   000013f3    r--
  20029294    20029294    000013f3   000013f3    r-- .const
2002a688    2002a688    00000ed0   00000000    rw-
  2002a688    2002a688    00000ad0   00000000    rw- .data
  2002b158    2002b158    00000400   00000000    rw- .stack
2002b558    2002b558    00000558   00000558    r--
  2002b558    2002b558    00000558   00000558    r-- .cinit


SECTION ALLOCATION MAP

 output                                  attributes/
section   page    origin      length       input sections
--------  ----  ----------  ----------   ----------------
.text      0    20004310    00019caa     
                  20004310    000012dc     subscribe_publish_sample.o (.text:runAWSClient)
                  200055ec    000010a6     rtsv7M4_T_le_eabi.lib : _printfi.obj (.text)
                  20006692    00000002     drivers_cc32xxware.aem4 : SPICC3200DMA.oem4 (.text:SPICC3200DMA_serviceISR)
                  20006694    00000fbc     subscribe_publish_sample.o (.text:dexterpicontroller)
                  20007650    00000798     subscribe_publish_sample.o (.text:dynamic_power_1)
                  20007de8    000005f8     ota.a : OtaHttp.obj (.text)
                  200083e0    000005f8     subscribe_publish_sample.o (.text:vinayudp)
                  200089d8    000005a2     subscribe_publish_sample.o (.text:readResponse)
                  20008f7a    00000002     drivers_cc32xxware.aem4 : SPICC3200DMA.oem4 (.text:SPICC3200DMA_transferCancel)
                  20008f7c    00000498     subscribe_publish_sample.o (.text:ParseJSONData)
                  20009414    00000450     subscribe_publish_sample.o (.text:HTTPPostMethodon)
                  20009864    00000004     tirtosport.aem4 : ClockP_tirtos.oem4 (.text:ClockP_getCpuFreq)
                  20009868    00000430     sysbios.aem4 : BIOS.obj (.text:ti_sysbios_family_arm_m3_Hwi_excDumpRegs__I)
                  20009c98    0000042c     ota.a : OtaClient.obj (.text)
                  2000a0c4    000003fc           : OtaApp.obj (.text)
                  2000a4c0    000003d0     sntp_sl.aem4 : sntp.oem4 (.text:syncTime)
                  2000a890    0000039a     cc3x00_host_driver.aem4 : driver.oem4 (.text:_SlDrvMsgRead)
                  2000ac2a    00000002     rtsv7M4_T_le_eabi.lib : i_div0.obj (.text)
                  2000ac2c    00000388     sntp_sl.aem4 : sntp.oem4 (.text:SNTP_start)
                  2000afb4    0000035c     ota.a : CdnClient.obj (.text)
                  2000b310    0000034c     ti.targets.arm.rtsarm.aem4 : System.oem4 (.text:xdc_runtime_System_doPrint__I)
                  2000b65c    00000334     ota.a : LogClient.obj (.text)
                  2000b990    00000324     subscribe_publish_sample.o (.text:HTTPPostMethod)
                  2000bcb4    0000030c     rtsv7M4_T_le_eabi.lib : lowlev.obj (.text)
                  2000bfc0    000002d8     aws_iot_sl.aem4 : jsmn.o (.text:jsmn_parse)
                  2000c298    000002d4     rtsv7M4_T_le_eabi.lib : trgdrv.obj (.text)
                  2000c56c    000002c0     netwifi.o (.text:NetWiFi_init)
                  2000c82c    000002a8     rtsv7M4_T_le_eabi.lib : mktime.obj (.text)
                  2000cad4    00000298                           : vla_alloc.obj (.text)
                  2000cd6c    00000268     netwifi.o (.text:setStationMode)
                  2000cfd4    00000218     subscribe_publish_sample.o (.text:updateota)
                  2000d1ec    00000208     drivers_cc32xxware.aem4 : UARTCC3200.oem4 (.text:UARTCC3200_open)
                  2000d3f4    00000004     tirtosport.aem4 : HwiP_tirtos.oem4 (.text:HwiP_clearInterrupt)
                  2000d3f8    000001fc     sysbios.aem4 : BIOS.obj (.text:ti_sysbios_family_arm_m3_Hwi_excHandlerMax__I)
                  2000d5f4    000001f8     main.o (.text:slTask)
                  2000d7ec    000001f4     rtsv7M4_T_le_eabi.lib : ull_div_t2.obj (.text)
                  2000d9e0    000001f0     aws_iot_sl.aem4 : aws_iot_mqtt_client_connect.o (.text:_aws_iot_mqtt_serialize_connect)
                  2000dbd0    000001ce                     : aws_iot_mqtt_client_common_internal.o (.text:aws_iot_mqtt_internal_init_header)
                  2000dd9e    00000002     subscribe_publish_sample_pem4.oem4 (.text:ti_sysbios_BIOS_nullFunc__I)
                  2000dda0    000001c4     rtsv7M4_T_le_eabi.lib : fopen.obj (.text)
                  2000df64    000001bc     startsntp.o (.text:startNTP)
                  2000e120    000001b8     subscribe_publish_sample.o (.text:philipsconfig)
                  2000e2d8    000001b6     rtsv7M4_T_le_eabi.lib : fd_add_t2.obj (.text)
                  2000e48e    00000002     subscribe_publish_sample_pem4.oem4 (.text:xdc_runtime_Startup_reset__I)
                  2000e490    000001ac     subscribe_publish_sample.o (.text:disconnectCallbackHandler)
                  2000e63c    000001a8     cc3x00_host_driver.aem4 : wlan.oem4 (.text:sl_WlanConnect)
                  2000e7e4    000001a1     subscribe_publish_sample.o (.text:flashFiledevice)
                  2000e985    00000001     --HOLE-- [fill = 0]
                  2000e986    00000198     subscribe_publish_sample.o (.text:bufferedRecv)
                  2000eb1e    00000002     ti.targets.arm.rtsarm.aem4 : SysCallback.oem4 (.text:xdc_runtime_SysCallback_defaultExit)
                  2000eb20    00000190     subscribe_publish_sample.o (.text:power)
                  2000ecb0    00000188     subscribe_publish_sample.o (.text:OTAServerInfoSet)
                  2000ee38    00000188     power_cc3200_tirtos.aem4 : PowerCC3200_tirtos.oem4 (.text:PowerCC3200_sleepPolicy)
                  2000efc0    00000184     flc.a : flc.obj (.text)
                  2000f144    00000180     subscribe_publish_sample.o (.text:HTTPPutMethodon)
                  2000f2c4    0000017c     drivers_cc32xxware.aem4 : GPIOCC3200.oem4 (.text:GPIO_setConfig)
                  2000f440    00000178     subscribe_publish_sample.o (.text:HTTPPutMethod)
                  2000f5b8    00000176     aws_iot_sl.aem4 : jsmn.o (.text:jsmn_parse_string)
                  2000f72e    00000174     subscribe_publish_sample.o (.text:HTTPCli_getResponseField)
                  2000f8a2    00000006     cc3x00_host_driver.aem4 : socket.oem4 (.text:SL_FD_ZERO)
                  2000f8a8    00000174     sysbios.aem4 : BIOS.obj (.text:ti_sysbios_family_arm_m3_Hwi_excBusFault__I)
                  2000fa1c    00000004     tirtosport.aem4 : HwiP_tirtos.oem4 (.text:HwiP_disable)
                  2000fa20    00000164     sysbios.aem4 : BIOS.obj (.text:ti_sysbios_family_arm_m3_Hwi_excUsageFault__I)
                  2000fb84    00000004     drivers_cc32xxware.aem4 : List.oem4 (.text:List_head)
                  2000fb88    00000158     sysbios.aem4 : BIOS.obj (.text:ti_sysbios_knl_Semaphore_pend__E)
                  2000fce0    00000154     rom_pin_mux_config.o (.text:PinMuxConfig)
                  2000fe34    00000154     drivers_cc32xxware.aem4 : SPICC3200DMA.oem4 (.text:SPICC3200DMA_transfer)
                  2000ff88    00000154     aws_iot_sl.aem4 : aws_iot_mqtt_client_common_internal.o (.text:_aws_iot_mqtt_internal_read_packet)
                  200100dc    00000150     subscribe_publish_sample.o (.text:HTTPCli_connect)
                  2001022c    00000150     cc3x00_host_driver.aem4 : driver.oem4 (.text:_SlDrvRxHdrRead)
                  2001037c    00000150     aws_iot_sl.aem4 : aws_iot_mqtt_client.o (.text:aws_iot_mqtt_init)
                  200104cc    00000004     drivers_cc32xxware.aem4 : List.oem4 (.text:List_next)
                  200104d0    00000150     sysbios.aem4 : BIOS.obj (.text:ti_sysbios_knl_Event_pend__E)
                  20010620    00000148                  : BIOS.obj (.text:ti_sysbios_family_arm_m3_Hwi_excMemFault__I)
                  20010768    00000140     aws_iot_sl.aem4 : aws_iot_mqtt_client_subscribe.o (.text:_aws_iot_mqtt_internal_subscribe)
                  200108a8    00000140     subscribe_publish_sample.o (.text:philiphsidread)
                  200109e8    00000136     rtsv7M4_T_le_eabi.lib : fd_div_t2.obj (.text)
                  20010b1e    00000002     ti.targets.arm.rtsarm.aem4 : SysCallback.oem4 (.text:xdc_runtime_SysCallback_defaultFlush)
                  20010b20    00000134     driverlib.a : prcm.obj (.text:PRCMCC3200MCUInit)
                  20010c54    00000134     rtsv7M4_T_le_eabi.lib : fputs.obj (.text)
                  20010d88    00000130     aws_iot_sl.aem4 : aws_iot_mqtt_client_connect.o (.text:_aws_iot_mqtt_deserialize_connack)
                  20010eb8    00000130     subscribe_publish_sample.o (.text:getChunkedData)
                  20010fe8    0000012a     aws_iot_sl.aem4 : network_sl.o (.text:iot_tls_connect)
                  20011112    00000002     --HOLE-- [fill = 0]
                  20011114    00000124     drivers_cc32xxware.aem4 : SPICC3200DMA.oem4 (.text:SPICC3200DMA_open)
                  20011238    00000120     aws_iot_sl.aem4 : aws_iot_mqtt_client_connect.o (.text:_aws_iot_mqtt_internal_connect)
                  20011358    00000118     cc3x00_host_driver.aem4 : driver.oem4 (.text:_SlDrvMsgWrite)
                  20011470    00000118     ti.targets.arm.rtsarm.aem4 : Error.oem4 (.text:xdc_runtime_Error_policyDefault__E)
                  20011588    00000114     rtsv7M4_T_le_eabi.lib : strtoul.obj (.text)
                  2001169c    00000110                           : xdscale.obj (.text)
                  200117ac    0000010e     aws_iot_sl.aem4 : aws_iot_mqtt_client_subscribe.o (.text:_aws_iot_mqtt_internal_resubscribe)
                  200118ba    00000002     --HOLE-- [fill = 0]
                  200118bc    00000104     UARTUtils.o (.text:openHandle)
                  200119c0    00000100     aws_iot_sl.aem4 : aws_iot_mqtt_client_subscribe.o (.text:_aws_iot_mqtt_serialize_subscribe)
                  20011ac0    00000100                     : aws_iot_mqtt_client_publish.o (.text:aws_iot_mqtt_internal_deserialize_publish)
                  20011bc0    00000100     subscribe_publish_sample.o (.text:deviceidread)
                  20011cc0    00000100     ti.targets.arm.rtsarm.aem4 : Core-mem.oem4 (.text:xdc_runtime_Core_createObject__I)
                  20011dc0    000000fc     rtsv7M4_T_le_eabi.lib : fd_mul_t2.obj (.text)
                  20011ebc    000000f8     ti.targets.arm.rtsarm.aem4 : Startup.oem4 (.text:xdc_runtime_Startup_startMods__I)
                  20011fb4    000000f8     subscribe_publish_sample_pem4.oem4 (.text:xdc_runtime_System_printfExtend__I)
                  200120ac    000000f0     driverlib.a : udma.obj (.text:uDMAChannelTransferSet)
                  2001219c    000000ec     cc3x00_host_driver.aem4 : driver.oem4 (.text:_SlDrvDriverCBInit)
                  20012288    000000ec     aws_iot_sl.aem4 : aws_iot_mqtt_client_subscribe.o (.text:_aws_iot_mqtt_deserialize_suback)
                  20012374    000000ea                     : aws_iot_mqtt_client_common_internal.o (.text:_aws_iot_mqtt_internal_deliver_message)
                  2001245e    000000ea                     : aws_iot_mqtt_client_publish.o (.text:_aws_iot_mqtt_internal_publish)
                  20012548    000000e4     subscribe_publish_sample.o (.text:ConnectToHTTPServer)
                  2001262c    000000e4     subscribe_publish_sample.o (.text:HTTPCli_sendRequest)
                  20012710    000000e0     cc3x00_host_driver.aem4 : driver.oem4 (.text:_SlDrvDataReadOp)
                  200127f0    000000e0     aws_iot_sl.aem4 : aws_iot_mqtt_client_publish.o (.text:_aws_iot_mqtt_internal_serialize_publish)
                  200128d0    000000dc     network_sl.aem4 : tls_sl.oem4 (.text:TLS_create)
                  200129ac    000000dc     aws_iot_sl.aem4 : aws_iot_mqtt_client_yield.o (.text:_aws_iot_mqtt_internal_yield)
                  20012a88    000000dc     rtsv7M4_T_le_eabi.lib : setvbuf.obj (.text)
                  20012b64    000000d8     subscribe_publish_sample.o (.text:FlushHTTPResponse)
                  20012c3c    000000d8     drivers_cc32xxware.aem4 : SPICC3200DMA.oem4 (.text:configDMA)
                  20012d14    000000d4     cc3x00_host_driver.aem4 : socket.oem4 (.text:sl_Select)
                  20012de8    000000d4     sysbios.aem4 : BIOS.obj (.text:ti_sysbios_knl_Mailbox_Instance_init__E)
                  20012ebc    000000d0     cc3x00_host_driver.aem4 : driver.oem4 (.text:_SlDrvWaitForPoolObj)
                  20012f8c    000000d0     aws_iot_sl.aem4 : jsmn.o (.text:jsmn_parse_primitive)
                  2001305c    000000d0     drivers_cc32xxware.aem4 : GPIOCC3200.oem4 (.text:powerNotifyFxn)
                  2001312c    000000d0     sysbios.aem4 : m3_Hwi_asm.obj (.text:ti_sysbios_family_arm_m3_Hwi_dispatch__I)
                  200131fc    00000004     network_sl.aem4 : ssock.oem4 (.text:Ssock_getSocket)
                  20013200    000000cc     sysbios.aem4 : BIOS.obj (.text:ti_sysbios_heaps_HeapMem_alloc__E)
                  200132cc    00000004     drivers_wifi_cc32xxware.aem4 : osi_tirtos.oem4 (.text:mem_Malloc)
                  200132d0    000000cc     sysbios.aem4 : BIOS.obj (.text:ti_sysbios_knl_Task_Instance_init__E)
                  2001339c    000000cc     ti.targets.arm.rtsarm.aem4 : Core-smem.oem4 (.text:xdc_runtime_Core_constructObject__I)
                  20013468    000000c8     subscribe_publish_sample.o (.text:HTTPGetMethod)
                  20013530    000000c8     cc3x00_host_driver.aem4 : driver.oem4 (.text:_SlDrvReleasePoolObj)
                  200135f8    000000c8     aws_iot_sl.aem4 : aws_iot_mqtt_client_common_internal.o (.text:_aws_iot_mqtt_internal_handle_publish)
                  200136c0    000000c8     rtsv7M4_T_le_eabi.lib : fflush.obj (.text)
                  20013788    000000c4     cc3x00_host_driver.aem4 : socket.oem4 (.text:sl_RecvFrom)
                  2001384c    000000c2     aws_iot_sl.aem4 : aws_iot_mqtt_client_common_internal.o (.text:_aws_iot_mqtt_internal_is_topic_matched)
                  2001390e    000000c0     network_sl.aem4 : ssock_sl.oem4 (.text:Ssock_startTLS)
                  200139ce    00000002     --HOLE-- [fill = 0]
                  200139d0    000000c0     aws_iot_sl.aem4 : aws_iot_mqtt_client_publish.o (.text:aws_iot_mqtt_internal_deserialize_ack)
                  20013a90    000000c0                     : aws_iot_mqtt_client.o (.text:aws_iot_mqtt_set_connect_params)
                  20013b50    000000c0     sysbios.aem4 : BIOS.obj (.text:ti_sysbios_knl_Task_sleep__E)
                  20013c10    000000be     rtsv7M4_T_le_eabi.lib : xdnorm.obj (.text)
                  20013cce    00000002     --HOLE-- [fill = 0]
                  20013cd0    000000bc     network_sl.aem4 : tls_sl.oem4 (.text:createTLSContext)
                  20013d8c    000000bc     cc3x00_host_driver.aem4 : socket.oem4 (.text:sl_SendTo)
                  20013e48    000000bc     sysbios.aem4 : BIOS.obj (.text:ti_sysbios_family_arm_m3_Hwi_excDebugMon__I)
                  20013f04    00000004     rtsv7M4_T_le_eabi.lib : error.obj (.text)
                  20013f08    000000bc     sysbios.aem4 : BIOS.obj (.text:ti_sysbios_family_arm_m3_Hwi_excHardFault__I)
                  20013fc4    00000004     subscribe_publish_sample_pem4.oem4 (.text:ti_sysbios_BIOS_RtsGateProxy_enter__E)
                  20013fc8    000000bc     sysbios.aem4 : BIOS.obj (.text:ti_sysbios_knl_Task_Instance_finalize__E)
                  20014084    000000b8     aws_iot_sl.aem4 : aws_iot_mqtt_client.o (.text:aws_iot_mqtt_is_client_connected)
                  2001413c    000000b8     subscribe_publish_sample.o (.text:readLine)
                  200141f4    000000b8     cc3x00_host_driver.aem4 : netapp.oem4 (.text:sl_NetAppDnsGetHostByName)
                  200142ac    000000b6     network_sl.aem4 : ssock.oem4 (.text:Ssock_send)
                  20014362    000000b6     aws_iot_sl.aem4 : aws_iot_mqtt_client_subscribe.o (.text:aws_iot_mqtt_subscribe)
                  20014418    000000b4     subscribe_publish_sample.o (.text:MQTTcallbackHandler)
                  200144cc    000000b4     cc3x00_host_driver.aem4 : netapp.oem4 (.text:_SlDrvNetAppEventHandler)
                  20014580    000000b4     aws_iot_sl.aem4 : aws_iot_mqtt_client_yield.o (.text:_aws_iot_mqtt_keep_alive)
                  20014634    00000004     subscribe_publish_sample_pem4.oem4 (.text:ti_sysbios_BIOS_RtsGateProxy_leave__E)
                  20014638    000000b4     sysbios.aem4 : BIOS.obj (.text:ti_sysbios_knl_Task_checkStacks__E)
                  200146ec    000000b0     aws_iot_sl.aem4 : aws_iot_mqtt_client_publish.o (.text:aws_iot_mqtt_publish)
                  2001479c    000000b0     cc3x00_host_driver.aem4 : socket.oem4 (.text:sl_Connect)
                  2001484c    000000ae     aws_iot_sl.aem4 : aws_iot_mqtt_client_yield.o (.text:aws_iot_mqtt_yield)
                  200148fa    00000002     --HOLE-- [fill = 0]
                  200148fc    000000ac     cc3x00_host_driver.aem4 : driver.oem4 (.text:_SlDrvDataWriteOp)
                  200149a8    000000ac     rtsv7M4_T_le_eabi.lib : _io_perm.obj (.text)
                  20014a54    000000aa     network_sl.aem4 : certconv.oem4 (.text:CertConv_pem2der)
                  20014afe    000000a6     aws_iot_sl.aem4 : network_sl.o (.text:iot_tls_read)
                  20014ba4    000000a4                     : aws_iot_mqtt_client_publish.o (.text:aws_iot_mqtt_internal_serialize_ack)
                  20014c48    000000a4     rtsv7M4_T_le_eabi.lib : asctime.obj (.text)
                  20014cec    000000a4     cc3x00_host_driver.aem4 : socket.oem4 (.text:sl_Send)
                  20014d90    000000a2     drivers_cc32xxware.aem4 : UARTCC3200.oem4 (.text:UARTCC3200_write)
                  20014e32    00000002     --HOLE-- [fill = 0]
                  20014e34    000000a0     driverlib.a : spi.obj (.text:SPIConfigSetExpClk)
                  20014ed4    000000a0     auto_init.aem4 : auto_init.oem4 (.text)
                  20014f74    000000a0     ti.targets.arm.rtsarm.aem4 : Text.oem4 (.text:xdc_runtime_Text_putMod__E)
                  20015014    0000009e     drivers_cc32xxware.aem4 : UARTCC3200.oem4 (.text:readTaskBlocking)
                  200150b2    00000002     --HOLE-- [fill = 0]
                  200150b4    0000009c     aws_iot_sl.aem4 : timer.o (.text:countdown_ms)
                  20015150    0000009c     rtsv7M4_T_le_eabi.lib : memcpy_t2.obj (.text)
                  200151ec    00000004     subscribe_publish_sample_pem4.oem4 (.text:ti_sysbios_family_arm_m3_Hwi_destruct)
                  200151f0    0000009c     sysbios.aem4 : BIOS.obj (.text:ti_sysbios_knl_Task_postInit__I)
                  2001528c    0000009a     ti.targets.arm.rtsarm.aem4 : Text.oem4 (.text:xdc_runtime_Text_putSite__E)
                  20015326    00000098     drivers_cc32xxware.aem4 : UARTCC3200.oem4 (.text:UARTCC3200_control)
                  200153be    00000098                             : UARTCC3200.oem4 (.text:UARTCC3200_readPolling)
                  20015456    00000002     --HOLE-- [fill = 0]
                  20015458    00000098     cc3x00_host_driver.aem4 : driver.oem4 (.text:_SlDrvMsgReadCmdCtx)
                  200154f0    00000098     aws_iot_sl.aem4 : aws_iot_mqtt_client_common_internal.o (.text:aws_iot_mqtt_internal_cycle_read)
                  20015588    00000098     subscribe_publish_sample.o (.text:getStatus)
                  20015620    00000098     rtsv7M4_T_le_eabi.lib : fclose.obj (.text)
                  200156b8    00000098                           : fputc.obj (.text)
                  20015750    00000098     cc3x00_host_driver.aem4 : device.oem4 (.text:sl_Stop)
                  200157e8    00000098     subscribe_publish_sample.o (.text:xassert)
                  20015880    00000096     aws_iot_sl.aem4 : aws_iot_mqtt_client_yield.o (.text:_aws_iot_mqtt_handle_reconnect)
                  20015916    00000002     --HOLE-- [fill = 0]
                  20015918    00000094     driverlib.a : prcm.obj (.text:PRCMPeripheralClockGet)
                  200159ac    00000094     cc3x00_host_driver.aem4 : driver.oem4 (.text:_SlFindAndSetActiveObj)
                  20015a40    00000094     aws_iot_sl.aem4 : timer.o (.text:countdown_sec)
                  20015ad4    00000094     drivers_cc32xxware.aem4 : SPICC3200DMA.oem4 (.text:initHw)
                  20015b68    00000094     sysbios.aem4 : BIOS.obj (.text:ti_sysbios_family_arm_m3_Hwi_Instance_init__E)
                  20015bfc    00000092     rtsv7M4_T_le_eabi.lib : fs_div_t2.obj (.text)
                  20015c8e    00000002     --HOLE-- [fill = 0]
                  20015c90    00000090     cc3x00_host_driver.aem4 : driver.oem4 (.text:_SlDrvDriverCBDeinit)
                  20015d20    00000090     drivers_cc32xxware.aem4 : PowerCC3200.oem4 (.text:restoreNVICRegs)
                  20015db0    00000090     cc3x00_host_driver.aem4 : device.oem4 (.text:sl_Start)
                  20015e40    00000090     netwifi.o (.text:smartConfigFxn)
                  20015ed0    0000008c     subscribe_publish_sample.o (.text:HTTPCli_readResponseBody)
                  20015f5c    0000008c     UARTUtils.o (.text:UARTUtils_systemInit)
                  20015fe8    0000008c     aws_iot_sl.aem4 : aws_iot_mqtt_client_connect.o (.text:_aws_iot_mqtt_internal_disconnect)
                  20016074    00000004     subscribe_publish_sample_pem4.oem4 (.text:ti_sysbios_family_arm_m3_TaskSupport_Module__startupDone__S)
                  20016078    0000008c     sysbios.aem4 : BIOS.obj (.text:ti_sysbios_knl_Event_post__E)
                  20016104    0000008a     aws_iot_sl.aem4 : aws_iot_mqtt_client_common_internal.o (.text:aws_iot_mqtt_internal_send_packet)
                  2001618e    0000008a     drivers_cc32xxware.aem4 : UARTCC3200.oem4 (.text:readIsrTextBlocking)
                  20016218    00000088     driverlib.a : prcm.obj (.text:PRCMHibernateIntervalSet)
                  200162a0    00000088                 : pin.obj (.text:PinConfigSet)
                  20016328    00000088     drivers_cc32xxware.aem4 : UARTCC3200.oem4 (.text:UARTCC3200_close)
                  200163b0    00000088     aws_iot_sl.aem4 : aws_iot_mqtt_client_common_internal.o (.text:aws_iot_mqtt_internal_wait_for_read)
                  20016438    00000088     cc3x00_host_driver.aem4 : fs.oem4 (.text:sl_FsRead)
                  200164c0    00000088                             : fs.oem4 (.text:sl_FsWrite)
                  20016548    00000088     drivers_cc32xxware.aem4 : SPICC3200DMA.oem4 (.text:spiHwiFxn)
                  200165d0    00000088     sysbios.aem4 : BIOS.obj (.text:ti_sysbios_family_arm_m3_Hwi_initNVIC__E)
                  20016658    00000088                  : BIOS.obj (.text:ti_sysbios_knl_Mailbox_post__E)
                  200166e0    00000086     rtsv7M4_T_le_eabi.lib : fd_cmp_t2.obj (.text:__aeabi_cdcmple)
                  20016766    00000086                           : fd_cmp_t2.obj (.text:__aeabi_cdrcmple)
                  200167ec    00000084     drivers_cc32xxware.aem4 : GPIOCC3200.oem4 (.text:GPIO_init)
                  20016870    00000084     aws_iot_sl.aem4 : aws_iot_mqtt_client_connect.o (.text:aws_iot_mqtt_connect)
                  200168f4    00000084                     : aws_iot_mqtt_client_common_internal.o (.text:aws_iot_mqtt_internal_serialize_zero)
                  20016978    00000084                     : network_sl.o (.text:iot_tls_init)
                  200169fc    00000084     drivers_cc32xxware.aem4 : PowerCC3200.oem4 (.text:saveNVICRegs)
                  20016a80    00000084     sysbios.aem4 : BIOS.obj (.text:ti_sysbios_family_arm_m3_Hwi_postInit__I)
                  20016b04    00000082     driverlib.a : gpio.obj (.text:GPIOIntTypeSet)
                  20016b86    00000082     drivers_cc32xxware.aem4 : UARTCC3200.oem4 (.text:readIsrTextCallback)
                  20016c08    00000080     drivers_wifi_cc32xxware.aem4 : WiFiCC3200.oem4 (.text:WiFiCC3200_open)
                  20016c88    00000080     aws_iot_sl.aem4 : aws_iot_mqtt_client_connect.o (.text:_aws_iot_mqtt_is_client_state_valid_for_connect)
                  20016d08    0000007c     driverlib.a : spi.obj (.text:SPIIntStatus)
                  20016d84    0000007c     aws_iot_sl.aem4 : aws_iot_mqtt_client_common_internal.o (.text:_aws_iot_mqtt_internal_decode_packet_remaining_len)
                  20016e00    0000007c     subscribe_publish_sample.o (.text:checkContentField)
                  20016e7c    0000007c     cc3x00_host_driver.aem4 : netcfg.oem4 (.text:sl_NetCfgGet)
                  20016ef8    0000007c     sysbios.aem4 : BIOS.obj (.text:ti_sysbios_heaps_HeapMem_free__E)
                  20016f74    0000007c     netwifi.o (.text:wlanConnect)
                  20016ff0    0000007a     drivers_cc32xxware.aem4 : UARTCC3200.oem4 (.text:readTaskCallback)
                  2001706a    0000007a     rtsv7M4_T_le_eabi.lib : fs_mul_t2.obj (.text)
                  200170e4    0000007a                           : memset_t2.obj (.text)
                  2001715e    00000002     --HOLE-- [fill = 0]
                  20017160    00000078     drivers_wifi_cc32xxware.aem4 : osi_tirtos.oem4 (.text:VStartSimpleLinkSpawnTask)
                  200171d8    00000078     aws_iot_sl.aem4 : aws_iot_mqtt_client_subscribe.o (.text:aws_iot_mqtt_resubscribe)
                  20017250    00000078     main.o (.text:main)
                  200172c8    00000076     driverlib.a : uart.obj (.text:UARTConfigSetExpClk)
                  2001733e    00000002     --HOLE-- [fill = 0]
                  20017340    00000074     cc3x00_host_driver.aem4 : driver.oem4 (.text:_SlDrvClassifyRxMsg)
                  200173b4    00000074     subscribe_publish_sample.o (.text:sprsend)
                  20017428    00000074     sysbios.aem4 : BIOS.obj (.text:ti_sysbios_knl_Mailbox_pend__E)
                  2001749c    00000071     network_sl.aem4 : tls_sl.oem4 (.text:getDirPath)
                  2001750d    00000003     --HOLE-- [fill = 0]
                  20017510    00000070     drivers_cc32xxware.aem4 : PowerCC3200.oem4 (.text:Power_sleep)
                  20017580    00000070     cc3x00_host_driver.aem4 : driver.oem4 (.text:_SlDrvCmdOp)
                  200175f0    00000070     rtsv7M4_T_le_eabi.lib : printf.obj (.text)
                  20017660    00000070     cc3x00_host_driver.aem4 : fs.oem4 (.text:sl_FsClose)
                  200176d0    00000070                             : wlan.oem4 (.text:sl_WlanSmartConfigStart)
                  20017740    00000070     sysbios.aem4 : BIOS.obj (.text:ti_sysbios_knl_Mailbox_Instance_finalize__E)
                  200177b0    00000070                  : BIOS.obj (.text:ti_sysbios_knl_Semaphore_post__E)
                  20017820    0000006d     ti.targets.arm.rtsarm.aem4 : System.oem4 (.text:xdc_runtime_System_formatNum__I)
                  2001788d    00000003     --HOLE-- [fill = 0]
                  20017890    0000006c     cc3x00_host_driver.aem4 : driver.oem4 (.text:_SlDrvMsgReadSpawnCtx)
                  200178fc    0000006c     drivers_cc32xxware.aem4 : UARTCC3200.oem4 (.text:initHw)
                  20017968    0000006c     rtsv7M4_T_le_eabi.lib : fprintf.obj (.text)
                  200179d4    00000004     subscribe_publish_sample_pem4.oem4 (.text:ti_sysbios_heaps_HeapMem_Module_GateProxy_enter__E)
                  200179d8    0000006c     sysbios.aem4 : BIOS.obj (.text:ti_sysbios_family_arm_cc32xx_Seconds_getCount__I)
                  20017a44    00000004     subscribe_publish_sample_pem4.oem4 (.text:ti_sysbios_heaps_HeapMem_Module_GateProxy_leave__E)
                  20017a48    0000006c     sysbios.aem4 : BIOS.obj (.text:ti_sysbios_knl_Clock_workFunc__E)
                  20017ab4    00000004     subscribe_publish_sample_pem4.oem4 (.text:ti_sysbios_knl_Clock_TimerProxy_getMaxTicks__E)
                  20017ab8    0000006c     sysbios.aem4 : BIOS.obj (.text:ti_sysbios_knl_Swi_restoreHwi__E)
                  20017b24    00000004     subscribe_publish_sample_pem4.oem4 (.text:ti_sysbios_knl_Clock_TimerProxy_setPeriodMicroSecs__E)
                  20017b28    0000006c     sysbios.aem4 : BIOS.obj (.text:ti_sysbios_knl_Task_exit__E)
                  20017b94    0000006c     ti.targets.arm.rtsarm.aem4 : Error.oem4 (.text:xdc_runtime_Error_print__E)
                  20017c00    0000006c                                : Memory.oem4 (.text:xdc_runtime_Memory_alloc__E)
                  20017c6c    0000006a     rtsv7M4_T_le_eabi.lib : copy_decompress_rle.obj (.text)
                  20017cd6    0000006a     sntp_sl.aem4 : sntp.oem4 (.text:socketSetup)
                  20017d40    00000068     driverlib.a : prcm.obj (.text:PRCMHibernateWakeUpGPIOSelect)
                  20017da8    00000068     cc3x00_host_driver.aem4 : fs.oem4 (.text:_sl_GetCreateFsMode)
                  20017e10    00000068     aws_iot_sl.aem4 : aws_iot_mqtt_client_connect.o (.text:aws_iot_mqtt_disconnect)
                  20017e78    00000068     rtsv7M4_T_le_eabi.lib : trgmsg.obj (.text)
                  20017ee0    00000068     drivers_wifi_cc32xxware.aem4 : WiFiCC3200.oem4 (.text:spi_Read)
                  20017f48    00000068                                  : WiFiCC3200.oem4 (.text:spi_Write)
                  20017fb0    00000068     drivers_cc32xxware.aem4 : UARTCC3200.oem4 (.text:writeData)
                  20018018    00000067     subscribe_publish_sample.o (.text:HTTPCli_sendField)
                  2001807f    00000001     --HOLE-- [fill = 0]
                  20018080    00000066     rtsv7M4_T_le_eabi.lib : xdunscal.obj (.text)
                  200180e6    00000066     ti.targets.arm.rtsarm.aem4 : Core-mem.oem4 (.text:xdc_runtime_Core_deleteObject__I)
                  2001814c    00000064     drivers_cc32xxware.aem4 : GPIOCC3200.oem4 (.text:GPIO_hwiIntFxn)
                  200181b0    00000064     cc3x00_host_driver.aem4 : netapp.oem4 (.text:_sl_HandleAsync_DnsGetHostByName)
                  20018214    00000064     aws_iot_sl.aem4 : aws_iot_mqtt_client_common_internal.o (.text:aws_iot_mqtt_internal_decode_remaining_length_from_buffer)
                  20018278    00000064     rtsv7M4_T_le_eabi.lib : fseek.obj (.text)
                  200182dc    00000004     subscribe_publish_sample_pem4.oem4 (.text:ti_sysbios_knl_Clock_TimerProxy_start__E)
                  200182e0    00000064     sysbios.aem4 : BIOS.obj (.text:ti_sysbios_family_arm_m3_Hwi_dispatchC__I)
                  20018344    00000064     subscribe_publish_sample_pem4.oem4 (.text:ti_sysbios_knl_Mailbox_create)
                  200183a8    00000064     driverlib.a : udma.obj (.text:uDMAChannelAttributeDisable)
                  2001840c    00000062     tirtosport.aem4 : HwiP_tirtos.oem4 (.text:HwiP_create)
                  2001846e    00000060     rtsv7M4_T_le_eabi.lib : fs_cmp_t2.obj (.text:__aeabi_cfcmple)
                  200184ce    00000060                           : fs_cmp_t2.obj (.text:__aeabi_cfrcmple)
                  2001852e    00000002     --HOLE-- [fill = 0]
                  20018530    00000060     cc3x00_host_driver.aem4 : netapp.oem4 (.text:_sl_HandleAsync_DnsGetHostByService)
                  20018590    00000060                             : device.oem4 (.text:_sl_HandleAsync_InitComplete)
                  200185f0    00000060                             : netapp.oem4 (.text:_sl_HandleAsync_PingResponse)
                  20018650    00000060     rtsv7M4_T_le_eabi.lib : sprintf.obj (.text)
                  200186b0    00000060     sysbios.aem4 : BIOS.obj (.text:ti_sysbios_knl_Task_schedule__I)
                  20018710    0000005e     aws_iot_sl.aem4 : aws_iot_mqtt_client_publish.o (.text:_aws_iot_mqtt_read_string_with_len)
                  2001876e    0000005e     drivers_cc32xxware.aem4 : UARTCC3200.oem4 (.text:readIsrBinaryBlocking)
                  200187cc    00000004     subscribe_publish_sample_pem4.oem4 (.text:ti_sysbios_knl_Clock_TimerProxy_stop__E)
                  200187d0    0000005c     sysbios.aem4 : BIOS.obj (.text:ti_sysbios_knl_Swi_run__I)
                  2001882c    00000004     subscribe_publish_sample_pem4.oem4 (.text:ti_sysbios_knl_Clock_destruct)
                  20018830    0000005c     sysbios.aem4 : BIOS.obj (.text:ti_sysbios_knl_Swi_schedule__I)
                  2001888c    00000004     subscribe_publish_sample_pem4.oem4 (.text:ti_sysbios_knl_Event_delete)
                  20018890    0000005c     sysbios.aem4 : BIOS.obj (.text:ti_sysbios_knl_Task_Module_startup__E)
                  200188ec    0000005c     subscribe_publish_sample_pem4.oem4 (.text:ti_sysbios_knl_Task_create)
                  20018948    0000005c     sysbios.aem4 : BIOS.obj (.text:ti_sysbios_knl_Task_startCore__E)
                  200189a4    0000005b     ti.targets.arm.rtsarm.aem4 : Text.oem4 (.text:xdc_runtime_Text_putLab__E)
                  200189ff    00000001     --HOLE-- [fill = 0]
                  20018a00    0000005a     tirtosport.aem4 : ClockP_tirtos.oem4 (.text:ClockP_create)
                  20018a5a    0000005a     drivers_cc32xxware.aem4 : SPICC3200DMA.oem4 (.text:SPICC3200DMA_close)
                  20018ab4    0000005a     aws_iot_sl.aem4 : aws_iot_mqtt_client_connect.o (.text:aws_iot_mqtt_attempt_reconnect)
                  20018b0e    0000005a                     : network_sl.o (.text:iot_tls_write)
                  20018b68    00000058     driverlib.a : prcm.obj (.text:PRCMPeripheralReset)
                  20018bc0    00000058     drivers_cc32xxware.aem4 : PowerCC3200.oem4 (.text:Power_init)
                  20018c18    00000058     tirtosport.aem4 : SemaphoreP_tirtos.oem4 (.text:SemaphoreP_create)
                  20018c70    00000058     cc3x00_host_driver.aem4 : driver.oem4 (.text:_SlDrvCmdSend)
                  20018cc8    00000058     aws_iot_sl.aem4 : aws_iot_mqtt_client_connect.o (.text:_aws_iot_get_connect_packet_length)
                  20018d20    00000058     cc3x00_host_driver.aem4 : netapp.oem4 (.text:_sl_NetAppSendTokenValue)
                  20018d78    00000058     aws_iot_sl.aem4 : aws_iot_mqtt_client.o (.text:aws_iot_is_autoreconnect_enabled)
                  20018dd0    00000058     startsntp.o (.text:setTime)
                  20018e28    00000058     cc3x00_host_driver.aem4 : socket.oem4 (.text:sl_Bind)
                  20018e80    00000058     subscribe_publish_sample_pem4.oem4 (.text:ti_sysbios_family_arm_m3_Hwi_construct)
                  20018ed8    00000056     rtsv7M4_T_le_eabi.lib : ltoa.obj (.text)
                  20018f2e    00000002     --HOLE-- [fill = 0]
                  20018f30    00000054     CC3200_LAUNCHXL.o (.text:CC3200_LAUNCHXL_initDMA)
                  20018f84    00000054     sntp_sl.aem4 : sntp.oem4 (.text:SNTP_setServers)
                  20018fd8    00000054     drivers_cc32xxware.aem4 : UARTCC3200.oem4 (.text:UARTCC3200_writeCancel)
                  2001902c    00000054                             : UARTCC3200.oem4 (.text:readIsrBinaryCallback)
                  20019080    00000054     cc3x00_host_driver.aem4 : fs.oem4 (.text:sl_FsOpen)
                  200190d4    00000054                             : socket.oem4 (.text:sl_SetSockOpt)
                  20019128    00000054     sysbios.aem4 : BIOS.obj (.text:ti_sysbios_family_arm_m3_Timer_start__E)
                  2001917c    00000054     ti.targets.arm.rtsarm.aem4 : Assert.oem4 (.text:xdc_runtime_Assert_raise__I)
                  200191d0    00000050     drivers_wifi_cc32xxware.aem4 : WiFiCC3200.oem4 (.text:CC3X00_NWP_enablePreamble)
                  20019220    00000050     drivers_cc32xxware.aem4 : GPIOCC3200.oem4 (.text:GPIO_write)
                  20019270    00000050     cc3x00_host_driver.aem4 : socket.oem4 (.text:_sl_HandleAsync_Connect)
                  200192c0    00000050     rtsv7M4_T_le_eabi.lib : _tvaltostr.obj (.text)
                  20019310    00000050     cc3x00_host_driver.aem4 : device.oem4 (.text:sl_DevSet)
                  20019360    00000050                             : netcfg.oem4 (.text:sl_NetCfgSet)
                  200193b0    00000050     subscribe_publish_sample.o (.text:sstartNTP)
                  20019400    00000050     sysbios.aem4 : BIOS.obj (.text:ti_sysbios_family_arm_m3_Hwi_Module_startup__E)
                  20019450    00000050                  : BIOS.obj (.text:ti_sysbios_knl_Clock_Instance_init__E)
                  200194a0    00000050     ti.targets.arm.rtsarm.aem4 : Startup.oem4 (.text:xdc_runtime_Startup_exec__E)
                  200194f0    0000004d     sntp_sl.aem4 : sntp.oem4 (.text:hasKissCode)
                  2001953d    00000003     --HOLE-- [fill = 0]
                  20019540    0000004c     drivers_cc32xxware.aem4 : GPIOCC3200.oem4 (.text:GPIO_setCallback)
                  2001958c    0000004c     driverlib.a : spi.obj (.text:SPIIntDisable)
                  200195d8    0000004c                 : spi.obj (.text:SPIIntEnable)
                  20019624    0000004c     cc3x00_host_driver.aem4 : device.oem4 (.text:_SlDrvDeviceEventHandler)
                  20019670    0000004c                             : socket.oem4 (.text:_sl_HandleAsync_Accept)
                  200196bc    0000004c     subscribe_publish_sample.o (.text:lookUpResponseFields)
                  20019708    0000004c     rtsv7M4_T_le_eabi.lib : atoi.obj (.text)
                  20019754    0000004c                           : atol.obj (.text)
                  200197a0    0000004c                           : cpy_tbl.obj (.text)
                  200197ec    0000004c                           : localtim.obj (.text)
                  20019838    0000004c     sysbios.aem4 : m3_TaskSupport_asm.obj (.text:ti_sysbios_family_arm_m3_TaskSupport_buildTaskStack)
                  20019884    00000004     subscribe_publish_sample_pem4.oem4 (.text:ti_sysbios_knl_Mailbox_delete)
                  20019888    0000004c     sysbios.aem4 : BIOS.obj (.text:ti_sysbios_heaps_HeapMem_getStats__E)
                  200198d4    00000004     subscribe_publish_sample_pem4.oem4 (.text:ti_sysbios_knl_Queue_destruct)
                  200198d8    0000004c     sysbios.aem4 : BIOS.obj (.text:ti_sysbios_knl_Swi_runLoop__I)
                  20019924    00000004     subscribe_publish_sample_pem4.oem4 (.text:ti_sysbios_knl_Semaphore_delete)
                  20019928    0000004c     sysbios.aem4 : BIOS.obj (.text:ti_sysbios_knl_Task_allBlockedFunction__I)
                  20019974    0000004c     driverlib.a : udma.obj (.text:uDMAChannelAssign)
                  200199c0    00000048                 : flash.obj (.text:FlashDisable)
                  20019a08    00000048                 : prcm.obj (.text:PRCMHibernateWakeupSourceEnable)
                  20019a50    00000048                 : pin.obj (.text:PinConfigGet)
                  20019a98    00000048                 : spi.obj (.text:SPIIntClear)
                  20019ae0    00000048     cc3x00_host_driver.aem4 : driver.oem4 (.text:_SlRemoveFromList)
                  20019b28    00000048     network_sl.aem4 : tls_sl.oem4 (.text:flashFile)
                  20019b70    00000048     drivers_cc32xxware.aem4 : PowerCC3200.oem4 (.text:notify)
                  20019bb8    00000048     rtsv7M4_T_le_eabi.lib : fd_toi_t2.obj (.text)
                  20019c00    00000048                           : fd_tos_t2.obj (.text)
                  20019c48    00000048     cc3x00_host_driver.aem4 : socket.oem4 (.text:sl_Recv)
                  20019c90    00000048     sysbios.aem4 : BIOS.obj (.text:ti_sysbios_family_arm_m3_Hwi_disableInterrupt__E)
                  20019cd8    00000048                  : BIOS.obj (.text:ti_sysbios_family_arm_m3_Hwi_enableInterrupt__E)
                  20019d20    00000048                  : BIOS.obj (.text:ti_sysbios_family_arm_m3_Hwi_excReserved__I)
                  20019d68    00000048                  : m3_Hwi_asm_switch.obj (.text:ti_sysbios_family_arm_m3_Hwi_initStacks__E)
                  20019db0    00000048                  : BIOS.obj (.text:ti_sysbios_family_arm_m3_Timer_initDevice__I)
                  20019df8    00000048                  : BIOS.obj (.text:ti_sysbios_family_arm_m3_Timer_setPeriod__E)
                  20019e40    00000048                  : BIOS.obj (.text:ti_sysbios_knl_Mailbox_Module_startup__E)
                  20019e88    00000046     drivers_cc32xxware.aem4 : RingBuf.oem4 (.text:RingBuf_put)
                  20019ece    00000046     aws_iot_sl.aem4 : aws_iot_mqtt_client_common_internal.o (.text:aws_iot_mqtt_internal_write_len_to_buffer)
                  20019f14    00000046                     : aws_iot_mqtt_client_common_internal.o (.text:aws_iot_mqtt_internal_write_uint_16)
                  20019f5a    00000046     rtsv7M4_T_le_eabi.lib : ldexp.obj (.text)
                  20019fa0    00000046     ti.targets.arm.rtsarm.aem4 : Core-params.oem4 (.text:xdc_runtime_Core_assignParams__I)
                  20019fe6    00000002     --HOLE-- [fill = 0]
                  20019fe8    00000044     driverlib.a : prcm.obj (.text:PRCMLPDSEnter)
                  2001a02c    00000044     drivers_cc32xxware.aem4 : PowerCC3200_asm.oem4 (.text:PowerCC3200_enterLPDS)
                  2001a070    00000044     driverlib.a : spi.obj (.text:SPIDmaMaskGet)
                  2001a0b4    00000044     drivers_cc32xxware.aem4 : UARTCC3200.oem4 (.text:UARTCC3200_hwiIntFxn)
                  2001a0f8    00000044     cc3x00_host_driver.aem4 : driver.oem4 (.text:_SlAsyncEventGenericHandler)
                  2001a13c    00000044     boot.aem4 : boot.oem4 (.text)
                  2001a180    00000044     rtsv7M4_T_le_eabi.lib : exit.obj (.text)
                  2001a1c4    00000044     cc3x00_host_driver.aem4 : fs.oem4 (.text:sl_FsDel)
                  2001a208    00000044                             : wlan.oem4 (.text:sl_WlanPolicySet)
                  2001a24c    00000004     subscribe_publish_sample_pem4.oem4 (.text:ti_sysbios_knl_Semaphore_destruct)
                  2001a250    00000044     sysbios.aem4 : BIOS.obj (.text:ti_sysbios_family_arm_cc32xx_Seconds_set__E)
                  2001a294    00000004     subscribe_publish_sample_pem4.oem4 (.text:ti_sysbios_knl_Task_delete)
                  2001a298    00000044     sysbios.aem4 : BIOS.obj (.text:ti_sysbios_family_arm_m3_Hwi_getStackInfo__E)
                  2001a2dc    00000004     ti.targets.arm.rtsarm.aem4 : Error.oem4 (.text:xdc_runtime_Error_getSite__E)
                  2001a2e0    00000044     sysbios.aem4 : BIOS.obj (.text:ti_sysbios_knl_Swi_post__E)
                  2001a324    00000044     ti.targets.arm.rtsarm.aem4 : Error.oem4 (.text:xdc_runtime_Error_setX__E)
                  2001a368    00000044                                : Text.oem4 (.text:xdc_runtime_Text_xprintf__I)
                  2001a3ac    00000042     drivers_cc32xxware.aem4 : PowerCC3200_asm.oem4 (.text:PowerCC3200_resumeLPDS)
                  2001a3ee    00000042                             : UARTCC3200.oem4 (.text:UARTCC3200_writePolling)
                  2001a430    00000042     aws_iot_sl.aem4 : aws_iot_mqtt_client_common_internal.o (.text:aws_iot_mqtt_internal_get_final_packet_length_from_remaining_length)
                  2001a472    00000042                     : aws_iot_mqtt_client_common_internal.o (.text:aws_iot_mqtt_internal_read_uint16_t)
                  2001a4b4    00000042                     : aws_iot_mqtt_client.o (.text:aws_iot_mqtt_set_client_state)
                  2001a4f6    00000042     subscribe_publish_sample.o (.text:skipLine)
                  2001a538    00000040     drivers_cc32xxware.aem4 : GPIOCC3200.oem4 (.text:GPIO_enableInt)
                  2001a578    00000040     driverlib.a : pin.obj (.text:PinModeSet)
                  2001a5b8    00000040     drivers_cc32xxware.aem4 : PowerCC3200.oem4 (.text:Power_setDependency)
                  2001a5f8    00000040                             : RingBuf.oem4 (.text:RingBuf_get)
                  2001a638    00000040                             : UARTCC3200.oem4 (.text:UARTCC3200_read)
                  2001a678    00000040     cc3x00_host_driver.aem4 : driver.oem4 (.text:_SlDrvRxIrqHandler)
                  2001a6b8    00000040                             : socket.oem4 (.text:_sl_HandleAsync_Select)
                  2001a6f8    00000040     sntp_sl.aem4 : sntp.oem4 (.text:changeServer)
                  2001a738    00000040     aws_iot_sl.aem4 : network_sl.o (.text:iot_tls_disconnect)
                  2001a778    00000040                     : jsmn.o (.text:jsmn_alloc_token)
                  2001a7b8    00000040     drivers_wifi_cc32xxware.aem4 : osi_tirtos.oem4 (.text:osi_LockObjLock)
                  2001a7f8    00000040                                  : osi_tirtos.oem4 (.text:osi_SyncObjCreate)
                  2001a838    00000040                                  : osi_tirtos.oem4 (.text:osi_SyncObjWait)
                  2001a878    00000040     rtsv7M4_T_le_eabi.lib : signal.obj (.text)
                  2001a8b8    00000040                           : strtok.obj (.text)
                  2001a8f8    00000040                           : u_divt2.obj (.text)
                  2001a938    00000040     sysbios.aem4 : BIOS.obj (.text:ti_sysbios_heaps_HeapMem_Instance_init__E)
                  2001a978    0000003e     aws_iot_sl.aem4 : aws_iot_mqtt_client_yield.o (.text:_aws_iot_mqtt_handle_disconnect)
                  2001a9b6    0000003e     network_sl.aem4 : certconv.oem4 (.text:base64Decode)
                  2001a9f4    0000003e     subscribe_publish_sample_pem4.oem4 (.text:realloc)
                  2001aa32    00000002     --HOLE-- [fill = 0]
                  2001aa34    0000003c     driverlib.a : prcm.obj (.text:PRCMPeripheralClkEnable)
                  2001aa70    0000003c                 : prcm.obj (.text:PRCMSlowClkCtrFastGet)
                  2001aaac    0000003c                 : pin.obj (.text:PinDirModeSet)
                  2001aae8    0000003c     drivers_cc32xxware.aem4 : WiFi.oem4 (.text:WiFi_open)
                  2001ab24    0000003c     cc3x00_host_driver.aem4 : device.oem4 (.text:_sl_HandleAsync_Stop)
                  2001ab60    0000003c     aws_iot_sl.aem4 : network_sl.o (.text:iot_tls_set_connect_params)
                  2001ab9c    0000003c     drivers_wifi_cc32xxware.aem4 : WiFiCC3200.oem4 (.text:spi_Open)
                  2001abd8    0000003c     sysbios.aem4 : BIOS.obj (.text:ti_sysbios_family_arm_m3_Hwi_excSvCall__I)
                  2001ac14    00000004     subscribe_publish_sample_pem4.oem4 (.text:xdc_runtime_System_Module_GateProxy_enter__E)
                  2001ac18    0000003c     sysbios.aem4 : BIOS.obj (.text:ti_sysbios_family_arm_m3_Timer_setPeriodMicroSecs__E)
                  2001ac54    00000004     subscribe_publish_sample_pem4.oem4 (.text:xdc_runtime_System_Module_GateProxy_leave__E)
                  2001ac58    0000003c     sysbios.aem4 : BIOS.obj (.text:ti_sysbios_heaps_HeapMem_init__I)
                  2001ac94    00000004     ti.targets.arm.rtsarm.aem4 : System.oem4 (.text:xdc_runtime_System_aprintf_va__F)
                  2001ac98    0000003c     sysbios.aem4 : BIOS.obj (.text:ti_sysbios_knl_Clock_walkQueuePeriodic__E)
                  2001acd4    00000004     ti.targets.arm.rtsarm.aem4 : System.oem4 (.text:xdc_runtime_System_printf_va__F)
                  2001acd8    0000003c     sysbios.aem4 : BIOS.obj (.text:ti_sysbios_knl_Swi_restore__E)
                  2001ad14    0000003c     driverlib.a : udma.obj (.text:uDMAChannelControlSet)
                  2001ad50    0000003a     aws_iot_sl.aem4 : network_sl.o (.text:iot_tls_destroy)
                  2001ad8a    00000038     driverlib.a : adc.obj (.text:ADCChannelEnable)
                  2001adc2    00000038     subscribe_publish_sample.o (.text:HTTPCli_sendRequestBody)
                  2001adfa    00000002     --HOLE-- [fill = 0]
                  2001adfc    00000038     driverlib.a : prcm.obj (.text:PRCMIntEnable)
                  2001ae34    00000038     power_cc3200_tirtos.aem4 : PowerCC3200_tirtos.oem4 (.text:PowerCC3200_initPolicy)
                  2001ae6c    00000038     drivers_cc32xxware.aem4 : SPI.oem4 (.text:SPI_init)
                  2001aea4    00000038                             : UART.oem4 (.text:UART_init)
                  2001aedc    00000038                             : WiFi.oem4 (.text:WiFi_init)
                  2001af14    00000038     aws_iot_sl.aem4 : aws_iot_mqtt_client_common_internal.o (.text:aws_iot_mqtt_internal_write_utf8_string)
                  2001af4c    00000038                     : timer.o (.text:left_ms)
                  2001af84    00000038     drivers_wifi_cc32xxware.aem4 : osi_tirtos.oem4 (.text:osi_LockObjCreate)
                  2001afbc    00000038     rtsv7M4_T_le_eabi.lib : fs_tod_t2.obj (.text)
                  2001aff4    00000038                           : fs_toi_t2.obj (.text)
                  2001b02c    00000038                           : i_tofs_t2.obj (.text)
                  2001b064    00000038     cc3x00_host_driver.aem4 : socket.oem4 (.text:sl_Htonl)
                  2001b09c    00000038     drivers_cc32xxware.aem4 : SPICC3200DMA.oem4 (.text:spiPollingTransfer16)
                  2001b0d4    00000038                             : SPICC3200DMA.oem4 (.text:spiPollingTransfer8)
                  2001b10c    00000004     --HOLE-- [fill = 0]
                  2001b110    00000038     sysbios.aem4 : BIOS.obj (.text:ti_sysbios_family_arm_cc32xx_Seconds_get__E)
                  2001b148    00000038                  : BIOS.obj (.text:ti_sysbios_family_arm_m3_Hwi_excNoIsr__I)
                  2001b180    00000038                  : BIOS.obj (.text:ti_sysbios_knl_Task_processVitalTaskFlag__I)
                  2001b1b8    00000038     ti.targets.arm.rtsarm.aem4 : System.oem4 (.text:xdc_runtime_System_atexit__E)
                  2001b1f0    00000036     driverlib.a : gpio.obj (.text:GPIODirModeSet)
                  2001b226    00000036     subscribe_publish_sample.o (.text:HTTPCli_readRawResponseBody)
                  2001b25c    00000036     drivers_cc32xxware.aem4 : UARTCC3200.oem4 (.text:UARTCC3200_readCancel)
                  2001b292    00000002     --HOLE-- [fill = 0]
                  2001b294    00000034     drivers_wifi_cc32xxware.aem4 : WiFiCC3200.oem4 (.text:CC3X00_NWP_disable)
                  2001b2c8    00000034     driverlib.a : prcm.obj (.text:PRCMPeripheralStatusGet)
                  2001b2fc    00000034                 : prcm.obj (.text:PRCMSRAMRetentionEnable)
                  2001b330    00000034     drivers_cc32xxware.aem4 : PowerCC3200.oem4 (.text:Power_releaseDependency)
                  2001b364    00000034     driverlib.a : spi.obj (.text:SPIFIFOLevelSet)
                  2001b398    00000034     UARTUtils.o (.text:UARTUtils_deviceread)
                  2001b3cc    00000034     UARTUtils.o (.text:UARTUtils_devicewrite)
                  2001b400    00000034     cc3x00_host_driver.aem4 : driver.oem4 (.text:_SlDrvBasicCmd)
                  2001b434    00000034                             : driver.oem4 (.text:_SlDrvProtectAsyncRespSetting)
                  2001b468    00000034     UARTUtils.o (.text:closeHandle)
                  2001b49c    00000034     power_cc3200_tirtos.aem4 : PowerCC3200_tirtos.oem4 (.text:getCountsRTC)
                  2001b4d0    00000034     drivers_cc32xxware.aem4 : PowerCC3200.oem4 (.text:restorePeriphClocks)
                  2001b504    00000034     rtsv7M4_T_le_eabi.lib : feraiseexcept.obj (.text)
                  2001b538    00000034                           : strstr.obj (.text)
                  2001b56c    00000034     subscribe_publish_sample.o (.text:sendto)
                  2001b5a0    00000034     cc3x00_host_driver.aem4 : socket.oem4 (.text:sl_Htons)
                  2001b5d4    00000004     --HOLE-- [fill = 0]
                  2001b5d8    00000034     sysbios.aem4 : BIOS.obj (.text:ti_sysbios_family_arm_m3_Hwi_Instance_finalize__E)
                  2001b60c    00000004     --HOLE-- [fill = 0]
                  2001b610    00000034                  : BIOS.obj (.text:ti_sysbios_family_arm_m3_Hwi_excNmi__I)
                  2001b644    00000004     --HOLE-- [fill = 0]
                  2001b648    00000034                  : BIOS.obj (.text:ti_sysbios_family_arm_m3_Timer_periodicStub__I)
                  2001b67c    00000004     --HOLE-- [fill = 0]
                  2001b680    00000034                  : BIOS.obj (.text:ti_sysbios_hal_Hwi_checkStack)
                  2001b6b4    00000034     subscribe_publish_sample_pem4.oem4 (.text:ti_sysbios_knl_Clock_construct)
                  2001b6e8    00000034     subscribe_publish_sample_pem4.oem4 (.text:ti_sysbios_knl_Semaphore_create)
                  2001b71c    00000034     ti.targets.arm.rtsarm.aem4 : Core-label.oem4 (.text:xdc_runtime_Core_assignLabel__I)
                  2001b750    00000033                                : Text.oem4 (.text:xdc_runtime_Text_printVisFxn__I)
                  2001b783    00000001     --HOLE-- [fill = 0]
                  2001b784    00000032     subscribe_publish_sample.o (.text:HTTPCli_disconnect)
                  2001b7b6    00000032     network_sl.aem4 : ssock.oem4 (.text:Ssock_recv)
                  2001b7e8    00000032     subscribe_publish_sample.o (.text:recvfrom)
                  2001b81a    00000032     drivers_cc32xxware.aem4 : SPICC3200DMA.oem4 (.text:spiPollingTransfer32)
                  2001b84c    00000004     --HOLE-- [fill = 0]
                  2001b850    00000032     sysbios.aem4 : BIOS.obj (.text:ti_sysbios_hal_Hwi_initStack)
                  2001b882    00000030     driverlib.a : pin.obj (.text:PinTypeGPIO)
                  2001b8b2    00000002     --HOLE-- [fill = 0]
                  2001b8b4    00000030     drivers_cc32xxware.aem4 : PowerCC3200.oem4 (.text:Power_releaseConstraint)
                  2001b8e4    00000030                             : PowerCC3200.oem4 (.text:Power_setConstraint)
                  2001b914    00000030                             : SPI.oem4 (.text:SPI_open)
                  2001b944    00000030     netwifi.o (.text:SimpleLinkWlanEventHandler)
                  2001b974    00000030     driverlib.a : uart.obj (.text:UARTDisable)
                  2001b9a4    00000030     drivers_cc32xxware.aem4 : UART.oem4 (.text:UART_open)
                  2001b9d4    00000030     aws_iot_sl.aem4 : aws_iot_mqtt_client_subscribe.o (.text:_aws_iot_mqtt_get_free_message_handler_index)
                  2001ba04    00000030     drivers_wifi_cc32xxware.aem4 : WiFiCC3200.oem4 (.text:registerInterruptHandler)
                  2001ba34    00000030     rtsv7M4_T_le_eabi.lib : strcasecmp.obj (.text)
                  2001ba64    00000030                           : strncpy.obj (.text)
                  2001ba94    00000030                           : xferaise.obj (.text)
                  2001bac4    00000030     cc3x00_host_driver.aem4 : socket.oem4 (.text:sl_Socket)
                  2001baf4    00000030     subscribe_publish_sample_pem4.oem4 (.text:ti_sysbios_BIOS_atExitFunc__I)
                  2001bb24    00000004     --HOLE-- [fill = 0]
                  2001bb28    00000030     sysbios.aem4 : BIOS.obj (.text:ti_sysbios_family_arm_m3_TaskSupport_start__E)
                  2001bb58    00000030     subscribe_publish_sample_pem4.oem4 (.text:ti_sysbios_gates_GateHwi_Object__create__S)
                  2001bb88    00000030     subscribe_publish_sample_pem4.oem4 (.text:ti_sysbios_gates_GateMutex_Object__create__S)
                  2001bbb8    00000030     sysbios.aem4 : BIOS.obj (.text:ti_sysbios_gates_GateMutex_enter__E)
                  2001bbe8    00000030     subscribe_publish_sample_pem4.oem4 (.text:ti_sysbios_heaps_HeapMem_Object__create__S)
                  2001bc18    00000030     subscribe_publish_sample_pem4.oem4 (.text:ti_sysbios_knl_Event_create)
                  2001bc48    00000030     sysbios.aem4 : BIOS.obj (.text:ti_sysbios_knl_Event_pendTimeout__I)
                  2001bc78    00000030                  : BIOS.obj (.text:ti_sysbios_knl_Mailbox_postInit__I)
                  2001bca8    00000030     subscribe_publish_sample_pem4.oem4 (.text:ti_sysbios_knl_Semaphore_construct)
                  2001bcd8    00000030     sysbios.aem4 : BIOS.obj (.text:ti_sysbios_knl_Semaphore_pendTimeout__I)
                  2001bd08    00000030                  : BIOS.obj (.text:ti_sysbios_knl_Task_unblockI__E)
                  2001bd38    00000030     ti.targets.arm.rtsarm.aem4 : System.oem4 (.text:xdc_runtime_System_processAtExit__E)
                  2001bd68    0000002e     UARTUtils.o (.text:UARTUtils_deviceopen)
                  2001bd96    0000002e     subscribe_publish_sample_pem4.oem4 (.text:malloc)
                  2001bdc4    0000002e     rtsv7M4_T_le_eabi.lib : i_tofd_t2.obj (.text)
                  2001bdf2    0000002e                           : raise.obj (.text)
                  2001be20    0000002c     drivers_wifi_cc32xxware.aem4 : WiFiCC3200.oem4 (.text:CC3X00_NWP_enable)
                  2001be4c    0000002c     driverlib.a : prcm.obj (.text:PRCMLPDSIntervalSet)
                  2001be78    0000002c                 : prcm.obj (.text:PRCMSysResetCauseGet)
                  2001bea4    0000002c     sntp_sl.aem4 : sntp.oem4 (.text:SNTP_forceTimeSync)
                  2001bed0    0000002c     aws_iot_sl.aem4 : jsmn.o (.text:jsmn_fill_token)
                  2001befc    0000002c                     : timer.o (.text:msToTicks)
                  2001bf28    0000002c     rtsv7M4_T_le_eabi.lib : assert.obj (.text)
                  2001bf54    0000002c     subscribe_publish_sample.o (.text:setCliState)
                  2001bf80    0000002c     aws_iot_sl.aem4 : network_sl.o (.text:setsockopt)
                  2001bfac    0000002c     subscribe_publish_sample.o (.text:setsockopt)
                  2001bfd8    0000002c     subscribe_publish_sample_pem4.oem4 (.text:ti_sysbios_knl_Clock_doTick__I)
                  2001c004    0000002c     subscribe_publish_sample_pem4.oem4 (.text:ti_sysbios_knl_Queue_construct)
                  2001c030    0000002c     sysbios.aem4 : BIOS.obj (.text:ti_sysbios_knl_Task_restore__E)
                  2001c05c    0000002c     aws_iot_sl.aem4 : timer.o (.text:ticksToMs)
                  2001c088    0000002c     ti.targets.arm.rtsarm.aem4 : Text.oem4 (.text:xdc_runtime_Text_cordText__E)
                  2001c0b4    0000002a     driverlib.a : spi.obj (.text:SPIDataGetNonBlocking)
                  2001c0de    0000002a     cc3x00_host_driver.aem4 : socket.oem4 (.text:_sl_BuildAddress)
                  2001c108    0000002a     rtsv7M4_T_le_eabi.lib : strspn.obj (.text)
                  2001c132    0000002a                           : xdclass.obj (.text)
                  2001c15c    0000002a     subscribe_publish_sample.o (.text:startSecureMode)
                  2001c186    0000002a     ti.targets.arm.rtsarm.aem4 : System.oem4 (.text:xdc_runtime_System_putchar__I)
                  2001c1b0    00000028     driverlib.a : prcm.obj (.text:PRCMLPDSWakeupSourceEnable)
                  2001c1d8    00000028                 : prcm.obj (.text:PRCMPeripheralClkDisable)
                  2001c200    00000028     drivers_cc32xxware.aem4 : PowerCC3200.oem4 (.text:Power_registerNotify)
                  2001c228    00000028     network_sl.aem4 : ssock.oem4 (.text:Ssock_recvall)
                  2001c250    00000028     aws_iot_sl.aem4 : aws_iot_mqtt_client_yield.o (.text:_aws_iot_mqtt_force_client_disconnect)
                  2001c278    00000028     drivers_cc32xxware.aem4 : UARTCC3200.oem4 (.text:releasePowerConstraint)
                  2001c2a0    00000028     rtsv7M4_T_le_eabi.lib : strncat.obj (.text)
                  2001c2c8    00000028     sysbios.aem4 : BIOS.obj (.text:ti_sysbios_knl_Clock_addI__E)
                  2001c2f0    00000028                  : BIOS.obj (.text:ti_sysbios_knl_Swi_Module_startup__E)
                  2001c318    00000028     driverlib.a : udma.obj (.text:uDMAChannelIsEnabled)
                  2001c340    00000026     subscribe_publish_sample.o (.text:HTTPCli_destruct)
                  2001c366    00000026     subscribe_publish_sample.o (.text:HTTPCli_setRequestFields)
                  2001c38c    00000026     subscribe_publish_sample.o (.text:HTTPCli_setResponseFields)
                  2001c3b2    00000026     drivers_cc32xxware.aem4 : List.oem4 (.text:List_put)
                  2001c3d8    00000026     aws_iot_sl.aem4 : aws_iot_mqtt_client.o (.text:aws_iot_mqtt_get_next_packet_id)
                  2001c3fe    00000026     network_sl.aem4 : ssock_sl.oem4 (.text:fileExists)
                  2001c424    00000026     aws_iot_sl.aem4 : network_sl.o (.text:gethostbyname)
                  2001c44a    00000026     startsntp.o (.text:gethostbyname)
                  2001c470    00000026     rtsv7M4_T_le_eabi.lib : strncmp.obj (.text)
                  2001c496    00000026     ti.targets.arm.rtsarm.aem4 : System.oem4 (.text:xdc_runtime_System_avprintf__E)
                  2001c4bc    00000024     driverlib.a : prcm.obj (.text:PRCMLPDSWakeUpGPIOSelect)
                  2001c4e0    00000024     subscribe_publish_sample.o (.text:RebootMCU)
                  2001c504    00000024     netwifi.o (.text:SimpleLinkNetAppEventHandler)
                  2001c528    00000024     network_sl.aem4 : tls_sl.oem4 (.text:TLS_delete)
                  2001c54c    00000024     driverlib.a : uart.obj (.text:UARTCharPutNonBlocking)
                  2001c570    00000024                 : uart.obj (.text:UARTEnable)
                  2001c594    00000024     UARTUtils.o (.text:UARTUtils_systemAbort)
                  2001c5b8    00000024     drivers_wifi_cc32xxware.aem4 : osi_tirtos.oem4 (.text:osi_Spawn)
                  2001c5dc    00000024     rtsv7M4_T_le_eabi.lib : strcspn.obj (.text)
                  2001c600    00000024                           : u_tofs_t2.obj (.text)
                  2001c624    00000024     cc3x00_host_driver.aem4 : socket.oem4 (.text:sl_Close)
                  2001c648    00000024                             : wlan.oem4 (.text:sl_WlanProfileDel)
                  2001c66c    00000024                             : wlan.oem4 (.text:sl_WlanSetMode)
                  2001c690    00000024     subscribe_publish_sample_pem4.oem4 (.text:ti_sysbios_BIOS_registerRTSLock__I)
                  2001c6b4    00000024     subscribe_publish_sample_pem4.oem4 (.text:ti_sysbios_BIOS_removeRTSLock__I)
                  2001c6d8    00000024     subscribe_publish_sample_pem4.oem4 (.text:ti_sysbios_BIOS_startFunc__I)
                  2001c6fc    00000004     --HOLE-- [fill = 0]
                  2001c700    00000024     sysbios.aem4 : BIOS.obj (.text:ti_sysbios_family_arm_m3_Timer_Module_startup__E)
                  2001c724    00000004     --HOLE-- [fill = 0]
                  2001c728    00000024                  : BIOS.obj (.text:ti_sysbios_family_arm_m3_Timer_postInit__I)
                  2001c74c    00000004     --HOLE-- [fill = 0]
                  2001c750    00000024                  : BIOS.obj (.text:ti_sysbios_family_arm_m3_Timer_startup__E)
                  2001c774    00000024     subscribe_publish_sample_pem4.oem4 (.text:ti_sysbios_gates_GateMutex_Object__delete__S)
                  2001c798    00000024     sysbios.aem4 : BIOS.obj (.text:ti_sysbios_knl_Clock_Module_startup__E)
                  2001c7bc    00000004     --HOLE-- [fill = 0]
                  2001c7c0    00000024                  : BIOS.obj (.text:ti_sysbios_knl_Clock_start__E)
                  2001c7e4    00000004     --HOLE-- [fill = 0]
                  2001c7e8    00000024                  : BIOS.obj (.text:ti_sysbios_knl_Semaphore_Instance_init__E)
                  2001c80c    00000024     subscribe_publish_sample_pem4.oem4 (.text:ti_sysbios_knl_Semaphore_Object__delete__S)
                  2001c830    00000024     sysbios.aem4 : BIOS.obj (.text:ti_sysbios_knl_Task_restoreHwi__E)
                  2001c854    00000024     ti.targets.arm.rtsarm.aem4 : System.oem4 (.text:xdc_runtime_System_vprintf__E)
                  2001c878    00000022     driverlib.a : adc.obj (.text:ADCTimerConfig)
                  2001c89a    00000022                 : gpio.obj (.text:GPIOIntStatus)
                  2001c8bc    00000022                 : spi.obj (.text:SPIReset)
                  2001c8de    00000022                 : spi.obj (.text:SPIWordCountSet)
                  2001c900    00000022     aws_iot_sl.aem4 : aws_iot_mqtt_client.o (.text:aws_iot_mqtt_autoreconnect_set_status)
                  2001c922    00000022     rtsv7M4_T_le_eabi.lib : frexp.obj (.text)
                  2001c944    00000020     driverlib.a : gpio.obj (.text:GPIOPinWrite)
                  2001c964    00000020                 : prcm.obj (.text:PRCMLPDSRestoreInfoSet)
                  2001c984    00000020     drivers_cc32xxware.aem4 : PowerCC3200.oem4 (.text:Power_idleFunc)
                  2001c9a4    00000020                             : PowerCC3200.oem4 (.text:Power_unregisterNotify)
                  2001c9c4    00000020     driverlib.a : spi.obj (.text:SPIDataGet)
                  2001c9e4    00000020     UARTUtils.o (.text:UARTUtils_systemPutch)
                  2001ca04    00000020     aws_iot_sl.aem4 : aws_iot_mqtt_client_common_internal.o (.text:aws_iot_mqtt_internal_read_char)
                  2001ca24    00000020                     : aws_iot_mqtt_client_common_internal.o (.text:aws_iot_mqtt_internal_write_char)
                  2001ca44    00000020     drivers_cc32xxware.aem4 : SPICC3200DMA.oem4 (.text:getPowerMgrId)
                  2001ca64    00000020                             : UARTCC3200.oem4 (.text:getPowerMgrId)
                  2001ca84    00000020     aws_iot_sl.aem4 : timer.o (.text:has_timer_expired)
                  2001caa4    00000020     rtsv7M4_T_le_eabi.lib : memchr.obj (.text)
                  2001cac4    00000020     aws_iot_sl.aem4 : network_sl.o (.text:socket)
                  2001cae4    00000020     subscribe_publish_sample.o (.text:socket)
                  2001cb04    00000020     subscribe_publish_sample_pem4.oem4 (.text:ti_sysbios_BIOS_rtsLock__I)
                  2001cb24    00000004     --HOLE-- [fill = 0]
                  2001cb28    00000020     sysbios.aem4 : BIOS.obj (.text:ti_sysbios_family_arm_m3_Hwi_clearInterrupt__E)
                  2001cb48    00000020                  : m3_Hwi_asm.obj (.text:ti_sysbios_family_arm_m3_Hwi_excHandlerAsm__I)
                  2001cb68    00000020                  : BIOS.obj (.text:ti_sysbios_family_arm_m3_Hwi_excHandler__I)
                  2001cb88    00000020     subscribe_publish_sample_pem4.oem4 (.text:ti_sysbios_gates_GateHwi_Object__delete__S)
                  2001cba8    00000020     subscribe_publish_sample_pem4.oem4 (.text:ti_sysbios_heaps_HeapMem_Object__delete__S)
                  2001cbc8    00000020     subscribe_publish_sample_pem4.oem4 (.text:ti_sysbios_knl_Clock_Object__destruct__S)
                  2001cbe8    00000020     subscribe_publish_sample_pem4.oem4 (.text:ti_sysbios_knl_Event_Object__delete__S)
                  2001cc08    00000020     sysbios.aem4 : BIOS.obj (.text:ti_sysbios_knl_Idle_run__E)
                  2001cc28    00000020     subscribe_publish_sample_pem4.oem4 (.text:ti_sysbios_knl_Mailbox_Object__delete__S)
                  2001cc48    00000020     subscribe_publish_sample_pem4.oem4 (.text:ti_sysbios_knl_Semaphore_Object__destruct__S)
                  2001cc68    00000020     subscribe_publish_sample_pem4.oem4 (.text:ti_sysbios_knl_Task_Object__delete__S)
                  2001cc88    00000020     ti.targets.arm.rtsarm.aem4 : Registry.oem4 (.text:xdc_runtime_Registry_findById__E)
                  2001cca8    0000001e     driverlib.a : spi.obj (.text:SPIDataPut)
                  2001ccc6    0000001e                 : uart.obj (.text:UARTCharPut)
                  2001cce4    0000001e                 : uart.obj (.text:UARTIntStatus)
                  2001cd02    0000001e     drivers_wifi_cc32xxware.aem4 : WiFiCC3200.oem4 (.text:WiFiCC3200_close)
                  2001cd20    0000001e     network_sl.aem4 : tls_sl.oem4 (.text:getTLSMethod)
                  2001cd3e    0000001e     aws_iot_sl.aem4 : jsmn.o (.text:jsmn_init)
                  2001cd5c    0000001e     rtsv7M4_T_le_eabi.lib : strcat.obj (.text)
                  2001cd7a    0000001e     subscribe_publish_sample_pem4.oem4 (.text:ti_sysbios_BIOS_errorRaiseHook__I)
                  2001cd98    0000001e     sysbios.aem4 : m3_Hwi_asm_switch.obj (.text:ti_sysbios_family_xxx_Hwi_switchAndRunFunc)
                  2001cdb6    0000001e     subscribe_publish_sample.o (.text:xvsnprintf)
                  2001cdd4    0000001c     driverlib.a : adc.obj (.text:ADCFIFOLvlGet)
                  2001cdf0    0000001c     subscribe_publish_sample.o (.text:HTTPCli_getResponseStatus)
                  2001ce0c    0000001c     drivers_cc32xxware.aem4 : SPICC3200DMA.oem4 (.text:SPICC3200DMA_init)
                  2001ce28    0000001c     network_sl.aem4 : ssock.oem4 (.text:Ssock_delete)
                  2001ce44    0000001c                     : ssock.oem4 (.text:Ssock_destruct)
                  2001ce60    0000001c     driverlib.a : uart.obj (.text:UARTCharGetNonBlocking)
                  2001ce7c    0000001c                 : uart.obj (.text:UARTFlowControlSet)
                  2001ce98    0000001c     cc3x00_host_driver.aem4 : driver.oem4 (.text:_SlDrvProtectionObjLockWaitForever)
                  2001ceb4    0000001c                             : socket.oem4 (.text:_sl_TruncatePayloadByProtocol)
                  2001ced0    0000001c     subscribe_publish_sample.o (.text:bind)
                  2001ceec    0000001c     aws_iot_sl.aem4 : network_sl.o (.text:connect)
                  2001cf08    0000001c     subscribe_publish_sample.o (.text:connect)
                  2001cf24    0000001c     rtsv7M4_T_le_eabi.lib : memccpy.obj (.text)
                  2001cf40    0000001c     subscribe_publish_sample_pem4.oem4 (.text:ti_sysbios_family_arm_m3_Hwi_Object__destruct__S)
                  2001cf5c    00000004     --HOLE-- [fill = 0]
                  2001cf60    0000001c     sysbios.aem4 : BIOS.obj (.text:ti_sysbios_family_arm_m3_Timer_stop__E)
                  2001cf7c    00000004     --HOLE-- [fill = 0]
                  2001cf80    0000001c                  : BIOS.obj (.text:ti_sysbios_gates_GateMutex_Instance_init__E)
                  2001cf9c    00000004     --HOLE-- [fill = 0]
                  2001cfa0    0000001c                  : BIOS.obj (.text:ti_sysbios_knl_Clock_Instance_finalize__E)
                  2001cfbc    0000001c     subscribe_publish_sample_pem4.oem4 (.text:ti_sysbios_knl_Queue_Object__destruct__S)
                  2001cfd8    0000001c     sysbios.aem4 : BIOS.obj (.text:ti_sysbios_knl_Queue_get__E)
                  2001cff4    00000004     --HOLE-- [fill = 0]
                  2001cff8    0000001c                  : BIOS.obj (.text:ti_sysbios_knl_Queue_put__E)
                  2001d014    00000004     --HOLE-- [fill = 0]
                  2001d018    0000001c                  : BIOS.obj (.text:ti_sysbios_knl_Task_enter__I)
                  2001d034    0000001c     driverlib.a : udma.obj (.text:uDMAChannelEnable)
                  2001d050    0000001c     drivers_wifi_cc32xxware.aem4 : osi_tirtos.oem4 (.text:vSimpleLinkSpawnTask)
                  2001d06c    0000001c     ti.targets.arm.rtsarm.aem4 : Error.oem4 (.text:xdc_runtime_Error_raiseX__E)
                  2001d088    0000001c                                : Memory.oem4 (.text:xdc_runtime_Memory_valloc__E)
                  2001d0a4    0000001c                                : System.oem4 (.text:xdc_runtime_System_abort__E)
                  2001d0c0    0000001a     cc3x00_host_driver.aem4 : netapp.oem4 (.text:CopyPingResultsToReport)
                  2001d0da    0000001a     driverlib.a : gpio.obj (.text:GPIOIntEnable)
                  2001d0f4    0000001a     drivers_cc32xxware.aem4 : List.oem4 (.text:List_remove)
                  2001d10e    0000001a     driverlib.a : pin.obj (.text:PinTypeUART)
                  2001d128    0000001a                 : spi.obj (.text:SPIDmaDisable)
                  2001d142    0000001a                 : spi.obj (.text:SPIDmaEnable)
                  2001d15c    0000001a                 : spi.obj (.text:SPIFIFODisable)
                  2001d176    0000001a                 : spi.obj (.text:SPIFIFOEnable)
                  2001d190    0000001a     subscribe_publish_sample.o (.text:getCliState)
                  2001d1aa    0000001a     subscribe_publish_sample.o (.text:isValidSocket)
                  2001d1c4    0000001a     sysbios.aem4 : m3_Hwi_asm.obj (.text:ti_sysbios_family_arm_m3_Hwi_pendSV__I)
                  2001d1de    0000001a     subscribe_publish_sample_pem4.oem4 (.text:xdc_runtime_System_aprintf__E)
                  2001d1f8    0000001a     subscribe_publish_sample_pem4.oem4 (.text:xdc_runtime_System_printf__E)
                  2001d212    0000001a     network_sl.aem4 : tls_sl.oem4 (.text:xsnprintf)
                  2001d22c    00000018     driverlib.a : adc.obj (.text:ADCFIFORead)
                  2001d244    00000018                 : gpio.obj (.text:GPIOPinRead)
                  2001d25c    00000018     subscribe_publish_sample.o (.text:HTTPCli_construct)
                  2001d274    00000018     subscribe_publish_sample.o (.text:NetMACAddressGet)
                  2001d28c    00000018     driverlib.a : prcm.obj (.text:PRCMHibernateEnter)
                  2001d2a4    00000018                 : spi.obj (.text:SPICSDisable)
                  2001d2bc    00000018                 : spi.obj (.text:SPICSEnable)
                  2001d2d4    00000018                 : spi.obj (.text:SPIDisable)
                  2001d2ec    00000018                 : spi.obj (.text:SPIEnable)
                  2001d304    00000018     network_sl.aem4 : ssock.oem4 (.text:Ssock_create)
                  2001d31c    00000018     driverlib.a : uart.obj (.text:UARTBusy)
                  2001d334    00000018                 : uart.obj (.text:UARTFIFOLevelSet)
                  2001d34c    00000018                 : uart.obj (.text:UARTIntDisable)
                  2001d364    00000018                 : uart.obj (.text:UARTIntEnable)
                  2001d37c    00000018     UARTUtils.o (.text:UARTUtils_deviceclose)
                  2001d394    00000018     drivers_cc32xxware.aem4 : UART.oem4 (.text:UART_Params_init)
                  2001d3ac    00000018     drivers_wifi_cc32xxware.aem4 : osi_tirtos.oem4 (.text:VDeleteSimpleLinkSpawnTask)
                  2001d3c4    00000018                                  : WiFiCC3200.oem4 (.text:WiFiCC3200_init)
                  2001d3dc    00000018     cc3x00_host_driver.aem4 : driver.oem4 (.text:_SlDrvProtectionObjUnLock)
                  2001d3f4    00000018     subscribe_publish_sample_pem4.oem4 (.text:free)
                  2001d40c    00000018     rtsv7M4_T_le_eabi.lib : args_main.obj (.text)
                  2001d424    00000018                           : ll_mul_t2.obj (.text)
                  2001d43c    00000018                           : strcmp.obj (.text)
                  2001d454    00000018     drivers_wifi_cc32xxware.aem4 : WiFiCC3200.oem4 (.text:spi_Close)
                  2001d46c    00000018     subscribe_publish_sample_pem4.oem4 (.text:ti_sysbios_BIOS_rtsUnlock__I)
                  2001d484    00000018     subscribe_publish_sample_pem4.oem4 (.text:ti_sysbios_family_arm_m3_Hwi_Handle__label__S)
                  2001d49c    00000018     subscribe_publish_sample_pem4.oem4 (.text:ti_sysbios_family_arm_m3_Hwi_Module__startupDone__F)
                  2001d4b4    00000018     subscribe_publish_sample_pem4.oem4 (.text:ti_sysbios_family_arm_m3_Timer_Module__startupDone__F)
                  2001d4cc    00000018     subscribe_publish_sample_pem4.oem4 (.text:ti_sysbios_gates_GateHwi_Handle__label__S)
                  2001d4e4    00000018     subscribe_publish_sample_pem4.oem4 (.text:ti_sysbios_gates_GateMutex_Handle__label__S)
                  2001d4fc    00000004     --HOLE-- [fill = 0]
                  2001d500    00000018     sysbios.aem4 : BIOS.obj (.text:ti_sysbios_gates_GateMutex_leave__E)
                  2001d518    00000018     subscribe_publish_sample_pem4.oem4 (.text:ti_sysbios_heaps_HeapMem_Handle__label__S)
                  2001d530    00000018     subscribe_publish_sample_pem4.oem4 (.text:ti_sysbios_knl_Swi_Handle__label__S)
                  2001d548    00000018     subscribe_publish_sample_pem4.oem4 (.text:ti_sysbios_knl_Task_Handle__label__S)
                  2001d560    00000018     sysbios.aem4 : BIOS.obj (.text:ti_sysbios_knl_Task_sleepTimeout__I)
                  2001d578    00000018     subscribe_publish_sample_pem4.oem4 (.text:time)
                  2001d590    00000018     ti.targets.arm.rtsarm.aem4 : Error.oem4 (.text:xdc_runtime_Error_check__E)
                  2001d5a8    00000018                                : System.oem4 (.text:xdc_runtime_System_exit__E)
                  2001d5c0    00000018                                : Text.oem4 (.text:xdc_runtime_Text_ropeText__E)
                  2001d5d8    00000016     driverlib.a : adc.obj (.text:ADCTimerEnable)
                  2001d5ee    00000016     tirtosport.aem4 : ClockP_tirtos.oem4 (.text:ClockP_delete)
                  2001d604    00000016                     : HwiP_tirtos.oem4 (.text:HwiP_delete)
                  2001d61a    00000016     driverlib.a : prcm.obj (.text:PRCMHIBRegRead)
                  2001d630    00000016                 : prcm.obj (.text:PRCMHIBRegWrite)
                  2001d646    00000016     tirtosport.aem4 : SemaphoreP_tirtos.oem4 (.text:SemaphoreP_delete)
                  2001d65c    00000016     driverlib.a : uart.obj (.text:UARTCharGet)
                  2001d672    00000016     cc3x00_host_driver.aem4 : fs.oem4 (.text:_sl_Strlen)
                  2001d688    00000016     aws_iot_sl.aem4 : aws_iot_mqtt_client.o (.text:aws_iot_mqtt_get_client_state)
                  2001d69e    00000016                     : timer.o (.text:init_timer)
                  2001d6b4    00000016     rtsv7M4_T_le_eabi.lib : strchr.obj (.text)
                  2001d6ca    00000016     drivers_cc32xxware.aem4 : UARTCC3200.oem4 (.text:startTxFifoEmptyClk)
                  2001d6e0    00000016     subscribe_publish_sample_pem4.oem4 (.text:ti_sysbios_BIOS_exitFunc__I)
[...]
2002a5f0  xdc_runtime_IGateProvider_Interface__BASE__C                       
2002a5f4  xdc_runtime_IHeap_Interface__BASE__C                               
2002a5f8  xdc_runtime_IModule_Interface__BASE__C                             
2002a5fc  xdc_runtime_Log_L_error__C                                         
2002a600  xdc_runtime_Main_Module__diagsEnabled__C                           
2002a604  xdc_runtime_Main_Module__diagsIncluded__C                          
2002a608  xdc_runtime_Main_Module__diagsMask__C                              
2002a60c  xdc_runtime_Main_Module__loggerFxn2__C                             
2002a610  xdc_runtime_Main_Module__loggerFxn4__C                             
2002a614  xdc_runtime_Main_Module__loggerObj__C                              
2002a618  xdc_runtime_Memory_defaultHeapInstance__C                          
2002a61c  xdc_runtime_Startup_execImpl__C                                    
2002a620  xdc_runtime_Startup_maxPasses__C                                   
2002a624  xdc_runtime_Startup_sfxnRts__C                                     
2002a628  xdc_runtime_Startup_sfxnTab__C                                     
2002a62c  xdc_runtime_SysCallback_abortFxn__C                                
2002a630  xdc_runtime_SysCallback_exitFxn__C                                 
2002a634  xdc_runtime_SysCallback_flushFxn__C                                
2002a638  xdc_runtime_SysCallback_putchFxn__C                                
2002a63c  xdc_runtime_SysCallback_readyFxn__C                                
2002a640  xdc_runtime_System_Module__gateObj__C                              
2002a644  xdc_runtime_System_abortFxn__C                                     
2002a648  xdc_runtime_System_exitFxn__C                                      
2002a64c  xdc_runtime_System_extendFxn__C                                    
2002a650  xdc_runtime_System_maxAtexitHandlers__C                            
2002a654  xdc_runtime_Text_charTab__C                                        
2002a658  xdc_runtime_Text_nameEmpty__C                                      
2002a65c  xdc_runtime_Text_nameStatic__C                                     
2002a660  xdc_runtime_Text_nameUnknown__C                                    
2002a664  xdc_runtime_Text_nodeTab__A                                        
2002a668  xdc_runtime_Text_visitRopeFxn__C                                   
2002a66c  ti_sysbios_heaps_HeapMem_Module__id__C                             
2002a66e  ti_sysbios_knl_Task_Module__id__C                                  
2002a670  xdc_runtime_Core_Module__id__C                                     
2002a672  xdc_runtime_Error_Module__loggerDefined__C                         
2002a674  xdc_runtime_Error_maxDepth__C                                      
2002a676  xdc_runtime_Main_Module__id__C                                     
2002a678  xdc_runtime_Main_Module__loggerDefined__C                          
2002a67a  xdc_runtime_Memory_Module__id__C                                   
2002a67c  xdc_runtime_Text_charCnt__C                                        
2002a67e  xdc_runtime_Text_isLoaded__C                                       
2002a680  xdc_runtime_Text_registryModsLastId__C                             
2002a682  xdc_runtime_Text_unnamedModsLastId__C                              
2002a684  ti_sysbios_knl_Clock_tickSource__C                                 
2002a685  xdc_runtime_Error_policy__C                                        
2002a686  xdc_runtime_Text_charTab__A                                        
2002a688  ilen                                                               
2002a68c  deviceID                                                           
2002a69c  pubtopName                                                         
2002a6a0  philips_config                                                     
2002a6a4  philipsconfigstatus                                                
2002a6a8  devicestate                                                        
2002a6ac  HOST_PORT                                                          
2002a6b0  philipsgetbulbsstatus                                              
2002a6b4  updateotavariable                                                  
2002a6b8  status                                                             
2002a6bc  enddevicestatus                                                    
2002a6c4  philipsipstatus                                                    
2002a6c8  belkinipstatus                                                     
2002a6cc  philipsget                                                         
2002a6d0  philipsbulbget                                                     
2002a6d4  philipssinglebulbget                                               
2002a6e8  HTTPStd_VER                                                        
2002a6ec  HTTPStd_GET                                                        
2002a6f0  HTTPStd_POST                                                       
2002a6f4  HTTPStd_HEAD                                                       
2002a6f8  HTTPStd_OPTIONS                                                    
2002a6fc  HTTPStd_PUT                                                        
2002a700  HTTPStd_DELETE                                                     
2002a704  HTTPStd_CONNECT                                                    
2002a708  HTTPStd_PATCH                                                      
2002a70c  HTTPStd_CONTENT_TYPE_APPLET                                        
2002a710  HTTPStd_CONTENT_TYPE_AU                                            
2002a714  HTTPStd_CONTENT_TYPE_CSS                                           
2002a718  HTTPStd_CONTENT_TYPE_DOC                                           
2002a71c  HTTPStd_CONTENT_TYPE_GIF                                           
2002a720  HTTPStd_CONTENT_TYPE_HTML                                          
2002a724  HTTPStd_CONTENT_TYPE_JPG                                           
2002a728  HTTPStd_CONTENT_TYPE_MPEG                                          
2002a72c  HTTPStd_CONTENT_TYPE_PDF                                           
2002a730  HTTPStd_CONTENT_TYPE_WAV                                           
2002a734  HTTPStd_CONTENT_TYPE_ZIP                                           
2002a738  HTTPStd_CONTENT_TYPE_PLAIN                                         
2002a73c  HTTPStd_FIELD_NAME_ACCEPT                                          
2002a740  HTTPStd_FIELD_NAME_ACCEPT_CHARSET                                  
2002a744  HTTPStd_FIELD_NAME_ACCEPT_ENCODING                                 
2002a748  HTTPStd_FIELD_NAME_ACCEPT_LANGUAGE                                 
2002a74c  HTTPStd_FIELD_NAME_ACCEPT_RANGES                                   
2002a750  HTTPStd_FIELD_NAME_AGE                                             
2002a754  HTTPStd_FIELD_NAME_ALLOW                                           
2002a758  HTTPStd_FIELD_NAME_AUTHORIZATION                                   
2002a75c  HTTPStd_FIELD_NAME_CACHE_CONTROL                                   
2002a760  HTTPStd_FIELD_NAME_CONNECTION                                      
2002a764  HTTPStd_FIELD_NAME_CONTENT_ENCODING                                
2002a768  HTTPStd_FIELD_NAME_CONTENT_LANGUAGE                                
2002a76c  HTTPStd_FIELD_NAME_CONTENT_LENGTH                                  
2002a770  HTTPStd_FIELD_NAME_CONTENT_LOCATION                                
2002a774  HTTPStd_FIELD_NAME_CONTENT_MD5                                     
2002a778  HTTPStd_FIELD_NAME_CONTENT_RANGE                                   
2002a77c  HTTPStd_FIELD_NAME_CONTENT_TYPE                                    
2002a780  HTTPStd_FIELD_NAME_COOKIE                                          
2002a784  HTTPStd_FIELD_NAME_DATE                                            
2002a788  HTTPStd_FIELD_NAME_ETAG                                            
2002a78c  HTTPStd_FIELD_NAME_EXPECT                                          
2002a790  HTTPStd_FIELD_NAME_EXPIRES                                         
2002a794  HTTPStd_FIELD_NAME_FROM                                            
2002a798  HTTPStd_FIELD_NAME_HOST                                            
2002a79c  HTTPStd_FIELD_NAME_IF_MATCH                                        
2002a7a0  HTTPStd_FIELD_NAME_IF_MODIFIED_SINCE                               
2002a7a4  HTTPStd_FIELD_NAME_IF_NONE_MATCH                                   
2002a7a8  HTTPStd_FIELD_NAME_IF_RANGE                                        
2002a7ac  HTTPStd_FIELD_NAME_IF_UNMODIFIED_SINCE                             
2002a7b0  HTTPStd_FIELD_NAME_LAST_MODIFIED                                   
2002a7b4  HTTPStd_FIELD_NAME_LOCATION                                        
2002a7b8  HTTPStd_FIELD_NAME_MAX_FORWARDS                                    
2002a7bc  HTTPStd_FIELD_NAME_ORIGIN                                          
2002a7c0  HTTPStd_FIELD_NAME_PRAGMA                                          
2002a7c4  HTTPStd_FIELD_NAME_PROXY_AUTHENTICATE                              
2002a7c8  HTTPStd_FIELD_NAME_PROXY_AUTHORIZATION                             
2002a7cc  HTTPStd_FIELD_NAME_RANGE                                           
2002a7d0  HTTPStd_FIELD_NAME_REFERER                                         
2002a7d4  HTTPStd_FIELD_NAME_RETRY_AFTER                                     
2002a7d8  HTTPStd_FIELD_NAME_SERVER                                          
2002a7dc  HTTPStd_FIELD_NAME_TE                                              
2002a7e0  HTTPStd_FIELD_NAME_TRAILER                                         
2002a7e4  HTTPStd_FIELD_NAME_TRANSFER_ENCODING                               
2002a7e8  HTTPStd_FIELD_NAME_UPGRADE                                         
2002a7ec  HTTPStd_FIELD_NAME_USER_AGENT                                      
2002a7f0  HTTPStd_FIELD_NAME_VARY                                            
2002a7f4  HTTPStd_FIELD_NAME_VIA                                             
2002a7f8  HTTPStd_FIELD_NAME_WWW_AUTHENTICATE                                
2002a7fc  HTTPStd_FIELD_NAME_WARNING                                         
2002a800  HTTPStd_FIELD_NAME_X_FORWARDED_FOR                                 
2002a804  HTTPStd_FIELD_NAME_SOAPACTION                                      
2002a808  g_ulStatus                                                         
2002a80c  g_ulGatewayIP                                                      
2002a810  bytesReceived                                                      
2002a814  g_uiPortNum                                                        
2002a818  g_ulPacketCount                                                    
2002a81c  g_ucSimplelinkstarted                                              
2002a820  g_ulIpAddr                                                         
2002a824  PWR1                                                               
2002a828  PWR2                                                               
2002a82c  PWR3                                                               
2002a830  PWR4                                                               
2002a834  i1                                                                 
2002a838  j1                                                                 
2002a83c  k1                                                                 
2002a840  l1                                                                 
2002a844  Phantom_var1                                                       
2002a848  Phantom_var2                                                       
2002a84c  Phantom_var3                                                       
2002a850  Phantom_var4                                                       
2002a854  Phantom_buff                                                       
2002a858  variable                                                           
2002a85c  max1                                                               
2002a860  max2                                                               
2002a864  max3                                                               
2002a868  max4                                                               
2002a86c  SetCommitInt                                                       
2002a870  r                                                                  
2002a874  philipsgetstatus                                                   
2002a878  port                                                               
2002a87c  publishCount                                                       
2002a880  pw                                                                 
2002a884  ch                                                                 
2002a88c  ti_sysbios_family_arm_cc32xx_Seconds_Module__state__V              
2002a894  ti_sysbios_family_arm_m3_Hwi_Module__root__V                       
2002a89c  ti_sysbios_family_arm_m3_Hwi_Object__table__V                      
2002a8b4  ti_sysbios_family_arm_m3_Hwi_Module_State_0_excActive__A           
2002a8b8  ti_sysbios_family_arm_m3_Hwi_Module_State_0_excContext__A          
2002a8bc  ti_sysbios_family_arm_m3_Hwi_Module_State_0_excStack__A            
2002a8c0  ti_sysbios_family_arm_m3_Timer_Module__root__V                     
2002a8c8  ti_sysbios_family_arm_m3_Timer_Module__state__V                    
2002a8d4  ti_sysbios_gates_GateHwi_Module__root__V                           
2002a8dc  ti_sysbios_gates_GateHwi_Object__table__V                          
2002a8e0  ti_sysbios_gates_GateMutex_Module__root__V                         
2002a8e8  ti_sysbios_hal_Hwi_Module__root__V                                 
2002a8f0  ti_sysbios_heaps_HeapMem_Module__root__V                           
2002a8f8  ti_sysbios_heaps_HeapMem_Object__table__V                          
2002a910  ti_sysbios_knl_Clock_Module__root__V                               
2002a918  ti_sysbios_knl_Event_Module__root__V                               
2002a920  ti_sysbios_knl_Mailbox_Module__root__V                             
2002a928  ti_sysbios_knl_Queue_Module__root__V                               
2002a930  ti_sysbios_knl_Semaphore_Module__root__V                           
2002a938  ti_sysbios_knl_Swi_Module__root__V                                 
2002a940  ti_sysbios_knl_Swi_Module__state__V                                
2002a95c  ti_sysbios_knl_Task_Module__root__V                                
2002a964  ti_sysbios_knl_Task_Module_State_0_readyQ__A                       
2002a984  ti_sysbios_knl_Task_Module_State_0_idleTask__A                     
2002a988  xdc_runtime_Error_Module__state__V                                 
2002a98c  xdc_runtime_Memory_Module__state__V                                
2002a990  xdc_runtime_Registry_Module__state__V                              
2002a998  xdc_runtime_Startup_Module__state__V                               
2002a9a0  xdc_runtime_System_Module_State_0_atexitHandlers__A                
2002a9a8  xdc_runtime_System_Module__state__V                                
2002a9b0  xdc_runtime_Text_Module__state__V                                  
2002a9b8  __xdc__init__addr                                                  
2002a9bc  HostAddress                                                        
2002aabc  _ftable                                                            
2002ad30  _Denorm                                                            
2002ad40  _Eps                                                               
2002ad50  _Hugeval                                                           
2002ad60  _Inf                                                               
2002ad70  _Nan                                                               
2002ad80  _Snan                                                              
2002ad90  _Rteps                                                             
2002ada0  _Xbig                                                              
2002ada8  _Zero                                                              
2002adb0  ti_sysbios_knl_Swi_Module_State_0_readyQ__A                        
2002ae30  PowerCC3200_module                                                 
2002ae84  ti_sysbios_knl_Task_Object__table__V                               
2002aed0  ti_sysbios_knl_Task_Module__state__V                               
2002af14  ti_sysbios_gates_GateMutex_Object__table__V                        
2002af4c  ti_sysbios_family_arm_m3_Hwi_Module__state__V                      
2002afb0  ti_sysbios_family_arm_m3_Timer_Object__table__V                    
2002afe0  ti_sysbios_knl_Swi_Object__table__V                                
2002b010  ti_sysbios_knl_Clock_Module__state__V                              
2002b060  ti_sysbios_BIOS_Module__state__V                                   
2002b084  g_H2NSyncPattern                                                   
2002b08c  g_H2NCnysPattern                                                   
2002b094  g_pCB                                                              
2002b098  pPingCallBackFunc                                                  
2002b09c  gFirstCmdMode                                                      
2002b0a4  gpioPinConfigs                                                     
2002b0b0  gpioCallbackFunctions                                              
2002b0d0  NTP_HOSTNAME                                                       
2002b0e4  g_ulStatus1                                                        
2002b0f0  smarttime                                                          
2002b0f4  __TI_ft_end                                                        
2002b0f8  __aeabi_stdin                                                      
2002b0fc  __aeabi_stdout                                                     
2002b100  __aeabi_stderr                                                     
2002b104  _tz                                                                
2002b11c  _lock                                                              
2002b120  _unlock                                                            
2002b124  __TI_cleanup_ptr                                                   
2002b128  __TI_dtors_ptr                                                     
2002b12c  _Fenv                                                              
2002b130  _Tls_setup__Fenv                                                   
2002b144  g_ConsecutiveNetAccessNetErrors                                    
2002b148  _Errno                                                             
2002b150  main_func_sp                                                       
2002b158  __stack                                                            
2002b558  __STACK_END                                                        
2002b558  __TI_static_base__                                                 
2002ba8c  __TI_Handler_Table_Base                                            
2002ba98  __TI_Handler_Table_Limit                                           
2002baa0  __TI_CINIT_Base                                                    
2002bab0  __TI_CINIT_Limit                                                   
e000e000  ti_sysbios_family_arm_m3_Hwi_nvic                                  
ffffffff  __binit__                                                          
ffffffff  __c_args__                                                         
ffffffff  binit                                                              
UNDEFED   SHT$$INIT_ARRAY$$Base                                              
UNDEFED   SHT$$INIT_ARRAY$$Limit                                             

[1383 symbols]
