******************************************************************************
                  TI ARM Linker Unix v5.2.5                    
******************************************************************************
>> Linked Tue Mar 28 11:25:52 2017

OUTPUT FILE NAME:   <certflasher.out>
ENTRY POINT SYMBOL: "_c_int00"  address: 2000a8d9


MEMORY CONFIGURATION

         name            origin    length      used     unused   attr    fill
----------------------  --------  ---------  --------  --------  ----  --------
  SRAM                  20004000   0003c000  000109d3  0002b62d  RW X


SEGMENT ALLOCATION MAP

run origin  load origin   length   init length attrs members
----------  ----------- ---------- ----------- ----- -------
20004000    20004000    00008d3a   00008d3a    r-x
  20004000    20004000    0000030c   0000030c    r-- .resetVecs
  20004310    20004310    00008a2a   00008a2a    r-x .text
2000d000    2000d000    00005668   00000000    rw-
  2000d000    2000d000    00005668   00000000    rw- .bss
20012668    20012668    00001ac9   00001ac9    r--
  20012668    20012668    00001ac9   00001ac9    r-- .const
20014134    20014134    0000082c   00000000    rw-
  20014134    20014134    0000042c   00000000    rw- .data
  20014560    20014560    00000400   00000000    rw- .stack
20014960    20014960    00000340   00000340    r--
  20014960    20014960    00000340   00000340    r-- .cinit


SECTION ALLOCATION MAP

 output                                  attributes/
section   page    origin      length       input sections
--------  ----  ----------  ----------   ----------------
.text      0    20004310    00008a2a     
                  20004310    00000430     sysbios.aem4 : BIOS.obj (.text:ti_sysbios_family_arm_m3_Hwi_excDumpRegs__I)
                  20004740    0000039a     cc3x00_host_driver.aem4 : driver.oem4 (.text:_SlDrvMsgRead)
                  20004ada    00000002     drivers_cc32xxware.aem4 : SPICC3200DMA.oem4 (.text:SPICC3200DMA_serviceISR)
                  20004adc    00000388     certflasher.o (.text:cc3200CertFlashTask)
                  20004e64    0000034c     ti.targets.arm.rtsarm.aem4 : System.oem4 (.text:xdc_runtime_System_doPrint__I)
                  200051b0    000002d4     rtsv7M4_T_le_eabi.lib : trgdrv.obj (.text)
                  20005484    00000004     tirtosport.aem4 : HwiP_tirtos.oem4 (.text:HwiP_clearInterrupt)
                  20005488    000001fc     sysbios.aem4 : BIOS.obj (.text:ti_sysbios_family_arm_m3_Hwi_excHandlerMax__I)
                  20005684    000001f4     rtsv7M4_T_le_eabi.lib : ull_div_t2.obj (.text)
                  20005878    000001a1     certflasher.o (.text:flashFile)
                  20005a19    00000001     --HOLE-- [fill = 0]
                  20005a1a    00000002     drivers_cc32xxware.aem4 : SPICC3200DMA.oem4 (.text:SPICC3200DMA_transferCancel)
                  20005a1c    000001a1     certflasher.o (.text:flashFiledevice)
                  20005bbd    00000001     --HOLE-- [fill = 0]
                  20005bbe    00000002     rtsv7M4_T_le_eabi.lib : i_div0.obj (.text)
                  20005bc0    00000188     power_cc3200_tirtos.aem4 : PowerCC3200_tirtos.oem4 (.text:PowerCC3200_sleepPolicy)
                  20005d48    0000017c     drivers_cc32xxware.aem4 : GPIOCC3200.oem4 (.text:GPIO_setConfig)
                  20005ec4    00000004     tirtosport.aem4 : HwiP_tirtos.oem4 (.text:HwiP_disable)
                  20005ec8    00000174     sysbios.aem4 : BIOS.obj (.text:ti_sysbios_family_arm_m3_Hwi_excBusFault__I)
                  2000603c    00000004     drivers_cc32xxware.aem4 : List.oem4 (.text:List_head)
                  20006040    00000164     sysbios.aem4 : BIOS.obj (.text:ti_sysbios_family_arm_m3_Hwi_excUsageFault__I)
                  200061a4    00000004     drivers_cc32xxware.aem4 : List.oem4 (.text:List_next)
                  200061a8    00000158     sysbios.aem4 : BIOS.obj (.text:ti_sysbios_knl_Semaphore_pend__E)
                  20006300    00000154     drivers_cc32xxware.aem4 : SPICC3200DMA.oem4 (.text:SPICC3200DMA_transfer)
                  20006454    00000150     cc3x00_host_driver.aem4 : driver.oem4 (.text:_SlDrvRxHdrRead)
                  200065a4    00000004     drivers_wifi_cc32xxware.aem4 : osi_tirtos.oem4 (.text:mem_Malloc)
                  200065a8    00000148     sysbios.aem4 : BIOS.obj (.text:ti_sysbios_family_arm_m3_Hwi_excMemFault__I)
                  200066f0    00000134     driverlib.a : prcm.obj (.text:PRCMCC3200MCUInit)
                  20006824    00000124     drivers_cc32xxware.aem4 : SPICC3200DMA.oem4 (.text:SPICC3200DMA_open)
                  20006948    00000118     cc3x00_host_driver.aem4 : driver.oem4 (.text:_SlDrvMsgWrite)
                  20006a60    00000118     ti.targets.arm.rtsarm.aem4 : Error.oem4 (.text:xdc_runtime_Error_policyDefault__E)
                  20006b78    00000100     certflasher.o (.text:convertPemToDer)
                  20006c78    00000100     ti.targets.arm.rtsarm.aem4 : Core-mem.oem4 (.text:xdc_runtime_Core_createObject__I)
                  20006d78    000000f8                                : Startup.oem4 (.text:xdc_runtime_Startup_startMods__I)
                  20006e70    000000f8     certflasher_pem4.oem4 (.text:xdc_runtime_System_printfExtend__I)
                  20006f68    000000f0     driverlib.a : udma.obj (.text:uDMAChannelTransferSet)
                  20007058    000000ec     cc3x00_host_driver.aem4 : driver.oem4 (.text:_SlDrvDriverCBInit)
                  20007144    000000d8     drivers_cc32xxware.aem4 : SPICC3200DMA.oem4 (.text:configDMA)
                  2000721c    00000004     certflasher_pem4.oem4 (.text:ti_sysbios_BIOS_RtsGateProxy_enter__E)
                  20007220    000000d4     sysbios.aem4 : BIOS.obj (.text:ti_sysbios_knl_Mailbox_Instance_init__E)
                  200072f4    000000d0     cc3x00_host_driver.aem4 : driver.oem4 (.text:_SlDrvWaitForPoolObj)
                  200073c4    000000d0     drivers_cc32xxware.aem4 : GPIOCC3200.oem4 (.text:powerNotifyFxn)
                  20007494    000000d0     sysbios.aem4 : m3_Hwi_asm.obj (.text:ti_sysbios_family_arm_m3_Hwi_dispatch__I)
                  20007564    00000004     certflasher_pem4.oem4 (.text:ti_sysbios_BIOS_RtsGateProxy_leave__E)
                  20007568    000000cc     sysbios.aem4 : BIOS.obj (.text:ti_sysbios_heaps_HeapMem_alloc__E)
                  20007634    00000004     certflasher_pem4.oem4 (.text:ti_sysbios_family_arm_m3_Hwi_destruct)
                  20007638    000000cc     sysbios.aem4 : BIOS.obj (.text:ti_sysbios_knl_Task_Instance_init__E)
                  20007704    000000cc     ti.targets.arm.rtsarm.aem4 : Core-smem.oem4 (.text:xdc_runtime_Core_constructObject__I)
                  200077d0    000000c8     cc3x00_host_driver.aem4 : driver.oem4 (.text:_SlDrvReleasePoolObj)
                  20007898    000000bc     sysbios.aem4 : BIOS.obj (.text:ti_sysbios_family_arm_m3_Hwi_excDebugMon__I)
                  20007954    00000004     certflasher_pem4.oem4 (.text:ti_sysbios_family_arm_m3_TaskSupport_Module__startupDone__S)
                  20007958    000000bc     sysbios.aem4 : BIOS.obj (.text:ti_sysbios_family_arm_m3_Hwi_excHardFault__I)
                  20007a14    00000004     certflasher_pem4.oem4 (.text:ti_sysbios_heaps_HeapMem_Module_GateProxy_enter__E)
                  20007a18    000000bc     sysbios.aem4 : BIOS.obj (.text:ti_sysbios_knl_Task_Instance_finalize__E)
                  20007ad4    000000b4     cc3x00_host_driver.aem4 : netapp.oem4 (.text:_SlDrvNetAppEventHandler)
                  20007b88    000000b4     sysbios.aem4 : BIOS.obj (.text:ti_sysbios_knl_Task_checkStacks__E)
                  20007c3c    000000a0     driverlib.a : spi.obj (.text:SPIConfigSetExpClk)
                  20007cdc    000000a0     auto_init.aem4 : auto_init.oem4 (.text)
                  20007d7c    000000a0     ti.targets.arm.rtsarm.aem4 : Text.oem4 (.text:xdc_runtime_Text_putMod__E)
                  20007e1c    0000009c     rtsv7M4_T_le_eabi.lib : memcpy_t2.obj (.text)
                  20007eb8    0000009c     sysbios.aem4 : BIOS.obj (.text:ti_sysbios_knl_Task_postInit__I)
                  20007f54    0000009a     ti.targets.arm.rtsarm.aem4 : Text.oem4 (.text:xdc_runtime_Text_putSite__E)
                  20007fee    00000002     certflasher_pem4.oem4 (.text:ti_sysbios_BIOS_nullFunc__I)
                  20007ff0    00000098     cc3x00_host_driver.aem4 : driver.oem4 (.text:_SlDrvMsgReadCmdCtx)
                  20008088    00000094     driverlib.a : prcm.obj (.text:PRCMPeripheralClockGet)
                  2000811c    00000094     cc3x00_host_driver.aem4 : driver.oem4 (.text:_SlFindAndSetActiveObj)
                  200081b0    00000094     drivers_cc32xxware.aem4 : SPICC3200DMA.oem4 (.text:initHw)
                  20008244    00000004     certflasher_pem4.oem4 (.text:ti_sysbios_heaps_HeapMem_Module_GateProxy_leave__E)
                  20008248    00000094     sysbios.aem4 : BIOS.obj (.text:ti_sysbios_family_arm_m3_Hwi_Instance_init__E)
                  200082dc    00000090     drivers_cc32xxware.aem4 : PowerCC3200.oem4 (.text:restoreNVICRegs)
                  2000836c    00000090     cc3x00_host_driver.aem4 : device.oem4 (.text:sl_Start)
                  200083fc    00000088     driverlib.a : pin.obj (.text:PinConfigSet)
                  20008484    00000088     certflasher.o (.text:base64Decode)
                  2000850c    00000088     cc3x00_host_driver.aem4 : fs.oem4 (.text:sl_FsWrite)
                  20008594    00000088     drivers_cc32xxware.aem4 : SPICC3200DMA.oem4 (.text:spiHwiFxn)
                  2000861c    00000004     certflasher_pem4.oem4 (.text:ti_sysbios_knl_Clock_TimerProxy_getMaxTicks__E)
                  20008620    00000088     sysbios.aem4 : BIOS.obj (.text:ti_sysbios_family_arm_m3_Hwi_initNVIC__E)
                  200086a8    00000088                  : BIOS.obj (.text:ti_sysbios_knl_Mailbox_post__E)
                  20008730    00000084     drivers_cc32xxware.aem4 : GPIOCC3200.oem4 (.text:GPIO_init)
                  200087b4    00000084                             : PowerCC3200.oem4 (.text:saveNVICRegs)
                  20008838    00000084     sysbios.aem4 : BIOS.obj (.text:ti_sysbios_family_arm_m3_Hwi_postInit__I)
                  200088bc    00000082     driverlib.a : gpio.obj (.text:GPIOIntTypeSet)
                  2000893e    00000002     certflasher_pem4.oem4 (.text:xdc_runtime_Startup_reset__I)
                  20008940    00000080     drivers_wifi_cc32xxware.aem4 : WiFiCC3200.oem4 (.text:WiFiCC3200_open)
                  200089c0    0000007c     driverlib.a : spi.obj (.text:SPIIntStatus)
                  20008a3c    00000004     certflasher_pem4.oem4 (.text:ti_sysbios_knl_Clock_TimerProxy_setPeriodMicroSecs__E)
                  20008a40    0000007c     sysbios.aem4 : BIOS.obj (.text:ti_sysbios_heaps_HeapMem_free__E)
                  20008abc    0000007a     rtsv7M4_T_le_eabi.lib : memset_t2.obj (.text)
                  20008b36    00000002     --HOLE-- [fill = 0]
                  20008b38    00000078     drivers_wifi_cc32xxware.aem4 : osi_tirtos.oem4 (.text:VStartSimpleLinkSpawnTask)
                  20008bb0    00000074     cc3x00_host_driver.aem4 : driver.oem4 (.text:_SlDrvClassifyRxMsg)
                  20008c24    00000074     certflasher.o (.text:main)
                  20008c98    00000074     sysbios.aem4 : BIOS.obj (.text:ti_sysbios_knl_Mailbox_pend__E)
                  20008d0c    00000070     drivers_cc32xxware.aem4 : PowerCC3200.oem4 (.text:Power_sleep)
                  20008d7c    00000070     cc3x00_host_driver.aem4 : driver.oem4 (.text:_SlDrvCmdOp)
                  20008dec    00000070                             : fs.oem4 (.text:sl_FsClose)
                  20008e5c    00000004     certflasher_pem4.oem4 (.text:ti_sysbios_knl_Clock_TimerProxy_start__E)
                  20008e60    00000070     sysbios.aem4 : BIOS.obj (.text:ti_sysbios_knl_Mailbox_Instance_finalize__E)
                  20008ed0    00000070                  : BIOS.obj (.text:ti_sysbios_knl_Semaphore_post__E)
                  20008f40    0000006d     ti.targets.arm.rtsarm.aem4 : System.oem4 (.text:xdc_runtime_System_formatNum__I)
                  20008fad    00000003     --HOLE-- [fill = 0]
                  20008fb0    0000006c     cc3x00_host_driver.aem4 : driver.oem4 (.text:_SlDrvMsgReadSpawnCtx)
                  2000901c    00000004     certflasher_pem4.oem4 (.text:ti_sysbios_knl_Clock_TimerProxy_stop__E)
                  20009020    0000006c     sysbios.aem4 : BIOS.obj (.text:ti_sysbios_knl_Clock_workFunc__E)
                  2000908c    00000004     certflasher_pem4.oem4 (.text:ti_sysbios_knl_Mailbox_delete)
                  20009090    0000006c     sysbios.aem4 : BIOS.obj (.text:ti_sysbios_knl_Swi_restoreHwi__E)
                  200090fc    00000004     certflasher_pem4.oem4 (.text:ti_sysbios_knl_Queue_destruct)
                  20009100    0000006c     sysbios.aem4 : BIOS.obj (.text:ti_sysbios_knl_Task_exit__E)
                  2000916c    0000006c     ti.targets.arm.rtsarm.aem4 : Error.oem4 (.text:xdc_runtime_Error_print__E)
                  200091d8    0000006c                                : Memory.oem4 (.text:xdc_runtime_Memory_alloc__E)
                  20009244    0000006a     rtsv7M4_T_le_eabi.lib : copy_decompress_rle.obj (.text)
                  200092ae    00000002     --HOLE-- [fill = 0]
                  200092b0    00000068     driverlib.a : prcm.obj (.text:PRCMHibernateWakeUpGPIOSelect)
                  20009318    00000068     cc3x00_host_driver.aem4 : fs.oem4 (.text:_sl_GetCreateFsMode)
                  20009380    00000068     rtsv7M4_T_le_eabi.lib : trgmsg.obj (.text)
                  200093e8    00000068     drivers_wifi_cc32xxware.aem4 : WiFiCC3200.oem4 (.text:spi_Read)
                  20009450    00000068                                  : WiFiCC3200.oem4 (.text:spi_Write)
                  200094b8    00000066     ti.targets.arm.rtsarm.aem4 : Core-mem.oem4 (.text:xdc_runtime_Core_deleteObject__I)
                  2000951e    00000002     --HOLE-- [fill = 0]
                  20009520    00000064     drivers_cc32xxware.aem4 : GPIOCC3200.oem4 (.text:GPIO_hwiIntFxn)
                  20009584    00000064     cc3x00_host_driver.aem4 : netapp.oem4 (.text:_sl_HandleAsync_DnsGetHostByName)
                  200095e8    00000064     sysbios.aem4 : BIOS.obj (.text:ti_sysbios_family_arm_m3_Hwi_dispatchC__I)
                  2000964c    00000064     certflasher_pem4.oem4 (.text:ti_sysbios_knl_Mailbox_create)
                  200096b0    00000064     driverlib.a : udma.obj (.text:uDMAChannelAttributeDisable)
                  20009714    00000062     tirtosport.aem4 : HwiP_tirtos.oem4 (.text:HwiP_create)
                  20009776    00000002     --HOLE-- [fill = 0]
                  20009778    00000060     cc3x00_host_driver.aem4 : netapp.oem4 (.text:_sl_HandleAsync_DnsGetHostByService)
                  200097d8    00000060                             : device.oem4 (.text:_sl_HandleAsync_InitComplete)
                  20009838    00000060                             : netapp.oem4 (.text:_sl_HandleAsync_PingResponse)
                  20009898    00000060     sysbios.aem4 : BIOS.obj (.text:ti_sysbios_knl_Task_schedule__I)
                  200098f8    0000005c     rom_pin_mux_config.o (.text:PinMuxConfig)
                  20009954    00000004     certflasher_pem4.oem4 (.text:ti_sysbios_knl_Semaphore_destruct)
                  20009958    0000005c     sysbios.aem4 : BIOS.obj (.text:ti_sysbios_knl_Swi_run__I)
                  200099b4    00000004     certflasher_pem4.oem4 (.text:ti_sysbios_knl_Task_delete)
                  200099b8    0000005c     sysbios.aem4 : BIOS.obj (.text:ti_sysbios_knl_Swi_schedule__I)
                  20009a14    00000004     ti.targets.arm.rtsarm.aem4 : Error.oem4 (.text:xdc_runtime_Error_getSite__E)
                  20009a18    0000005c     sysbios.aem4 : BIOS.obj (.text:ti_sysbios_knl_Task_Module_startup__E)
                  20009a74    0000005c     certflasher_pem4.oem4 (.text:ti_sysbios_knl_Task_create)
                  20009ad0    0000005c     sysbios.aem4 : BIOS.obj (.text:ti_sysbios_knl_Task_startCore__E)
                  20009b2c    0000005b     ti.targets.arm.rtsarm.aem4 : Text.oem4 (.text:xdc_runtime_Text_putLab__E)
                  20009b87    00000001     --HOLE-- [fill = 0]
                  20009b88    0000005a     drivers_cc32xxware.aem4 : SPICC3200DMA.oem4 (.text:SPICC3200DMA_close)
                  20009be2    00000002     --HOLE-- [fill = 0]
                  20009be4    00000058     driverlib.a : prcm.obj (.text:PRCMPeripheralReset)
                  20009c3c    00000058     drivers_cc32xxware.aem4 : PowerCC3200.oem4 (.text:Power_init)
                  20009c94    00000058     tirtosport.aem4 : SemaphoreP_tirtos.oem4 (.text:SemaphoreP_create)
                  20009cec    00000058     cc3x00_host_driver.aem4 : driver.oem4 (.text:_SlDrvCmdSend)
                  20009d44    00000058                             : netapp.oem4 (.text:_sl_NetAppSendTokenValue)
                  20009d9c    00000058     certflasher_pem4.oem4 (.text:ti_sysbios_family_arm_m3_Hwi_construct)
                  20009df4    00000054     CC3200_LAUNCHXL.o (.text:CC3200_LAUNCHXL_initDMA)
                  20009e48    00000054     cc3x00_host_driver.aem4 : fs.oem4 (.text:sl_FsOpen)
                  20009e9c    00000004     certflasher_pem4.oem4 (.text:xdc_runtime_System_Module_GateProxy_enter__E)
                  20009ea0    00000054     sysbios.aem4 : BIOS.obj (.text:ti_sysbios_family_arm_m3_Timer_start__E)
                  20009ef4    00000054     ti.targets.arm.rtsarm.aem4 : Assert.oem4 (.text:xdc_runtime_Assert_raise__I)
                  20009f48    00000050     drivers_wifi_cc32xxware.aem4 : WiFiCC3200.oem4 (.text:CC3X00_NWP_enablePreamble)
                  20009f98    00000050     cc3x00_host_driver.aem4 : socket.oem4 (.text:_sl_HandleAsync_Connect)
                  20009fe8    00000050     sysbios.aem4 : BIOS.obj (.text:ti_sysbios_family_arm_m3_Hwi_Module_startup__E)
                  2000a038    00000050     ti.targets.arm.rtsarm.aem4 : Startup.oem4 (.text:xdc_runtime_Startup_exec__E)
                  2000a088    0000004c     drivers_cc32xxware.aem4 : GPIOCC3200.oem4 (.text:GPIO_setCallback)
                  2000a0d4    0000004c     driverlib.a : spi.obj (.text:SPIIntDisable)
                  2000a120    0000004c                 : spi.obj (.text:SPIIntEnable)
                  2000a16c    0000004c     cc3x00_host_driver.aem4 : device.oem4 (.text:_SlDrvDeviceEventHandler)
                  2000a1b8    0000004c                             : socket.oem4 (.text:_sl_HandleAsync_Accept)
                  2000a204    0000004c     rtsv7M4_T_le_eabi.lib : cpy_tbl.obj (.text)
                  2000a250    0000004c     sysbios.aem4 : m3_TaskSupport_asm.obj (.text:ti_sysbios_family_arm_m3_TaskSupport_buildTaskStack)
                  2000a29c    00000004     certflasher_pem4.oem4 (.text:xdc_runtime_System_Module_GateProxy_leave__E)
                  2000a2a0    0000004c     sysbios.aem4 : BIOS.obj (.text:ti_sysbios_heaps_HeapMem_getStats__E)
                  2000a2ec    00000004     ti.targets.arm.rtsarm.aem4 : System.oem4 (.text:xdc_runtime_System_aprintf_va__F)
                  2000a2f0    0000004c     sysbios.aem4 : BIOS.obj (.text:ti_sysbios_knl_Swi_runLoop__I)
                  2000a33c    00000004     ti.targets.arm.rtsarm.aem4 : System.oem4 (.text:xdc_runtime_System_printf_va__F)
                  2000a340    0000004c     sysbios.aem4 : BIOS.obj (.text:ti_sysbios_knl_Task_allBlockedFunction__I)
                  2000a38c    0000004c     driverlib.a : udma.obj (.text:uDMAChannelAssign)
                  2000a3d8    00000048                 : flash.obj (.text:FlashDisable)
                  2000a420    00000048                 : prcm.obj (.text:PRCMHibernateWakeupSourceEnable)
                  2000a468    00000048                 : pin.obj (.text:PinConfigGet)
                  2000a4b0    00000048                 : spi.obj (.text:SPIIntClear)
                  2000a4f8    00000048     cc3x00_host_driver.aem4 : driver.oem4 (.text:_SlRemoveFromList)
                  2000a540    00000048     drivers_cc32xxware.aem4 : PowerCC3200.oem4 (.text:notify)
                  2000a588    00000048     sysbios.aem4 : BIOS.obj (.text:ti_sysbios_family_arm_m3_Hwi_disableInterrupt__E)
                  2000a5d0    00000048                  : BIOS.obj (.text:ti_sysbios_family_arm_m3_Hwi_enableInterrupt__E)
                  2000a618    00000048                  : BIOS.obj (.text:ti_sysbios_family_arm_m3_Hwi_excReserved__I)
                  2000a660    00000048                  : m3_Hwi_asm_switch.obj (.text:ti_sysbios_family_arm_m3_Hwi_initStacks__E)
                  2000a6a8    00000048                  : BIOS.obj (.text:ti_sysbios_family_arm_m3_Timer_initDevice__I)
                  2000a6f0    00000048                  : BIOS.obj (.text:ti_sysbios_family_arm_m3_Timer_setPeriod__E)
                  2000a738    00000048                  : BIOS.obj (.text:ti_sysbios_knl_Mailbox_Module_startup__E)
                  2000a780    00000046     ti.targets.arm.rtsarm.aem4 : Core-params.oem4 (.text:xdc_runtime_Core_assignParams__I)
                  2000a7c6    00000002     --HOLE-- [fill = 0]
                  2000a7c8    00000044     driverlib.a : prcm.obj (.text:PRCMLPDSEnter)
                  2000a80c    00000044     drivers_cc32xxware.aem4 : PowerCC3200_asm.oem4 (.text:PowerCC3200_enterLPDS)
                  2000a850    00000044     driverlib.a : spi.obj (.text:SPIDmaMaskGet)
                  2000a894    00000044     cc3x00_host_driver.aem4 : driver.oem4 (.text:_SlAsyncEventGenericHandler)
                  2000a8d8    00000044     boot.aem4 : boot.oem4 (.text)
                  2000a91c    00000044     rtsv7M4_T_le_eabi.lib : exit.obj (.text)
                  2000a960    00000044     sysbios.aem4 : BIOS.obj (.text:ti_sysbios_family_arm_m3_Hwi_getStackInfo__E)
                  2000a9a4    00000004     --HOLE-- [fill = 0]
                  2000a9a8    00000044                  : BIOS.obj (.text:ti_sysbios_knl_Swi_post__E)
                  2000a9ec    00000044     ti.targets.arm.rtsarm.aem4 : Error.oem4 (.text:xdc_runtime_Error_setX__E)
                  2000aa30    00000044                                : SysMin.oem4 (.text:xdc_runtime_SysMin_flush__E)
                  2000aa74    00000044                                : Text.oem4 (.text:xdc_runtime_Text_xprintf__I)
                  2000aab8    00000042     drivers_cc32xxware.aem4 : PowerCC3200_asm.oem4 (.text:PowerCC3200_resumeLPDS)
                  2000aafa    00000002     --HOLE-- [fill = 0]
                  2000aafc    00000040                             : GPIOCC3200.oem4 (.text:GPIO_enableInt)
                  2000ab3c    00000040     driverlib.a : pin.obj (.text:PinModeSet)
                  2000ab7c    00000040     drivers_cc32xxware.aem4 : PowerCC3200.oem4 (.text:Power_setDependency)
                  2000abbc    00000040     cc3x00_host_driver.aem4 : driver.oem4 (.text:_SlDrvRxIrqHandler)
                  2000abfc    00000040                             : socket.oem4 (.text:_sl_HandleAsync_Select)
                  2000ac3c    00000040     drivers_wifi_cc32xxware.aem4 : osi_tirtos.oem4 (.text:osi_LockObjLock)
                  2000ac7c    00000040                                  : osi_tirtos.oem4 (.text:osi_SyncObjCreate)
                  2000acbc    00000040                                  : osi_tirtos.oem4 (.text:osi_SyncObjWait)
                  2000acfc    00000040     rtsv7M4_T_le_eabi.lib : u_divt2.obj (.text)
                  2000ad3c    00000004     --HOLE-- [fill = 0]
                  2000ad40    00000040     sysbios.aem4 : BIOS.obj (.text:ti_sysbios_heaps_HeapMem_Instance_init__E)
                  2000ad80    0000003c     driverlib.a : prcm.obj (.text:PRCMPeripheralClkEnable)
                  2000adbc    0000003c                 : prcm.obj (.text:PRCMSlowClkCtrFastGet)
                  2000adf8    0000003c                 : pin.obj (.text:PinDirModeSet)
                  2000ae34    0000003c     drivers_cc32xxware.aem4 : WiFi.oem4 (.text:WiFi_open)
                  2000ae70    0000003c     cc3x00_host_driver.aem4 : device.oem4 (.text:_sl_HandleAsync_Stop)
                  2000aeac    0000003c     drivers_wifi_cc32xxware.aem4 : WiFiCC3200.oem4 (.text:spi_Open)
                  2000aee8    0000003c     sysbios.aem4 : BIOS.obj (.text:ti_sysbios_family_arm_m3_Hwi_excSvCall__I)
                  2000af24    00000004     --HOLE-- [fill = 0]
                  2000af28    0000003c                  : BIOS.obj (.text:ti_sysbios_family_arm_m3_Timer_setPeriodMicroSecs__E)
                  2000af64    00000004     --HOLE-- [fill = 0]
                  2000af68    0000003c                  : BIOS.obj (.text:ti_sysbios_heaps_HeapMem_init__I)
                  2000afa4    00000004     --HOLE-- [fill = 0]
                  2000afa8    0000003c                  : BIOS.obj (.text:ti_sysbios_knl_Clock_walkQueuePeriodic__E)
                  2000afe4    00000004     --HOLE-- [fill = 0]
                  2000afe8    0000003c                  : BIOS.obj (.text:ti_sysbios_knl_Swi_restore__E)
                  2000b024    0000003c     driverlib.a : udma.obj (.text:uDMAChannelControlSet)
                  2000b060    00000038                 : prcm.obj (.text:PRCMIntEnable)
                  2000b098    00000038     power_cc3200_tirtos.aem4 : PowerCC3200_tirtos.oem4 (.text:PowerCC3200_initPolicy)
                  2000b0d0    00000038     drivers_cc32xxware.aem4 : SPI.oem4 (.text:SPI_init)
                  2000b108    00000038                             : WiFi.oem4 (.text:WiFi_init)
                  2000b140    00000038     drivers_wifi_cc32xxware.aem4 : osi_tirtos.oem4 (.text:osi_LockObjCreate)
                  2000b178    00000038     drivers_cc32xxware.aem4 : SPICC3200DMA.oem4 (.text:spiPollingTransfer16)
                  2000b1b0    00000038                             : SPICC3200DMA.oem4 (.text:spiPollingTransfer8)
                  2000b1e8    00000038     sysbios.aem4 : BIOS.obj (.text:ti_sysbios_family_arm_m3_Hwi_excNoIsr__I)
                  2000b220    00000038                  : BIOS.obj (.text:ti_sysbios_knl_Task_processVitalTaskFlag__I)
                  2000b258    00000038     ti.targets.arm.rtsarm.aem4 : SysMin.oem4 (.text:xdc_runtime_SysMin_putch__E)
                  2000b290    00000038                                : System.oem4 (.text:xdc_runtime_System_atexit__E)
                  2000b2c8    00000036     driverlib.a : gpio.obj (.text:GPIODirModeSet)
                  2000b2fe    00000002     --HOLE-- [fill = 0]
                  2000b300    00000034     drivers_wifi_cc32xxware.aem4 : WiFiCC3200.oem4 (.text:CC3X00_NWP_disable)
                  2000b334    00000034     driverlib.a : prcm.obj (.text:PRCMPeripheralStatusGet)
                  2000b368    00000034                 : prcm.obj (.text:PRCMSRAMRetentionEnable)
                  2000b39c    00000034     drivers_cc32xxware.aem4 : PowerCC3200.oem4 (.text:Power_releaseDependency)
                  2000b3d0    00000034     driverlib.a : spi.obj (.text:SPIFIFOLevelSet)
                  2000b404    00000034     cc3x00_host_driver.aem4 : driver.oem4 (.text:_SlDrvProtectAsyncRespSetting)
                  2000b438    00000034     power_cc3200_tirtos.aem4 : PowerCC3200_tirtos.oem4 (.text:getCountsRTC)
                  2000b46c    00000034     drivers_cc32xxware.aem4 : PowerCC3200.oem4 (.text:restorePeriphClocks)
                  2000b4a0    00000034     sysbios.aem4 : BIOS.obj (.text:ti_sysbios_family_arm_m3_Hwi_Instance_finalize__E)
                  2000b4d4    00000004     --HOLE-- [fill = 0]
                  2000b4d8    00000034                  : BIOS.obj (.text:ti_sysbios_family_arm_m3_Hwi_excNmi__I)
                  2000b50c    00000004     --HOLE-- [fill = 0]
                  2000b510    00000034                  : BIOS.obj (.text:ti_sysbios_family_arm_m3_Timer_periodicStub__I)
                  2000b544    00000004     --HOLE-- [fill = 0]
                  2000b548    00000034                  : BIOS.obj (.text:ti_sysbios_hal_Hwi_checkStack)
                  2000b57c    00000034     certflasher_pem4.oem4 (.text:ti_sysbios_knl_Semaphore_create)
                  2000b5b0    00000034     ti.targets.arm.rtsarm.aem4 : Core-label.oem4 (.text:xdc_runtime_Core_assignLabel__I)
                  2000b5e4    00000033                                : Text.oem4 (.text:xdc_runtime_Text_printVisFxn__I)
                  2000b617    00000001     --HOLE-- [fill = 0]
                  2000b618    00000032     drivers_cc32xxware.aem4 : SPICC3200DMA.oem4 (.text:spiPollingTransfer32)
                  2000b64a    00000006                             : SPICC3200DMA.oem4 (.text:SPICC3200DMA_control)
                  2000b650    00000032     sysbios.aem4 : BIOS.obj (.text:ti_sysbios_hal_Hwi_initStack)
                  2000b682    00000030     driverlib.a : pin.obj (.text:PinTypeGPIO)
                  2000b6b2    00000002     --HOLE-- [fill = 0]
                  2000b6b4    00000030     drivers_cc32xxware.aem4 : PowerCC3200.oem4 (.text:Power_releaseConstraint)
                  2000b6e4    00000030                             : PowerCC3200.oem4 (.text:Power_setConstraint)
                  2000b714    00000030                             : SPI.oem4 (.text:SPI_open)
                  2000b744    00000030     drivers_wifi_cc32xxware.aem4 : WiFiCC3200.oem4 (.text:registerInterruptHandler)
                  2000b774    00000030     certflasher_pem4.oem4 (.text:ti_sysbios_BIOS_atExitFunc__I)
                  2000b7a4    00000004     --HOLE-- [fill = 0]
                  2000b7a8    00000030     sysbios.aem4 : BIOS.obj (.text:ti_sysbios_family_arm_m3_TaskSupport_start__E)
                  2000b7d8    00000030     certflasher_pem4.oem4 (.text:ti_sysbios_gates_GateHwi_Object__create__S)
                  2000b808    00000030     certflasher_pem4.oem4 (.text:ti_sysbios_gates_GateMutex_Object__create__S)
                  2000b838    00000030     sysbios.aem4 : BIOS.obj (.text:ti_sysbios_gates_GateMutex_enter__E)
                  2000b868    00000030     certflasher_pem4.oem4 (.text:ti_sysbios_heaps_HeapMem_Object__create__S)
                  2000b898    00000030     sysbios.aem4 : BIOS.obj (.text:ti_sysbios_knl_Mailbox_postInit__I)
                  2000b8c8    00000030     certflasher_pem4.oem4 (.text:ti_sysbios_knl_Semaphore_construct)
                  2000b8f8    00000030     sysbios.aem4 : BIOS.obj (.text:ti_sysbios_knl_Semaphore_pendTimeout__I)
                  2000b928    00000030                  : BIOS.obj (.text:ti_sysbios_knl_Task_unblockI__E)
                  2000b958    00000030     ti.targets.arm.rtsarm.aem4 : SysMin.oem4 (.text:xdc_runtime_SysMin_abort__E)
                  2000b988    00000030                                : System.oem4 (.text:xdc_runtime_System_processAtExit__E)
                  2000b9b8    0000002e     certflasher_pem4.oem4 (.text:malloc)
                  2000b9e6    00000002     --HOLE-- [fill = 0]
                  2000b9e8    0000002c     drivers_wifi_cc32xxware.aem4 : WiFiCC3200.oem4 (.text:CC3X00_NWP_enable)
                  2000ba14    0000002c     driverlib.a : prcm.obj (.text:PRCMLPDSIntervalSet)
                  2000ba40    0000002c                 : prcm.obj (.text:PRCMSysResetCauseGet)
                  2000ba6c    0000002c     certflasher_pem4.oem4 (.text:ti_sysbios_knl_Clock_doTick__I)
                  2000ba98    0000002c     certflasher_pem4.oem4 (.text:ti_sysbios_knl_Queue_construct)
                  2000bac4    00000004     --HOLE-- [fill = 0]
                  2000bac8    0000002c     sysbios.aem4 : BIOS.obj (.text:ti_sysbios_knl_Task_restore__E)
                  2000baf4    0000002c     ti.targets.arm.rtsarm.aem4 : Text.oem4 (.text:xdc_runtime_Text_cordText__E)
                  2000bb20    0000002a     driverlib.a : spi.obj (.text:SPIDataGetNonBlocking)
                  2000bb4a    0000002a     ti.targets.arm.rtsarm.aem4 : System.oem4 (.text:xdc_runtime_System_putchar__I)
                  2000bb74    00000028     driverlib.a : prcm.obj (.text:PRCMLPDSWakeupSourceEnable)
                  2000bb9c    00000028                 : prcm.obj (.text:PRCMPeripheralClkDisable)
                  2000bbc4    00000028     drivers_cc32xxware.aem4 : PowerCC3200.oem4 (.text:Power_registerNotify)
                  2000bbec    00000004     --HOLE-- [fill = 0]
                  2000bbf0    00000028     sysbios.aem4 : BIOS.obj (.text:ti_sysbios_knl_Clock_addI__E)
                  2000bc18    00000028                  : BIOS.obj (.text:ti_sysbios_knl_Swi_Module_startup__E)
                  2000bc40    00000028     driverlib.a : udma.obj (.text:uDMAChannelIsEnabled)
                  2000bc68    00000026     drivers_cc32xxware.aem4 : List.oem4 (.text:List_put)
                  2000bc8e    00000026     ti.targets.arm.rtsarm.aem4 : System.oem4 (.text:xdc_runtime_System_avprintf__E)
                  2000bcb4    00000024     driverlib.a : prcm.obj (.text:PRCMLPDSWakeUpGPIOSelect)
                  2000bcd8    00000024     drivers_wifi_cc32xxware.aem4 : osi_tirtos.oem4 (.text:osi_Spawn)
                  2000bcfc    00000024     certflasher_pem4.oem4 (.text:ti_sysbios_BIOS_registerRTSLock__I)
                  2000bd20    00000024     certflasher_pem4.oem4 (.text:ti_sysbios_BIOS_removeRTSLock__I)
                  2000bd44    00000024     certflasher_pem4.oem4 (.text:ti_sysbios_BIOS_startFunc__I)
                  2000bd68    00000024     sysbios.aem4 : BIOS.obj (.text:ti_sysbios_family_arm_m3_Timer_Module_startup__E)
                  2000bd8c    00000004     --HOLE-- [fill = 0]
                  2000bd90    00000024                  : BIOS.obj (.text:ti_sysbios_family_arm_m3_Timer_postInit__I)
                  2000bdb4    00000004     --HOLE-- [fill = 0]
                  2000bdb8    00000024                  : BIOS.obj (.text:ti_sysbios_family_arm_m3_Timer_startup__E)
                  2000bddc    00000024     certflasher_pem4.oem4 (.text:ti_sysbios_gates_GateMutex_Object__delete__S)
                  2000be00    00000024     sysbios.aem4 : BIOS.obj (.text:ti_sysbios_knl_Clock_Module_startup__E)
                  2000be24    00000004     --HOLE-- [fill = 0]
                  2000be28    00000024                  : BIOS.obj (.text:ti_sysbios_knl_Semaphore_Instance_init__E)
                  2000be4c    00000004     --HOLE-- [fill = 0]
                  2000be50    00000024                  : BIOS.obj (.text:ti_sysbios_knl_Task_restoreHwi__E)
                  2000be74    00000024     ti.targets.arm.rtsarm.aem4 : System.oem4 (.text:xdc_runtime_System_vprintf__E)
                  2000be98    00000022     driverlib.a : gpio.obj (.text:GPIOIntStatus)
                  2000beba    00000022                 : spi.obj (.text:SPIReset)
                  2000bedc    00000022                 : spi.obj (.text:SPIWordCountSet)
                  2000befe    00000022     certflasher_pem4.oem4 (.text:xdc_runtime_SysMin_output__I)
                  2000bf20    00000020     driverlib.a : gpio.obj (.text:GPIOPinWrite)
                  2000bf40    00000020                 : prcm.obj (.text:PRCMLPDSRestoreInfoSet)
                  2000bf60    00000020     drivers_cc32xxware.aem4 : PowerCC3200.oem4 (.text:Power_idleFunc)
                  2000bf80    00000020                             : PowerCC3200.oem4 (.text:Power_unregisterNotify)
                  2000bfa0    00000020     driverlib.a : spi.obj (.text:SPIDataGet)
                  2000bfc0    00000020     drivers_cc32xxware.aem4 : SPICC3200DMA.oem4 (.text:getPowerMgrId)
                  2000bfe0    00000020     certflasher_pem4.oem4 (.text:ti_sysbios_BIOS_rtsLock__I)
                  2000c000    00000020     sysbios.aem4 : BIOS.obj (.text:ti_sysbios_family_arm_m3_Hwi_clearInterrupt__E)
                  2000c020    00000020                  : m3_Hwi_asm.obj (.text:ti_sysbios_family_arm_m3_Hwi_excHandlerAsm__I)
                  2000c040    00000020                  : BIOS.obj (.text:ti_sysbios_family_arm_m3_Hwi_excHandler__I)
                  2000c060    00000020     certflasher_pem4.oem4 (.text:ti_sysbios_gates_GateHwi_Object__delete__S)
                  2000c080    00000020     certflasher_pem4.oem4 (.text:ti_sysbios_heaps_HeapMem_Object__delete__S)
                  2000c0a0    00000020     sysbios.aem4 : BIOS.obj (.text:ti_sysbios_knl_Idle_run__E)
                  2000c0c0    00000020     certflasher_pem4.oem4 (.text:ti_sysbios_knl_Mailbox_Object__delete__S)
                  2000c0e0    00000020     certflasher_pem4.oem4 (.text:ti_sysbios_knl_Semaphore_Object__destruct__S)
                  2000c100    00000020     certflasher_pem4.oem4 (.text:ti_sysbios_knl_Task_Object__delete__S)
                  2000c120    00000020     ti.targets.arm.rtsarm.aem4 : Registry.oem4 (.text:xdc_runtime_Registry_findById__E)
                  2000c140    00000020                                : SysMin.oem4 (.text:xdc_runtime_SysMin_Module_startup__E)
                  2000c160    0000001e     driverlib.a : spi.obj (.text:SPIDataPut)
                  2000c17e    0000001e     drivers_wifi_cc32xxware.aem4 : WiFiCC3200.oem4 (.text:WiFiCC3200_close)
                  2000c19c    0000001e     certflasher_pem4.oem4 (.text:ti_sysbios_BIOS_errorRaiseHook__I)
                  2000c1ba    0000001e     sysbios.aem4 : m3_Hwi_asm_switch.obj (.text:ti_sysbios_family_xxx_Hwi_switchAndRunFunc)
                  2000c1d8    0000001c     drivers_cc32xxware.aem4 : SPICC3200DMA.oem4 (.text:SPICC3200DMA_init)
                  2000c1f4    0000001c     cc3x00_host_driver.aem4 : driver.oem4 (.text:_SlDrvProtectionObjLockWaitForever)
                  2000c210    0000001c     certflasher_pem4.oem4 (.text:ti_sysbios_family_arm_m3_Hwi_Object__destruct__S)
                  2000c22c    00000004     --HOLE-- [fill = 0]
                  2000c230    0000001c     sysbios.aem4 : BIOS.obj (.text:ti_sysbios_family_arm_m3_Timer_stop__E)
                  2000c24c    00000004     --HOLE-- [fill = 0]
                  2000c250    0000001c                  : BIOS.obj (.text:ti_sysbios_gates_GateMutex_Instance_init__E)
                  2000c26c    0000001c     certflasher_pem4.oem4 (.text:ti_sysbios_knl_Queue_Object__destruct__S)
                  2000c288    0000001c     sysbios.aem4 : BIOS.obj (.text:ti_sysbios_knl_Queue_get__E)
                  2000c2a4    00000004     --HOLE-- [fill = 0]
                  2000c2a8    0000001c                  : BIOS.obj (.text:ti_sysbios_knl_Queue_put__E)
                  2000c2c4    00000004     --HOLE-- [fill = 0]
                  2000c2c8    0000001c                  : BIOS.obj (.text:ti_sysbios_knl_Task_enter__I)
                  2000c2e4    0000001c     driverlib.a : udma.obj (.text:uDMAChannelEnable)
                  2000c300    0000001c     drivers_wifi_cc32xxware.aem4 : osi_tirtos.oem4 (.text:vSimpleLinkSpawnTask)
                  2000c31c    0000001c     ti.targets.arm.rtsarm.aem4 : Error.oem4 (.text:xdc_runtime_Error_raiseX__E)
                  2000c338    0000001c                                : Memory.oem4 (.text:xdc_runtime_Memory_valloc__E)
                  2000c354    0000001c                                : SysMin.oem4 (.text:xdc_runtime_SysMin_exit__E)
                  2000c370    0000001c                                : System.oem4 (.text:xdc_runtime_System_abort__E)
                  2000c38c    0000001a     cc3x00_host_driver.aem4 : netapp.oem4 (.text:CopyPingResultsToReport)
                  2000c3a6    0000001a     driverlib.a : gpio.obj (.text:GPIOIntEnable)
                  2000c3c0    0000001a     drivers_cc32xxware.aem4 : List.oem4 (.text:List_remove)
                  2000c3da    0000001a     driverlib.a : pin.obj (.text:PinTypeUART)
                  2000c3f4    0000001a                 : spi.obj (.text:SPIDmaDisable)
                  2000c40e    0000001a                 : spi.obj (.text:SPIDmaEnable)
                  2000c428    0000001a                 : spi.obj (.text:SPIFIFODisable)
                  2000c442    0000001a                 : spi.obj (.text:SPIFIFOEnable)
                  2000c45c    0000001a     sysbios.aem4 : m3_Hwi_asm.obj (.text:ti_sysbios_family_arm_m3_Hwi_pendSV__I)
                  2000c476    0000001a     certflasher_pem4.oem4 (.text:xdc_runtime_System_aprintf__E)
                  2000c490    0000001a     certflasher_pem4.oem4 (.text:xdc_runtime_System_printf__E)
                  2000c4aa    00000018     driverlib.a : spi.obj (.text:SPICSDisable)
                  2000c4c2    00000018                 : spi.obj (.text:SPICSEnable)
                  2000c4da    00000018                 : spi.obj (.text:SPIDisable)
                  2000c4f2    00000018                 : spi.obj (.text:SPIEnable)
                  2000c50a    00000002     --HOLE-- [fill = 0]
                  2000c50c    00000018     drivers_wifi_cc32xxware.aem4 : osi_tirtos.oem4 (.text:VDeleteSimpleLinkSpawnTask)
                  2000c524    00000018                                  : WiFiCC3200.oem4 (.text:WiFiCC3200_init)
                  2000c53c    00000018     cc3x00_host_driver.aem4 : driver.oem4 (.text:_SlDrvProtectionObjUnLock)
                  2000c554    00000018     certflasher_pem4.oem4 (.text:free)
                  2000c56c    00000018     rtsv7M4_T_le_eabi.lib : args_main.obj (.text)
                  2000c584    00000018                           : ll_mul_t2.obj (.text)
                  2000c59c    00000018     certflasher_pem4.oem4 (.text:ti_sysbios_BIOS_rtsUnlock__I)
                  2000c5b4    00000018     certflasher_pem4.oem4 (.text:ti_sysbios_family_arm_m3_Hwi_Handle__label__S)
                  2000c5cc    00000018     certflasher_pem4.oem4 (.text:ti_sysbios_family_arm_m3_Hwi_Module__startupDone__F)
                  2000c5e4    00000018     certflasher_pem4.oem4 (.text:ti_sysbios_family_arm_m3_Timer_Module__startupDone__F)
                  2000c5fc    00000018     certflasher_pem4.oem4 (.text:ti_sysbios_gates_GateHwi_Handle__label__S)
                  2000c614    00000018     certflasher_pem4.oem4 (.text:ti_sysbios_gates_GateMutex_Handle__label__S)
                  2000c62c    00000004     --HOLE-- [fill = 0]
                  2000c630    00000018     sysbios.aem4 : BIOS.obj (.text:ti_sysbios_gates_GateMutex_leave__E)
                  2000c648    00000018     certflasher_pem4.oem4 (.text:ti_sysbios_heaps_HeapMem_Handle__label__S)
                  2000c660    00000018     certflasher_pem4.oem4 (.text:ti_sysbios_knl_Swi_Handle__label__S)
                  2000c678    00000018     certflasher_pem4.oem4 (.text:ti_sysbios_knl_Task_Handle__label__S)
                  2000c690    00000018     ti.targets.arm.rtsarm.aem4 : Error.oem4 (.text:xdc_runtime_Error_check__E)
                  2000c6a8    00000018                                : System.oem4 (.text:xdc_runtime_System_exit__E)
                  2000c6c0    00000018                                : Text.oem4 (.text:xdc_runtime_Text_ropeText__E)
                  2000c6d8    00000016     tirtosport.aem4 : HwiP_tirtos.oem4 (.text:HwiP_delete)
                  2000c6ee    00000016     driverlib.a : prcm.obj (.text:PRCMHIBRegRead)
                  2000c704    00000016                 : prcm.obj (.text:PRCMHIBRegWrite)
                  2000c71a    00000016     tirtosport.aem4 : SemaphoreP_tirtos.oem4 (.text:SemaphoreP_delete)
                  2000c730    00000016     cc3x00_host_driver.aem4 : fs.oem4 (.text:_sl_Strlen)
                  2000c746    00000016     certflasher_pem4.oem4 (.text:ti_sysbios_BIOS_exitFunc__I)
                  2000c75c    00000016     certflasher.o (.text:ti_sysbios_knl_Task_Params_init)
                  2000c772    00000014     driverlib.a : cpu.obj (.text:CPUcpsid)
                  2000c786    00000014                 : cpu.obj (.text:CPUcpsie)
                  2000c79a    00000014                 : gpio.obj (.text:GPIOIntClear)
                  2000c7ae    00000002     --HOLE-- [fill = 0]
                  2000c7b0    00000014     drivers_cc32xxware.aem4 : SPI.oem4 (.text:SPI_Params_init)
                  2000c7c4    00000014     drivers_wifi_cc32xxware.aem4 : WiFiCC3200.oem4 (.text:hostDriverInterruptHandler)
                  2000c7d8    00000014                                  : osi_tirtos.oem4 (.text:osi_SyncObjClear)
                  2000c7ec    00000014     rtsv7M4_T_le_eabi.lib : _lock.obj (.text)
                  2000c800    00000014                           : strcpy.obj (.text)
                  2000c814    00000014                           : strlen.obj (.text)
                  2000c828    00000014     certflasher_pem4.oem4 (.text:ti_sysbios_family_arm_m3_Hwi_Object__get__S)
                  2000c83c    00000004     --HOLE-- [fill = 0]
                  2000c840    00000014     sysbios.aem4 : BIOS.obj (.text:ti_sysbios_family_arm_m3_Hwi_switchFromBootStack__E)
                  2000c854    00000014     certflasher_pem4.oem4 (.text:ti_sysbios_heaps_HeapMem_Object__get__S)
                  2000c868    00000014     sysbios.aem4 : BIOS.obj (.text:ti_sysbios_knl_Clock_tickReconfig__E)
                  2000c87c    00000014     certflasher_pem4.oem4 (.text:ti_sysbios_knl_Swi_Object__get__S)
                  2000c890    00000014     driverlib.a : udma.obj (.text:uDMAControlBaseSet)
                  2000c8a4    00000012     tirtosport.aem4 : SemaphoreP_tirtos.oem4 (.text:SemaphoreP_pend)
                  2000c8b6    00000012     cc3x00_host_driver.aem4 : driver.oem4 (.text:_SlDrvObjLockWaitForever)
                  2000c8c8    00000012                             : driver.oem4 (.text:_SlDrvSyncObjWaitForever)
                  2000c8da    00000006     driverlib.a : utils.obj (.text:UtilsDelay)
                  2000c8e0    00000012     sysbios.aem4 : BIOS.obj (.text:ti_sysbios_hal_Hwi_Module_startup__E)
                  2000c8f2    00000012     certflasher_pem4.oem4 (.text:xdc_runtime_Startup_exec__I)
                  2000c904    00000010     CC3200_LAUNCHXL.o (.text:CC3200_LAUNCHXL_initGeneral)
                  2000c914    00000010     CC3200_LAUNCHXL.o (.text:CC3200_LAUNCHXL_initWiFi)
                  2000c924    00000010     drivers_wifi_cc32xxware.aem4 : WiFiCC3200.oem4 (.text:CC3X00_NWP_maskInterrupt)
                  2000c934    00000010     drivers_cc32xxware.aem4 : WiFi.oem4 (.text:WiFi_Params_init)
                  2000c944    00000010     cc3x00_host_driver.aem4 : device.oem4 (.text:_sl_GetStartResponseConvert)
                  2000c954    00000004     --HOLE-- [fill = 0]
                  2000c958    00000010     sysbios.aem4 : BIOS.obj (.text:ti_sysbios_BIOS_setThreadType__E)
                  2000c968    00000010                  : BIOS.obj (.text:ti_sysbios_BIOS_start__E)
                  2000c978    00000010                  : m3_TaskSupport_asm.obj (.text:ti_sysbios_family_arm_m3_TaskSupport_glue)
                  2000c988    00000010                  : m3_TaskSupport_asm.obj (.text:ti_sysbios_family_arm_m3_TaskSupport_swap__E)
                  2000c998    00000010                  : BIOS.obj (.text:ti_sysbios_gates_GateMutex_Instance_finalize__E)
                  2000c9a8    00000010     certflasher_pem4.oem4 (.text:ti_sysbios_knl_Mailbox_Object__get__S)
                  2000c9b8    00000010     sysbios.aem4 : BIOS.obj (.text:ti_sysbios_knl_Semaphore_Instance_finalize__E)
                  2000c9c8    00000010                  : BIOS.obj (.text:ti_sysbios_knl_Swi_disable__E)
                  2000c9d8    00000010     certflasher_pem4.oem4 (.text:ti_sysbios_knl_Task_Object__get__S)
                  2000c9e8    00000010     sysbios.aem4 : BIOS.obj (.text:ti_sysbios_knl_Task_disable__E)
                  2000c9f8    00000010     ti.targets.arm.rtsarm.aem4 : Gate.oem4 (.text:xdc_runtime_Gate_leaveSystem__E)
                  2000ca08    00000010                                : Memory.oem4 (.text:xdc_runtime_Memory_free__E)
                  2000ca18    00000010                                : SysMin.oem4 (.text:xdc_runtime_SysMin_ready__E)
                  2000ca28    00000010                                : System.oem4 (.text:xdc_runtime_System_vsnprintf__E)
                  2000ca38    0000000e     tirtosport.aem4 : HwiP_tirtos.oem4 (.text:HwiP_Params_init)
                  2000ca46    0000000e     cc3x00_host_driver.aem4 : driver.oem4 (.text:_SlDrvObjUnLock)
                  2000ca54    0000000e                             : driver.oem4 (.text:_SlDrvSyncObjSignal)
                  2000ca62    0000000e     rtsv7M4_T_le_eabi.lib : copy_decompress_none.obj (.text:decompress:none)
                  2000ca70    0000000e     sysbios.aem4 : BIOS.obj (.text:ti_sysbios_knl_Idle_loop__E)
                  2000ca7e    00000002     --HOLE-- [fill = 0]
                  2000ca80    0000000e                  : BIOS.obj (.text:ti_sysbios_knl_Queue_empty__E)
                  2000ca8e    00000002     --HOLE-- [fill = 0]
                  2000ca90    0000000c     drivers_wifi_cc32xxware.aem4 : WiFiCC3200.oem4 (.text:CC3X00_NWP_unMaskInterrupt)
                  2000ca9c    0000000c     driverlib.a : cpu.obj (.text:CPUwfi)
                  2000caa8    0000000c     drivers_cc32xxware.aem4 : PowerCC3200.oem4 (.text:Power_getConstraintMask)
                  2000cab4    0000000c                             : PowerCC3200.oem4 (.text:Power_getDependencyCount)
                  2000cac0    0000000c     certflasher.o (.text:SimpleLinkHttpServerCallback)
                  2000cacc    0000000c     rtsv7M4_T_le_eabi.lib : copy_zero_init.obj (.text:decompress:ZI)
                  2000cad8    0000000c     drivers_wifi_cc32xxware.aem4 : osi_tirtos.oem4 (.text:osi_LockObjUnlock)
                  2000cae4    0000000c                                  : osi_tirtos.oem4 (.text:osi_SyncObjSignal)
                  2000caf0    0000000c                                  : osi_tirtos.oem4 (.text:osi_SyncObjSignalFromISR)
                  2000cafc    0000000c     drivers_cc32xxware.aem4 : SPICC3200DMA.oem4 (.text:postNotifyFxn)
                  2000cb08    0000000c     certflasher_pem4.oem4 (.text:ti_sysbios_family_arm_m3_Hwi_Params__init__S)
                  2000cb14    00000004     --HOLE-- [fill = 0]
                  2000cb18    0000000c     sysbios.aem4 : BIOS.obj (.text:ti_sysbios_family_arm_m3_Hwi_disableFxn__E)
                  2000cb24    00000004     --HOLE-- [fill = 0]
                  2000cb28    0000000c                  : BIOS.obj (.text:ti_sysbios_family_arm_m3_TaskSupport_checkStack__E)
                  2000cb34    00000004     --HOLE-- [fill = 0]
                  2000cb38    0000000c                  : BIOS.obj (.text:ti_sysbios_family_arm_m3_TaskSupport_getStackAlignment__E)
                  2000cb44    00000004     --HOLE-- [fill = 0]
                  2000cb48    0000000c                  : BIOS.obj (.text:ti_sysbios_gates_GateHwi_enter__E)
                  2000cb54    00000004     --HOLE-- [fill = 0]
                  2000cb58    0000000c                  : BIOS.obj (.text:ti_sysbios_knl_Clock_getTicks__E)
                  2000cb64    00000004     --HOLE-- [fill = 0]
                  2000cb68    0000000c                  : BIOS.obj (.text:ti_sysbios_knl_Clock_setTicks__E)
                  2000cb74    00000004     --HOLE-- [fill = 0]
                  2000cb78    0000000c                  : BIOS.obj (.text:ti_sysbios_knl_Clock_tickStart__E)
                  2000cb84    00000004     --HOLE-- [fill = 0]
                  2000cb88    0000000c                  : BIOS.obj (.text:ti_sysbios_knl_Clock_tickStop__E)
                  2000cb94    0000000c     certflasher_pem4.oem4 (.text:ti_sysbios_knl_Queue_Object__get__S)
                  2000cba0    0000000c     certflasher_pem4.oem4 (.text:ti_sysbios_knl_Semaphore_Params__init__S)
                  2000cbac    0000000c     certflasher_pem4.oem4 (.text:ti_sysbios_knl_Task_Params__init__S)
                  2000cbb8    0000000c     driverlib.a : udma.obj (.text:uDMAControlBaseGet)
                  2000cbc4    0000000c                 : udma.obj (.text:uDMAEnable)
                  2000cbd0    0000000c                 : udma.obj (.text:uDMAErrorStatusClear)
                  2000cbdc    0000000c                 : udma.obj (.text:uDMAIntStatus)
                  2000cbe8    0000000c     ti.targets.arm.rtsarm.aem4 : Error.oem4 (.text:xdc_runtime_Error_init__E)
                  2000cbf4    0000000c                                : Gate.oem4 (.text:xdc_runtime_Gate_enterSystem__E)
                  2000cc00    0000000c                                : Memory.oem4 (.text:xdc_runtime_Memory_calloc__E)
                  2000cc0c    0000000c                                : Memory.oem4 (.text:xdc_runtime_Memory_getMaxDefaultTypeAlign__E)
                  2000cc18    0000000a     drivers_cc32xxware.aem4 : List.oem4 (.text:List_empty)
                  2000cc22    0000000a                             : SPI.oem4 (.text:SPI_transfer)
                  2000cc2c    0000000a     tirtosport.aem4 : SemaphoreP_tirtos.oem4 (.text:SemaphoreP_post)
                  2000cc36    0000000a     certflasher.o (.text:SimpleLinkGeneralEventHandler)
                  2000cc40    0000000a     certflasher.o (.text:SimpleLinkNetAppEventHandler)
                  2000cc4a    0000000a     certflasher.o (.text:SimpleLinkSockEventHandler)
                  2000cc54    0000000a     certflasher.o (.text:SimpleLinkWlanEventHandler)
                  2000cc5e    0000000a     drivers_cc32xxware.aem4 : WiFi.oem4 (.text:WiFi_close)
                  2000cc68    0000000a     CC3200_LAUNCHXL.o (.text:dmaErrorHwi)
                  2000cc72    0000000a     certflasher_pem4.oem4 (.text:xdc_runtime_IHeap_alloc)
                  2000cc7c    0000000a     certflasher_pem4.oem4 (.text:xdc_runtime_IHeap_free)
                  2000cc86    00000008     CC3200_LAUNCHXL.o (.text:CC3200_LAUNCHXL_initGPIO)
                  2000cc8e    00000008     driverlib.a : prcm.obj (.text:PRCMSleepEnter)
                  2000cc96    00000008     tirtosport.aem4 : SemaphoreP_tirtos.oem4 (.text:SemaphoreP_Params_init)
                  2000cc9e    00000008     cc3x00_host_driver.aem4 : driver.oem4 (.text:_SlDrvMemZero)
                  2000cca6    00000002     --HOLE-- [fill = 0]
                  2000cca8    00000008     sysbios.aem4 : BIOS.obj (.text:ti_sysbios_family_arm_m3_Hwi_doSwiRestore__I)
                  2000ccb0    00000008                  : BIOS.obj (.text:ti_sysbios_family_arm_m3_Hwi_startup__E)
                  2000ccb8    00000008     drivers_cc32xxware.aem4 : SPICC3200DMA.oem4 (.text:transferCallback)
                  2000ccc0    00000008     certflasher_pem4.oem4 (.text:xdc_runtime_Text_visitRope__I)
                  2000ccc8    00000006     drivers_wifi_cc32xxware.aem4 : WiFiCC3200.oem4 (.text:WiFiCC3200_control)
                  2000ccce    00000006     ti.targets.arm.rtsarm.aem4 : xdc_noinit.oem4 (.text:__xdc__init)
                  2000ccd4    00000006     rtsv7M4_T_le_eabi.lib : copy_decompress_rle.obj (.text:decompress:rle24)
                  2000ccda    00000006     ti.targets.arm.rtsarm.aem4 : System.oem4 (.text:xdc_runtime_System_Module_startup__E)
                  2000cce0    00000006     sysbios.aem4 : BIOS.obj (.text:ti_sysbios_family_arm_m3_Hwi_doTaskRestore__I)
                  2000cce6    00000002     --HOLE-- [fill = 0]
                  2000cce8    00000006                  : BIOS.obj (.text:ti_sysbios_family_arm_m3_Hwi_restoreFxn__E)
                  2000ccee    00000002     --HOLE-- [fill = 0]
                  2000ccf0    00000006                  : BIOS.obj (.text:ti_sysbios_gates_GateHwi_leave__E)
                  2000ccf6    00000002     --HOLE-- [fill = 0]
                  2000ccf8    00000006                  : BIOS.obj (.text:ti_sysbios_heaps_HeapMem_isBlocking__E)
                  2000ccfe    00000002     --HOLE-- [fill = 0]
                  2000cd00    00000006                  : BIOS.obj (.text:ti_sysbios_knl_Queue_Instance_init__E)
                  2000cd06    00000002     --HOLE-- [fill = 0]
                  2000cd08    00000006                  : BIOS.obj (.text:ti_sysbios_knl_Swi_startup__E)
                  2000cd0e    00000002     --HOLE-- [fill = 0]
                  2000cd10    00000004                  : BIOS.obj (.text:ti_sysbios_family_arm_m3_Timer_getMaxTicks__E)
                  2000cd14    00000004     --HOLE-- [fill = 0]
                  2000cd18    00000004                  : BIOS.obj (.text:ti_sysbios_gates_GateHwi_query__E)
                  2000cd1c    00000004     --HOLE-- [fill = 0]
                  2000cd20    00000004                  : BIOS.obj (.text:ti_sysbios_gates_GateMutex_query__E)
                  2000cd24    00000004     --HOLE-- [fill = 0]
                  2000cd28    00000004                  : BIOS.obj (.text:ti_sysbios_knl_Task_startup__E)
                  2000cd2c    00000004     --HOLE-- [fill = 0]
                  2000cd30    00000002                  : BIOS.obj (.text:ti_sysbios_gates_GateHwi_Instance_init__E)
                  2000cd32    00000006     --HOLE-- [fill = 0]
                  2000cd38    00000002                  : BIOS.obj (.text:ti_sysbios_knl_Clock_logTick__E)

.bss       0    2000d000    00005668     UNINITIALIZED
                  2000d000    00004000     certflasher_pem4.oem4 (.bss:ti_sysbios_heaps_HeapMem_Instance_State_0_buf__A)
                  20011000    00000800     certflasher_pem4.oem4 (.bss:taskStackSection)
                  20011800    00000400     CC3200_LAUNCHXL.o (.bss:dmaControlTable)
                  20011c00    00000400     certflasher_pem4.oem4 (.bss:xdc_runtime_SysMin_Module_State_0_outbuf__A)
                  20012000    0000030c     certflasher_pem4.oem4 (.bss:ti_sysbios_family_arm_m3_Hwi_dispatchTable)
                  2001230c    0000012c     drivers_cc32xxware.aem4 : PowerCC3200.oem4 (.bss:PowerCC3200_contextSave)
                  20012438    00000120     rtsv7M4_T_le_eabi.lib : trgmsg.obj (.bss:__CIOBUF_)
                  20012558    00000078     CC3200_LAUNCHXL.o (.bss:SPICC3200DMAObjects)
                  200125d0    00000030     CC3200_LAUNCHXL.o (.bss:wiFiCC3200Objects)
                  20012600    00000020     (.common:gpioCallbackInfo)
                  20012620    00000014     (.common:powerNotifyObj)
                  20012634    00000004     (.common:SimpleLinkSpawnTaskHndl)
                  20012638    00000008     (.common:firstRTC$1)
                  20012640    00000008     (.common:parmbuf)
                  20012648    00000004     (.common:firstTick$2)
                  2001264c    00000004     (.common:simpleLink_mailbox)
                  20012650    00000001     (.common:RxIrqCnt)
                  20012651    0000000f     --HOLE--
                  20012660    00000008     (.common:spiCC3200DMAscratchBuf)

.const     0    20012668    00001ac9     
                  20012668    00000675     certflasher.o (.const:.string:root_ca_pem)
                  20012cdd    00000639     certflasher.o (.const:.string:client_private_key_pem)
                  20013316    00000481     certflasher.o (.const:.string:client_cert_pem)
                  20013797    00000001     certflasher_pem4.oem4 (.const:ti_sysbios_knl_Clock_tickMode__C)
                  20013798    00000100     driverlib.a : pin.obj (.const:g_ulPinToPadMap)
                  20013898    000000a8                 : prcm.obj (.const:PRCM_PeriphRegsList)
                  20013940    00000068     CC3200_LAUNCHXL.o (.const:spiCC3200DMAHWAttrs)
                  200139a8    00000060     drivers_cc32xxware.aem4 : SPICC3200DMA.oem4 (.const)
                  20013a08    0000004e     certflasher.o (.const:.string)
                  20013a56    00000002     certflasher_pem4.oem4 (.const:ti_sysbios_family_arm_m3_Hwi_Module__id__C)
                  20013a58    00000048     certflasher_pem4.oem4 (.const:.string)
                  20013aa0    0000003c     cc3x00_host_driver.aem4 : driver.oem4 (.const:OpcodeTranslateTable)
                  20013adc    0000003c     certflasher_pem4.oem4 (.const:ti_sysbios_knl_Task_Object__PARAMS__C)
                  20013b18    00000038     cc3x00_host_driver.aem4 : driver.oem4 (.const:_SlActionLookupTable)
                  20013b50    00000038                             : fs.oem4 (.const)
                  20013b88    00000034     drivers_cc32xxware.aem4 : GPIOCC3200.oem4 (.const)
                  20013bbc    00000034     certflasher_pem4.oem4 (.const:ti_sysbios_knl_Mailbox_Object__PARAMS__C)
                  20013bf0    00000030     certflasher_pem4.oem4 (.const:ti_sysbios_family_arm_m3_Hwi_Object__PARAMS__C)
                  20013c20    0000002a     drivers_cc32xxware.aem4 : GPIOCC3200.oem4 (.const:.string)
                  20013c4a    00000002     certflasher_pem4.oem4 (.const:ti_sysbios_family_arm_m3_Timer_Module__id__C)
                  20013c4c    00000028     CC3200_LAUNCHXL.o (.const:PowerCC3200_config)
                  20013c74    00000028     cc3x00_host_driver.aem4 : netapp.oem4 (.const)
                  20013c9c    00000028     certflasher_pem4.oem4 (.const:ti_sysbios_heaps_HeapMem_Module__FXNS__C)
                  20013cc4    00000024     CC3200_LAUNCHXL.o (.const:SPI_config)
                  20013ce8    00000024     cc3x00_host_driver.aem4 : driver.oem4 (.const)
                  20013d0c    00000024     certflasher_pem4.oem4 (.const:ti_sysbios_gates_GateHwi_Module__FXNS__C)
                  20013d30    00000024     certflasher_pem4.oem4 (.const:ti_sysbios_gates_GateMutex_Module__FXNS__C)
                  20013d54    00000024     certflasher_pem4.oem4 (.const:ti_sysbios_heaps_HeapMem_Object__PARAMS__C)
                  20013d78    00000024     certflasher_pem4.oem4 (.const:ti_sysbios_knl_Semaphore_Object__PARAMS__C)
                  20013d9c    00000024     certflasher_pem4.oem4 (.const:xdc_runtime_Startup_sfxnTab__A)
                  20013dc0    00000020     drivers_cc32xxware.aem4 : SPI.oem4 (.const)
                  20013de0    00000020     certflasher_pem4.oem4 (.const:ti_sysbios_family_arm_m3_Hwi_Object__DESC__C)
                  20013e00    00000020     certflasher_pem4.oem4 (.const:ti_sysbios_gates_GateHwi_Object__DESC__C)
                  20013e20    00000020     certflasher_pem4.oem4 (.const:ti_sysbios_gates_GateMutex_Object__DESC__C)
                  20013e40    00000020     certflasher_pem4.oem4 (.const:ti_sysbios_heaps_HeapMem_Object__DESC__C)
                  20013e60    00000020     certflasher_pem4.oem4 (.const:ti_sysbios_knl_Mailbox_Object__DESC__C)
                  20013e80    00000020     certflasher_pem4.oem4 (.const:ti_sysbios_knl_Queue_Object__DESC__C)
                  20013ea0    00000020     certflasher_pem4.oem4 (.const:ti_sysbios_knl_Semaphore_Object__DESC__C)
                  20013ec0    00000020     certflasher_pem4.oem4 (.const:ti_sysbios_knl_Task_Object__DESC__C)
                  20013ee0    00000018     CC3200_LAUNCHXL.o (.const:WiFi_config)
                  20013ef8    00000018     driverlib.a : spi.obj (.const)
                  20013f10    00000018     certflasher_pem4.oem4 (.const:ti_sysbios_gates_GateHwi_Object__PARAMS__C)
                  20013f28    00000018     certflasher_pem4.oem4 (.const:ti_sysbios_gates_GateMutex_Object__PARAMS__C)
                  20013f40    00000018     certflasher_pem4.oem4 (.const:ti_sysbios_knl_Queue_Object__PARAMS__C)
                  20013f58    00000014     CC3200_LAUNCHXL.o (.const:GPIOCC3200_config)
                  20013f6c    00000012     certflasher_pem4.oem4 (.const:xdc_runtime_Startup_sfxnRts__A)
                  20013f7e    00000002     certflasher_pem4.oem4 (.const:ti_sysbios_hal_Hwi_Module__id__C)
                  20013f80    00000010     drivers_wifi_cc32xxware.aem4 : WiFiCC3200.oem4 (.const)
                  20013f90    0000000c     drivers_cc32xxware.aem4 : WiFi.oem4 (.const)
                  20013f9c    0000000c     certflasher_pem4.oem4 (.const:xdc_runtime_Startup_firstFxns__A)
                  20013fa8    00000008     cc3x00_host_driver.aem4 : device.oem4 (.const:.string)
                  20013fb0    00000008     certflasher_pem4.oem4 (.const:ti_sysbios_family_arm_m3_Hwi_excHookFuncs__A)
                  20013fb8    00000008     certflasher_pem4.oem4 (.const:ti_sysbios_knl_Idle_funcList__A)
                  20013fc0    00000008     certflasher_pem4.oem4 (.const:ti_sysbios_knl_Idle_funcList__C)
                  20013fc8    00000008     certflasher_pem4.oem4 (.const:xdc_runtime_Startup_firstFxns__C)
                  20013fd0    00000008     certflasher_pem4.oem4 (.const:xdc_runtime_Startup_lastFxns__C)
                  20013fd8    00000004     certflasher_pem4.oem4 (.const:ti_sysbios_family_arm_m3_Hwi_E_NMI__C)
                  20013fdc    00000004     certflasher_pem4.oem4 (.const:ti_sysbios_family_arm_m3_Hwi_E_alreadyDefined__C)
                  20013fe0    00000004     certflasher_pem4.oem4 (.const:ti_sysbios_family_arm_m3_Hwi_E_busFault__C)
                  20013fe4    00000004     certflasher_pem4.oem4 (.const:ti_sysbios_family_arm_m3_Hwi_E_debugMon__C)
                  20013fe8    00000004     certflasher_pem4.oem4 (.const:ti_sysbios_family_arm_m3_Hwi_E_hardFault__C)
                  20013fec    00000004     certflasher_pem4.oem4 (.const:ti_sysbios_family_arm_m3_Hwi_E_memFault__C)
                  20013ff0    00000004     certflasher_pem4.oem4 (.const:ti_sysbios_family_arm_m3_Hwi_E_noIsr__C)
                  20013ff4    00000004     certflasher_pem4.oem4 (.const:ti_sysbios_family_arm_m3_Hwi_E_reserved__C)
                  20013ff8    00000004     certflasher_pem4.oem4 (.const:ti_sysbios_family_arm_m3_Hwi_E_svCall__C)
                  20013ffc    00000004     certflasher_pem4.oem4 (.const:ti_sysbios_family_arm_m3_Hwi_E_usageFault__C)
                  20014000    00000004     certflasher_pem4.oem4 (.const:ti_sysbios_family_arm_m3_Hwi_NUM_INTERRUPTS__C)
                  20014004    00000004     certflasher_pem4.oem4 (.const:ti_sysbios_family_arm_m3_Hwi_Object__count__C)
                  20014008    00000004     certflasher_pem4.oem4 (.const:ti_sysbios_family_arm_m3_Hwi_ccr__C)
                  2001400c    00000004     certflasher_pem4.oem4 (.const:ti_sysbios_family_arm_m3_Hwi_excHandlerFunc__C)
                  20014010    00000004     certflasher_pem4.oem4 (.const:ti_sysbios_family_arm_m3_Hwi_excHookFuncs__C)
                  20014014    00000004     certflasher_pem4.oem4 (.const:ti_sysbios_family_arm_m3_Hwi_nullIsrFunc__C)
                  20014018    00000004     certflasher_pem4.oem4 (.const:ti_sysbios_family_arm_m3_Hwi_priGroup__C)
                  2001401c    00000004     certflasher_pem4.oem4 (.const:ti_sysbios_family_arm_m3_TaskSupport_stackAlignment__C)
                  20014020    00000004     certflasher_pem4.oem4 (.const:ti_sysbios_family_arm_m3_Timer_E_cannotSupport__C)
                  20014024    00000004     certflasher_pem4.oem4 (.const:ti_sysbios_family_arm_m3_Timer_startupNeeded__C)
                  20014028    00000004     certflasher_pem4.oem4 (.const:ti_sysbios_gates_GateMutex_Instance_State_sem__O)
                  2001402c    00000004     certflasher_pem4.oem4 (.const:ti_sysbios_hal_Hwi_E_stackOverflow__C)
                  20014030    00000004     certflasher_pem4.oem4 (.const:ti_sysbios_heaps_HeapMem_E_memory__C)
                  20014034    00000004     certflasher_pem4.oem4 (.const:ti_sysbios_heaps_HeapMem_Module__gateObj__C)
                  20014038    00000004     certflasher_pem4.oem4 (.const:ti_sysbios_heaps_HeapMem_Object__count__C)
                  2001403c    00000004     certflasher_pem4.oem4 (.const:ti_sysbios_heaps_HeapMem_reqAlign__C)
                  20014040    00000004     certflasher_pem4.oem4 (.const:ti_sysbios_knl_Clock_Module_State_clockQ__O)
                  20014044    00000004     certflasher_pem4.oem4 (.const:ti_sysbios_knl_Clock_tickPeriod__C)
                  20014048    00000004     certflasher_pem4.oem4 (.const:ti_sysbios_knl_Mailbox_Instance_State_dataQue__O)
                  2001404c    00000004     certflasher_pem4.oem4 (.const:ti_sysbios_knl_Mailbox_Instance_State_dataSem__O)
                  20014050    00000004     certflasher_pem4.oem4 (.const:ti_sysbios_knl_Mailbox_Instance_State_freeQue__O)
                  20014054    00000004     certflasher_pem4.oem4 (.const:ti_sysbios_knl_Mailbox_Instance_State_freeSem__O)
                  20014058    00000004     certflasher_pem4.oem4 (.const:ti_sysbios_knl_Mailbox_Object__count__C)
                  2001405c    00000004     certflasher_pem4.oem4 (.const:ti_sysbios_knl_Mailbox_maxTypeAlign__C)
                  20014060    00000004     certflasher_pem4.oem4 (.const:ti_sysbios_knl_Semaphore_Instance_State_pendQ__O)
                  20014064    00000004     certflasher_pem4.oem4 (.const:ti_sysbios_knl_Swi_Object__count__C)
                  20014068    00000004     certflasher_pem4.oem4 (.const:ti_sysbios_knl_Task_E_spOutOfBounds__C)
                  2001406c    00000004     certflasher_pem4.oem4 (.const:ti_sysbios_knl_Task_E_stackOverflow__C)
                  20014070    00000004     certflasher_pem4.oem4 (.const:ti_sysbios_knl_Task_Module_State_inactiveQ__O)
                  20014074    00000004     certflasher_pem4.oem4 (.const:ti_sysbios_knl_Task_Object__count__C)
                  20014078    00000004     certflasher_pem4.oem4 (.const:ti_sysbios_knl_Task_allBlockedFunc__C)
                  2001407c    00000004     certflasher_pem4.oem4 (.const:ti_sysbios_knl_Task_defaultStackHeap__C)
                  20014080    00000004     certflasher_pem4.oem4 (.const:ti_sysbios_knl_Task_defaultStackSize__C)
                  20014084    00000004     certflasher_pem4.oem4 (.const:ti_sysbios_knl_Task_numConstructedTasks__C)
                  20014088    00000004     CC3200_LAUNCHXL.o (.const:wiFiCC3200HWAttrs)
                  2001408c    00000004     certflasher_pem4.oem4 (.const:xdc_runtime_Assert_E_assertFailed__C)
                  20014090    00000004     certflasher_pem4.oem4 (.const:xdc_runtime_Core_A_initializedParams__C)
                  20014094    00000004     certflasher_pem4.oem4 (.const:xdc_runtime_Core_Module__diagsEnabled__C)
                  20014098    00000004     certflasher_pem4.oem4 (.const:xdc_runtime_Core_Module__diagsIncluded__C)
                  2001409c    00000004     certflasher_pem4.oem4 (.const:xdc_runtime_Core_Module__diagsMask__C)
                  200140a0    00000004     certflasher_pem4.oem4 (.const:xdc_runtime_Error_E_memory__C)
                  200140a4    00000004     certflasher_pem4.oem4 (.const:xdc_runtime_Error_Module__diagsEnabled__C)
                  200140a8    00000004     certflasher_pem4.oem4 (.const:xdc_runtime_Error_Module__diagsIncluded__C)
                  200140ac    00000004     certflasher_pem4.oem4 (.const:xdc_runtime_Error_Module__diagsMask__C)
                  200140b0    00000004     certflasher_pem4.oem4 (.const:xdc_runtime_Error_Module__loggerFxn8__C)
                  200140b4    00000004     certflasher_pem4.oem4 (.const:xdc_runtime_Error_Module__loggerObj__C)
                  200140b8    00000004     certflasher_pem4.oem4 (.const:xdc_runtime_Error_policyFxn__C)
                  200140bc    00000004     certflasher_pem4.oem4 (.const:xdc_runtime_Error_raiseHook__C)
                  200140c0    00000004     certflasher_pem4.oem4 (.const:xdc_runtime_IGateProvider_Interface__BASE__C)
                  200140c4    00000004     certflasher_pem4.oem4 (.const:xdc_runtime_IHeap_Interface__BASE__C)
                  200140c8    00000004     certflasher_pem4.oem4 (.const:xdc_runtime_IModule_Interface__BASE__C)
                  200140cc    00000004     certflasher_pem4.oem4 (.const:xdc_runtime_Log_L_error__C)
                  200140d0    00000004     certflasher_pem4.oem4 (.const:xdc_runtime_Memory_defaultHeapInstance__C)
                  200140d4    00000004     certflasher_pem4.oem4 (.const:xdc_runtime_Startup_execImpl__C)
                  200140d8    00000004     certflasher_pem4.oem4 (.const:xdc_runtime_Startup_maxPasses__C)
                  200140dc    00000004     certflasher_pem4.oem4 (.const:xdc_runtime_Startup_sfxnRts__C)
                  200140e0    00000004     certflasher_pem4.oem4 (.const:xdc_runtime_Startup_sfxnTab__C)
                  200140e4    00000004     certflasher_pem4.oem4 (.const:xdc_runtime_SysMin_bufSize__C)
                  200140e8    00000004     certflasher_pem4.oem4 (.const:xdc_runtime_SysMin_outputFunc__C)
                  200140ec    00000004     certflasher_pem4.oem4 (.const:xdc_runtime_System_Module__gateObj__C)
                  200140f0    00000004     certflasher_pem4.oem4 (.const:xdc_runtime_System_abortFxn__C)
                  200140f4    00000004     certflasher_pem4.oem4 (.const:xdc_runtime_System_exitFxn__C)
                  200140f8    00000004     certflasher_pem4.oem4 (.const:xdc_runtime_System_extendFxn__C)
                  200140fc    00000004     certflasher_pem4.oem4 (.const:xdc_runtime_System_maxAtexitHandlers__C)
                  20014100    00000004     certflasher_pem4.oem4 (.const:xdc_runtime_Text_charTab__C)
                  20014104    00000004     certflasher_pem4.oem4 (.const:xdc_runtime_Text_nameEmpty__C)
                  20014108    00000004     certflasher_pem4.oem4 (.const:xdc_runtime_Text_nameStatic__C)
                  2001410c    00000004     certflasher_pem4.oem4 (.const:xdc_runtime_Text_nameUnknown__C)
                  20014110    00000004     certflasher_pem4.oem4 (.const:xdc_runtime_Text_nodeTab__A)
                  20014114    00000004     certflasher_pem4.oem4 (.const:xdc_runtime_Text_visitRopeFxn__C)
                  20014118    00000002     certflasher_pem4.oem4 (.const:ti_sysbios_heaps_HeapMem_Module__id__C)
                  2001411a    00000002     certflasher_pem4.oem4 (.const:ti_sysbios_knl_Task_Module__id__C)
                  2001411c    00000002     certflasher_pem4.oem4 (.const:xdc_runtime_Core_Module__id__C)
                  2001411e    00000002     certflasher_pem4.oem4 (.const:xdc_runtime_Error_Module__loggerDefined__C)
                  20014120    00000002     certflasher_pem4.oem4 (.const:xdc_runtime_Error_maxDepth__C)
                  20014122    00000002     certflasher_pem4.oem4 (.const:xdc_runtime_Memory_Module__id__C)
                  20014124    00000002     certflasher_pem4.oem4 (.const:xdc_runtime_SysMin_flushAtExit__C)
                  20014126    00000002     certflasher_pem4.oem4 (.const:xdc_runtime_Text_charCnt__C)
                  20014128    00000002     certflasher_pem4.oem4 (.const:xdc_runtime_Text_isLoaded__C)
                  2001412a    00000002     certflasher_pem4.oem4 (.const:xdc_runtime_Text_registryModsLastId__C)
                  2001412c    00000002     certflasher_pem4.oem4 (.const:xdc_runtime_Text_unnamedModsLastId__C)
                  2001412e    00000001     certflasher_pem4.oem4 (.const:ti_sysbios_knl_Clock_tickSource__C)
                  2001412f    00000001     certflasher_pem4.oem4 (.const:xdc_runtime_Error_policy__C)
                  20014130    00000001     certflasher_pem4.oem4 (.const:xdc_runtime_Text_charTab__A)

.cinit     0    20014960    00000340     
                  20014960    00000317     (.cinit..data.load) [load image, compression = rle]
                  20014c77    00000001     --HOLE-- [fill = 0]
                  20014c78    0000000c     (__TI_handler_table)
                  20014c84    00000004     --HOLE-- [fill = 0]
                  20014c88    00000008     (.cinit..bss.load) [load image, compression = zero_init]
                  20014c90    00000010     (__TI_cinit_table)

.init_array 
*          0    20004000    00000000     UNINITIALIZED

.data      0    20014134    0000042c     UNINITIALIZED
                  20014134    00000134     certflasher_pem4.oem4 (.data)
                  20014268    00000080     certflasher_pem4.oem4 (.data:ti_sysbios_knl_Swi_Module_State_0_readyQ__A)
                  200142e8    00000054     drivers_cc32xxware.aem4 : PowerCC3200.oem4 (.data:PowerCC3200_module)
                  2001433c    0000004c     certflasher_pem4.oem4 (.data:ti_sysbios_knl_Task_Object__table__V)
                  20014388    00000044     certflasher_pem4.oem4 (.data:ti_sysbios_knl_Task_Module__state__V)
                  200143cc    00000038     certflasher_pem4.oem4 (.data:ti_sysbios_gates_GateMutex_Object__table__V)
                  20014404    00000034     certflasher_pem4.oem4 (.data:ti_sysbios_family_arm_m3_Hwi_Module__state__V)
                  20014438    00000030     certflasher_pem4.oem4 (.data:ti_sysbios_family_arm_m3_Timer_Object__table__V)
                  20014468    00000030     certflasher_pem4.oem4 (.data:ti_sysbios_knl_Swi_Object__table__V)
                  20014498    0000002c     certflasher_pem4.oem4 (.data:ti_sysbios_knl_Clock_Module__state__V)
                  200144c4    00000024     certflasher_pem4.oem4 (.data:ti_sysbios_BIOS_Module__state__V)
                  200144e8    00000019     cc3x00_host_driver.aem4 : driver.oem4 (.data)
                  20014501    00000001     power_cc3200_tirtos.aem4 : PowerCC3200_tirtos.oem4 (.data)
                  20014502    00000002     --HOLE--
                  20014504    00000018     CC3200_LAUNCHXL.o (.data)
                  2001451c    00000018     certflasher.o (.data)
                  20014534    00000008     drivers_cc32xxware.aem4 : GPIOCC3200.oem4 (.data)
                  2001453c    00000008     rtsv7M4_T_le_eabi.lib : _lock.obj (.data)
                  20014544    00000008                           : exit.obj (.data)
                  2001454c    00000004     drivers_cc32xxware.aem4 : SPI.oem4 (.data)
                  20014550    00000004                             : SPICC3200DMA.oem4 (.data)
                  20014554    00000004                             : WiFi.oem4 (.data)
                  20014558    00000004     drivers_wifi_cc32xxware.aem4 : WiFiCC3200.oem4 (.data)
                  2001455c    00000004     rtsv7M4_T_le_eabi.lib : stkdepth_vars.obj (.data)

.stack     0    20014560    00000400     UNINITIALIZED
                  20014560    00000400     --HOLE--

.bootVecs 
*          0    00000000    00000008     DSECT
                  00000000    00000008     boot.aem4 : boot.oem4 (.bootVecs)

.vecs      0    20004000    00000000     DSECT

.resetVecs 
*          0    20004000    0000030c     
                  20004000    0000030c     certflasher_pem4.oem4 (.resetVecs)

xdc.meta   0    00000000    00000139     COPY SECTION
                  00000000    00000139     certflasher_pem4.oem4 (xdc.meta)

xdc.noload 
*          0    00000000    00000000     COPY SECTION

.TI.noinit 
*          0    2000d000    00000000     UNINITIALIZED

.TI.persistent 
*          0    20014134    00000000     UNINITIALIZED


LINKER GENERATED COPY TABLES

__TI_cinit_table @ 20014c90 records: 2, size/record: 8, table size: 16
	.data: load addr=20014960, load size=00000317 bytes, run addr=20014134, run size=0000042c bytes, compression=rle
	.bss: load addr=20014c88, load size=00000008 bytes, run addr=2000d000, run size=00005668 bytes, compression=zero_init


LINKER GENERATED HANDLER TABLE

__TI_handler_table @ 20014c78 records: 3, size/record: 4, table size: 12
	index: 0, handler: __TI_decompress_rle24
	index: 1, handler: __TI_decompress_none
	index: 2, handler: __TI_zero_init


GLOBAL SYMBOLS: SORTED ALPHABETICALLY BY Name 

[...]
2000cc23  SPI_transfer                                               
2000cc2d  SemaphoreP_post                                            
2000cc2d  SemaphoreP_postFromClock                                   
2000cc2d  SemaphoreP_postFromISR                                     
2000cc37  SimpleLinkGeneralEventHandler                              
2000cc41  SimpleLinkNetAppEventHandler                               
2000cc4b  SimpleLinkSockEventHandler                                 
2000cc55  SimpleLinkWlanEventHandler                                 
2000cc5f  WiFi_close                                                 
2000cc73  xdc_runtime_Memory_HeapProxy_alloc__E                      
2000cc7d  xdc_runtime_Memory_HeapProxy_free__E                       
2000cc87  CC3200_LAUNCHXL_initGPIO                                   
2000cc8f  PRCMSleepEnter                                             
2000cc97  SemaphoreP_Params_init                                     
2000cc9f  _SlDrvMemZero                                              
2000cca9  ti_sysbios_family_arm_m3_Hwi_doSwiRestore__I               
2000ccb1  ti_sysbios_family_arm_m3_Hwi_startup__E                    
2000ccb1  ti_sysbios_hal_Hwi_HwiProxy_startup__E                     
2000ccc1  xdc_runtime_Text_visitRope__I                              
2000ccc9  WiFiCC3200_control                                         
2000cccf  __xdc__init                                                
2000ccd5  __TI_decompress_rle24                                      
2000ccdb  xdc_runtime_System_Module_startup__E                       
2000cce1  ti_sysbios_family_arm_m3_Hwi_doTaskRestore__I              
2000cce9  HwiP_restore                                               
2000cce9  ti_sysbios_family_arm_m3_Hwi_restoreFxn__E                 
2000cce9  ti_sysbios_hal_Hwi_HwiProxy_restore__E                     
2000ccf1  ti_sysbios_gates_GateHwi_leave__E                          
2000ccf9  ti_sysbios_heaps_HeapMem_isBlocking__E                     
2000cd01  ti_sysbios_knl_Queue_Instance_init__E                      
2000cd09  ti_sysbios_knl_Swi_startup__E                              
2000cd11  ti_sysbios_family_arm_m3_Timer_getMaxTicks__E              
2000cd19  ti_sysbios_gates_GateHwi_query__E                          
2000cd19  xdc_runtime_Main_Module_GateProxy_query__E                 
2000cd19  xdc_runtime_System_Module_GateProxy_query__E               
2000cd21  ti_sysbios_BIOS_RtsGateProxy_query__E                      
2000cd21  ti_sysbios_gates_GateMutex_query__E                        
2000cd21  ti_sysbios_heaps_HeapMem_Module_GateProxy_query__E         
2000cd29  ti_sysbios_knl_Task_startup__E                             
2000cd31  ti_sysbios_gates_GateHwi_Instance_init__E                  
2000cd39  ti_sysbios_knl_Clock_logTick__E                            
2000d000  ti_sysbios_heaps_HeapMem_Instance_State_0_buf__A           
20011000  ti_sysbios_knl_Task_Instance_State_0_stack__A              
20011c00  xdc_runtime_SysMin_Module_State_0_outbuf__A                
20012000  ti_sysbios_family_arm_m3_Hwi_dispatchTable                 
2001230c  PowerCC3200_contextSave                                    
20012438  __CIOBUF_                                                  
20012558  SPICC3200DMAObjects                                        
200125d0  wiFiCC3200Objects                                          
20012634  SimpleLinkSpawnTaskHndl                                    
2001264c  simpleLink_mailbox                                         
20012650  RxIrqCnt                                                   
20012660  spiCC3200DMAscratchBuf                                     
20012668  root_ca_pem                                                
20012cdd  client_private_key_pem                                     
20013316  client_cert_pem                                            
20013797  ti_sysbios_knl_Clock_tickMode__C                           
20013940  spiCC3200DMAHWAttrs                                        
200139a8  SPICC3200DMA_fxnTable                                      
20013a08  ca_cert_path                                               
20013a15  client_cert_path                                           
20013a24  client_key_path                                            
20013a56  ti_sysbios_family_arm_m3_Hwi_Module__id__C                 
20013aa0  OpcodeTranslateTable                                       
20013adc  ti_sysbios_knl_Task_Object__PARAMS__C                      
20013b18  _SlActionLookupTable                                       
20013b50  _SlFsOpenCmdCtrl                                           
20013b54  _SlFsCloseCmdCtrl                                          
20013b58  _SlFsReadCmdCtrl                                           
20013b5c  _SlFsWriteCmdCtrl                                          
20013b60  _SlFsGetInfoCmdCtrl                                        
20013b64  _SlFsDeleteCmdCtrl                                         
20013b88  inPinTypes                                                 
20013b8e  outPinTypes                                                
20013b96  outPinStrengths                                            
20013bbc  ti_sysbios_knl_Mailbox_Object__PARAMS__C                   
20013bf0  ti_sysbios_family_arm_m3_Hwi_Object__PARAMS__C             
20013c4a  ti_sysbios_family_arm_m3_Timer_Module__id__C               
20013c4c  PowerCC3200_config                                         
20013c74  _SlNetAppStartCtrl                                         
20013c78  _SlNetAppStopCtrl                                          
20013c7c  _SlGetServiceListeCtrl                                     
20013c80  _SlRegisterServiceCtrl                                     
20013c84  _SlGetHostByServiceCtrl                                    
20013c88  _SlGetHostByNameCtrl                                       
20013c8c  _SlNetAppSetCmdCtrl                                        
20013c90  _SlNetAppSendTokenValueCmdCtrl                             
20013c94  _SlNetAppGetCmdCtrl                                        
20013c9c  ti_sysbios_heaps_HeapMem_Module__FXNS__C                   
20013cc4  SPI_config                                                 
20013ce8  RxMsgClassLUT                                              
20013d0c  ti_sysbios_gates_GateHwi_Module__FXNS__C                   
20013d30  ti_sysbios_gates_GateMutex_Module__FXNS__C                 
20013d54  ti_sysbios_heaps_HeapMem_Object__PARAMS__C                 
20013d78  ti_sysbios_knl_Semaphore_Object__PARAMS__C                 
20013d9c  xdc_runtime_Startup_sfxnTab__A                             
20013dc0  SPI_defaultParams                                          
20013de0  ti_sysbios_family_arm_m3_Hwi_Object__DESC__C               
20013e00  ti_sysbios_gates_GateHwi_Object__DESC__C                   
20013e20  ti_sysbios_gates_GateMutex_Object__DESC__C                 
20013e40  ti_sysbios_heaps_HeapMem_Object__DESC__C                   
20013e60  ti_sysbios_knl_Mailbox_Object__DESC__C                     
20013e80  ti_sysbios_knl_Queue_Object__DESC__C                       
20013ea0  ti_sysbios_knl_Semaphore_Object__DESC__C                   
20013ec0  ti_sysbios_knl_Task_Object__DESC__C                        
20013ee0  WiFi_config                                                
20013f10  ti_sysbios_gates_GateHwi_Object__PARAMS__C                 
20013f28  ti_sysbios_gates_GateMutex_Object__PARAMS__C               
20013f40  ti_sysbios_knl_Queue_Object__PARAMS__C                     
20013f58  GPIOCC3200_config                                          
20013f6c  xdc_runtime_Startup_sfxnRts__A                             
20013f7e  ti_sysbios_hal_Hwi_Module__id__C                           
20013f80  WiFiCC3200_fxnTable                                        
20013f90  WiFi_defaultParams                                         
20013f9c  xdc_runtime_Startup_firstFxns__A                           
20013fa8  StartResponseLUT                                           
20013fb0  ti_sysbios_family_arm_m3_Hwi_excHookFuncs__A               
20013fb8  ti_sysbios_knl_Idle_funcList__A                            
20013fc0  ti_sysbios_knl_Idle_funcList__C                            
20013fc8  xdc_runtime_Startup_firstFxns__C                           
20013fd0  xdc_runtime_Startup_lastFxns__C                            
20013fd8  ti_sysbios_family_arm_m3_Hwi_E_NMI__C                      
20013fdc  ti_sysbios_family_arm_m3_Hwi_E_alreadyDefined__C           
20013fe0  ti_sysbios_family_arm_m3_Hwi_E_busFault__C                 
20013fe4  ti_sysbios_family_arm_m3_Hwi_E_debugMon__C                 
20013fe8  ti_sysbios_family_arm_m3_Hwi_E_hardFault__C                
20013fec  ti_sysbios_family_arm_m3_Hwi_E_memFault__C                 
20013ff0  ti_sysbios_family_arm_m3_Hwi_E_noIsr__C                    
20013ff4  ti_sysbios_family_arm_m3_Hwi_E_reserved__C                 
20013ff8  ti_sysbios_family_arm_m3_Hwi_E_svCall__C                   
20013ffc  ti_sysbios_family_arm_m3_Hwi_E_usageFault__C               
20014000  ti_sysbios_family_arm_m3_Hwi_NUM_INTERRUPTS__C             
20014004  ti_sysbios_family_arm_m3_Hwi_Object__count__C              
20014008  ti_sysbios_family_arm_m3_Hwi_ccr__C                        
2001400c  ti_sysbios_family_arm_m3_Hwi_excHandlerFunc__C             
20014010  ti_sysbios_family_arm_m3_Hwi_excHookFuncs__C               
20014014  ti_sysbios_family_arm_m3_Hwi_nullIsrFunc__C                
20014018  ti_sysbios_family_arm_m3_Hwi_priGroup__C                   
2001401c  ti_sysbios_family_arm_m3_TaskSupport_stackAlignment__C     
20014020  ti_sysbios_family_arm_m3_Timer_E_cannotSupport__C          
20014024  ti_sysbios_family_arm_m3_Timer_startupNeeded__C            
20014028  ti_sysbios_gates_GateMutex_Instance_State_sem__O           
2001402c  ti_sysbios_hal_Hwi_E_stackOverflow__C                      
20014030  ti_sysbios_heaps_HeapMem_E_memory__C                       
20014034  ti_sysbios_heaps_HeapMem_Module__gateObj__C                
20014038  ti_sysbios_heaps_HeapMem_Object__count__C                  
2001403c  ti_sysbios_heaps_HeapMem_reqAlign__C                       
20014040  ti_sysbios_knl_Clock_Module_State_clockQ__O                
20014044  ti_sysbios_knl_Clock_tickPeriod__C                         
20014048  ti_sysbios_knl_Mailbox_Instance_State_dataQue__O           
2001404c  ti_sysbios_knl_Mailbox_Instance_State_dataSem__O           
20014050  ti_sysbios_knl_Mailbox_Instance_State_freeQue__O           
20014054  ti_sysbios_knl_Mailbox_Instance_State_freeSem__O           
20014058  ti_sysbios_knl_Mailbox_Object__count__C                    
2001405c  ti_sysbios_knl_Mailbox_maxTypeAlign__C                     
20014060  ti_sysbios_knl_Semaphore_Instance_State_pendQ__O           
20014064  ti_sysbios_knl_Swi_Object__count__C                        
20014068  ti_sysbios_knl_Task_E_spOutOfBounds__C                     
2001406c  ti_sysbios_knl_Task_E_stackOverflow__C                     
20014070  ti_sysbios_knl_Task_Module_State_inactiveQ__O              
20014074  ti_sysbios_knl_Task_Object__count__C                       
20014078  ti_sysbios_knl_Task_allBlockedFunc__C                      
2001407c  ti_sysbios_knl_Task_defaultStackHeap__C                    
20014080  ti_sysbios_knl_Task_defaultStackSize__C                    
20014084  ti_sysbios_knl_Task_numConstructedTasks__C                 
20014088  wiFiCC3200HWAttrs                                          
2001408c  xdc_runtime_Assert_E_assertFailed__C                       
20014090  xdc_runtime_Core_A_initializedParams__C                    
20014094  xdc_runtime_Core_Module__diagsEnabled__C                   
20014098  xdc_runtime_Core_Module__diagsIncluded__C                  
2001409c  xdc_runtime_Core_Module__diagsMask__C                      
200140a0  xdc_runtime_Error_E_memory__C                              
200140a4  xdc_runtime_Error_Module__diagsEnabled__C                  
200140a8  xdc_runtime_Error_Module__diagsIncluded__C                 
200140ac  xdc_runtime_Error_Module__diagsMask__C                     
200140b0  xdc_runtime_Error_Module__loggerFxn8__C                    
200140b4  xdc_runtime_Error_Module__loggerObj__C                     
200140b8  xdc_runtime_Error_policyFxn__C                             
200140bc  xdc_runtime_Error_raiseHook__C                             
200140c0  xdc_runtime_IGateProvider_Interface__BASE__C               
200140c4  xdc_runtime_IHeap_Interface__BASE__C                       
200140c8  xdc_runtime_IModule_Interface__BASE__C                     
200140cc  xdc_runtime_Log_L_error__C                                 
200140d0  xdc_runtime_Memory_defaultHeapInstance__C                  
200140d4  xdc_runtime_Startup_execImpl__C                            
200140d8  xdc_runtime_Startup_maxPasses__C                           
200140dc  xdc_runtime_Startup_sfxnRts__C                             
200140e0  xdc_runtime_Startup_sfxnTab__C                             
200140e4  xdc_runtime_SysMin_bufSize__C                              
200140e8  xdc_runtime_SysMin_outputFunc__C                           
200140ec  xdc_runtime_System_Module__gateObj__C                      
200140f0  xdc_runtime_System_abortFxn__C                             
200140f4  xdc_runtime_System_exitFxn__C                              
200140f8  xdc_runtime_System_extendFxn__C                            
200140fc  xdc_runtime_System_maxAtexitHandlers__C                    
20014100  xdc_runtime_Text_charTab__C                                
20014104  xdc_runtime_Text_nameEmpty__C                              
20014108  xdc_runtime_Text_nameStatic__C                             
2001410c  xdc_runtime_Text_nameUnknown__C                            
20014110  xdc_runtime_Text_nodeTab__A                                
20014114  xdc_runtime_Text_visitRopeFxn__C                           
20014118  ti_sysbios_heaps_HeapMem_Module__id__C                     
2001411a  ti_sysbios_knl_Task_Module__id__C                          
2001411c  xdc_runtime_Core_Module__id__C                             
2001411e  xdc_runtime_Error_Module__loggerDefined__C                 
20014120  xdc_runtime_Error_maxDepth__C                              
20014122  xdc_runtime_Memory_Module__id__C                           
20014124  xdc_runtime_SysMin_flushAtExit__C                          
20014126  xdc_runtime_Text_charCnt__C                                
20014128  xdc_runtime_Text_isLoaded__C                               
2001412a  xdc_runtime_Text_registryModsLastId__C                     
2001412c  xdc_runtime_Text_unnamedModsLastId__C                      
2001412e  ti_sysbios_knl_Clock_tickSource__C                         
2001412f  xdc_runtime_Error_policy__C                                
20014130  xdc_runtime_Text_charTab__A                                
20014134  ti_sysbios_family_arm_m3_Hwi_Module__root__V               
2001413c  ti_sysbios_family_arm_m3_Hwi_Object__table__V              
20014154  ti_sysbios_family_arm_m3_Hwi_Module_State_0_excActive__A   
20014158  ti_sysbios_family_arm_m3_Hwi_Module_State_0_excContext__A  
2001415c  ti_sysbios_family_arm_m3_Hwi_Module_State_0_excStack__A    
20014160  ti_sysbios_family_arm_m3_Timer_Module__root__V             
20014168  ti_sysbios_family_arm_m3_Timer_Module__state__V            
20014174  ti_sysbios_gates_GateHwi_Module__root__V                   
2001417c  ti_sysbios_gates_GateHwi_Object__table__V                  
20014180  ti_sysbios_gates_GateMutex_Module__root__V                 
20014188  ti_sysbios_hal_Hwi_Module__root__V                         
20014190  ti_sysbios_heaps_HeapMem_Module__root__V                   
20014198  ti_sysbios_heaps_HeapMem_Object__table__V                  
200141b0  ti_sysbios_knl_Clock_Module__root__V                       
200141b8  ti_sysbios_knl_Event_Module__root__V                       
200141c0  ti_sysbios_knl_Mailbox_Module__root__V                     
200141c8  ti_sysbios_knl_Queue_Module__root__V                       
200141d0  ti_sysbios_knl_Semaphore_Module__root__V                   
200141d8  ti_sysbios_knl_Swi_Module__root__V                         
200141e0  ti_sysbios_knl_Swi_Module__state__V                        
200141fc  ti_sysbios_knl_Task_Module__root__V                        
20014204  ti_sysbios_knl_Task_Module_State_0_readyQ__A               
20014224  ti_sysbios_knl_Task_Module_State_0_idleTask__A             
20014228  xdc_runtime_Error_Module__state__V                         
2001422c  xdc_runtime_Memory_Module__state__V                        
20014230  xdc_runtime_Registry_Module__state__V                      
20014238  xdc_runtime_Startup_Module__state__V                       
20014240  xdc_runtime_SysMin_Module__state__V                        
2001424c  xdc_runtime_System_Module_State_0_atexitHandlers__A        
20014254  xdc_runtime_System_Module__state__V                        
2001425c  xdc_runtime_Text_Module__state__V                          
20014264  __xdc__init__addr                                          
20014268  ti_sysbios_knl_Swi_Module_State_0_readyQ__A                
200142e8  PowerCC3200_module                                         
2001433c  ti_sysbios_knl_Task_Object__table__V                       
20014388  ti_sysbios_knl_Task_Module__state__V                       
200143cc  ti_sysbios_gates_GateMutex_Object__table__V                
20014404  ti_sysbios_family_arm_m3_Hwi_Module__state__V              
20014438  ti_sysbios_family_arm_m3_Timer_Object__table__V            
20014468  ti_sysbios_knl_Swi_Object__table__V                        
20014498  ti_sysbios_knl_Clock_Module__state__V                      
200144c4  ti_sysbios_BIOS_Module__state__V                           
200144e8  g_H2NSyncPattern                                           
200144f0  g_H2NCnysPattern                                           
200144f8  g_pCB                                                      
200144fc  pPingCallBackFunc                                          
20014500  gFirstCmdMode                                              
20014508  gpioPinConfigs                                             
20014514  gpioCallbackFunctions                                      
2001451c  deviceID                                                   
2001452c  pubtopName                                                 
20014530  deviceid_path                                              
2001453c  _lock                                                      
20014540  _unlock                                                    
20014544  __TI_cleanup_ptr                                           
20014548  __TI_dtors_ptr                                             
2001455c  main_func_sp                                               
20014560  __stack                                                    
20014960  __STACK_END                                                
20014960  __TI_static_base__                                         
20014c78  __TI_Handler_Table_Base                                    
20014c84  __TI_Handler_Table_Limit                                   
20014c90  __TI_CINIT_Base                                            
20014ca0  __TI_CINIT_Limit                                           
e000e000  ti_sysbios_family_arm_m3_Hwi_nvic                          
ffffffff  __binit__                                                  
ffffffff  __c_args__                                                 
ffffffff  binit                                                      
UNDEFED   SHT$$INIT_ARRAY$$Base                                      
UNDEFED   SHT$$INIT_ARRAY$$Limit                                     

[792 symbols]
